<html>
<body>
<pre>
<h1>µVision Build Log</h1>
<h2>Tool Versions:</h2>
IDE-Version: ¦ÌVision V5.42.0.0
Copyright (C) 2025 ARM Ltd and ARM Germany GmbH. All rights reserved.
License Information: qqqqqq qqq@qq.com, qqq, LIC=585FJ-UBAQ0-562Q2-957QI-PG193-HR7MG
 
Tool Versions:
Toolchain:       MDK-ARM Plus  Version: 5.42.0.0
Toolchain Path:  D:\Keil_v5\ARM\ARMCLANG\Bin
C Compiler:      ArmClang.exe V6.23
Assembler:       Armasm.exe V6.23
Linker/Locator:  ArmLink.exe V6.23
Library Manager: ArmAr.exe V6.23
Hex Converter:   FromElf.exe V6.23
CPU DLL:         
Dialog DLL:      
Target DLL:      CMSIS_AGDI_V8M.DLL V1.8.6.0
Dialog DLL:      TCM.DLL V1.56.6.0
 
<h2>Project:</h2>
E:\OneDrive\MCU_Program\Library\WeGui\WeGui_RGB\GD32E230\MDK-ARM\Project.uvprojx
Project File Date:  08/02/2025

<h2>Output:</h2>
*** Using Compiler 'V6.23', folder: 'D:\Keil_v5\ARM\ARMCLANG\Bin'
Rebuild target 'WeGui_RGB'
compiling gd32e23x_rcu.c...
compiling gd32e23x_i2c.c...
compiling gd32e23x_crc.c...
compiling gd32e23x_misc.c...
compiling system_gd32e23x.c...
compiling gd32e23x_dma.c...
compiling gd32e23x_spi.c...
compiling gd32e23x_syscfg.c...
compiling gd32e23x_it.c...
compiling systick.c...
compiling gd32e23x_adc.c...
compiling main.c...
compiling gd32e23x_usart.c...
compiling gd32e23x_gpio.c...
compiling gd32e23x_timer.c...
compiling gd32e230_lcd_soft_4spi_port.c...
assembling startup_gd32e23x.s...
compiling gd32e230_lcd_hard_4spi_port.c...
compiling gd32e230_lcd_soft_3spi_port.c...
compiling gd32e230_lcd_soft_i2c_port.c...
compiling gd32e230_lcd_hard_i2c_port.c...
compiling gd32e230_lcd_dma_4spi_port.c...
compiling gd32e230_wegui_6key_port.c...
compiling gd32e230_wegui_4key_port.c...
compiling lcd_res.c...
compiling gd32e230_lcd_other_port.c...
compiling sh1106.c...
compiling gd32e230_wegui_uart_port.c...
compiling sh1107.c...
compiling gc9a01.c...
compiling sh1108.c...
compiling lcd_driver.c...
compiling ssd1306.c...
compiling sh1115.c...
compiling ssd1309.c...
compiling ssd1312.c...
compiling ssd1315.c...
compiling ssd1327.c...
compiling st7735.c...
compiling st7789v3.c...
compiling user_wegui_menu.c...
compiling st7796s.c...
compiling st7789vw.c...
compiling lcd_wegui_menu_app.c...
compiling lcd_wegui_driver.c...
compiling lcd_wegui_tip.c...
compiling lcd_wegui_menu_mlist.c...
linking...
Program Size: Code=18534 RO-data=4626 RW-data=1936 ZI-data=2968  
".\Objects\Project.axf" - 0 Error(s), 0 Warning(s).

<h2>Software Packages used:</h2>

Package Vendor: ARM
                https://www.keil.com/pack/ARM.CMSIS.6.2.0.pack
                ARM::CMSIS@6.2.0
                CMSIS (Common Microcontroller Software Interface Standard)
   * Component: CORE Version: 6.1.1

Package Vendor: GigaDevice
                http://gd32mcu.com/data/documents/pack/GigaDevice.GD32E23x_DFP.2.3.2.pack
                GigaDevice::GD32E23x_DFP@2.3.2
                GigaDevice GD32E23x Series Device Support and Examples

<h2>Collection of Component include folders:</h2>
  ./RTE/_WeGui_RGB
  D:/Users/Administrator/AppData/Local/Arm/Packs/ARM/CMSIS/6.2.0/CMSIS/Core/Include
  D:/Users/Administrator/AppData/Local/Arm/Packs/GigaDevice/GD32E23x_DFP/2.3.2/Device/Include

<h2>Collection of Component Files used:</h2>

   * Component: ARM::CMSIS:CORE@6.1.1
Build Time Elapsed:  00:00:04
</pre>
</body>
</html>
