Component: Arm Compiler for Embedded 6.22 Tool: armlink [5ee90200]

==============================================================================

Section Cross References

    user_key.o(.ARM.exidx.text.Keysw_det) refers to user_key.o(.text.Keysw_det) for [Anonymous Symbol]
    user_key.o(.text.Key_Func_Init) refers to user_key.o(.bss.key_s1) for key_s1
    user_key.o(.text.Key_Func_Init) refers to user_key.o(.bss.key_s2) for key_s2
    user_key.o(.text.Key_Func_Init) refers to user_key.o(.bss.key_s3) for key_s3
    user_key.o(.text.Key_Func_Init) refers to user_key.o(.bss.key_s4) for key_s4
    user_key.o(.ARM.exidx.text.Key_Func_Init) refers to user_key.o(.text.Key_Func_Init) for [Anonymous Symbol]
    main.o(.text.GetMcuInfo) refers to main.o(.bss.McuInfo) for McuInfo
    main.o(.ARM.exidx.text.GetMcuInfo) refers to main.o(.text.GetMcuInfo) for [Anonymous Symbol]
    main.o(.text.TFT_display_loop_1) refers to tft_driver.o(.text.WE_TFT_Fill_Screen) for WE_TFT_Fill_Screen
    main.o(.text.TFT_display_loop_1) refers to tft_wegui.o(.text.WE_Buzzer_Loop_Func) for WE_Buzzer_Loop_Func
    main.o(.text.TFT_display_loop_1) refers to we_tft_app.o(.text.TFT_wegui_show_type1List) for TFT_wegui_show_type1List
    main.o(.text.TFT_display_loop_1) refers to tft_driver.o(.text.WE_TFT_Draw_Num_Fix_length) for WE_TFT_Draw_Num_Fix_length
    main.o(.text.TFT_display_loop_1) refers to tft_wegui.o(.text.Reflash_fps) for Reflash_fps
    main.o(.text.TFT_display_loop_1) refers to main.o(.bss.TFT_display_loop_1.lasttime_menu) for [Anonymous Symbol]
    main.o(.text.TFT_display_loop_1) refers to tft_wegui.o(.data.wegui) for wegui
    main.o(.text.TFT_display_loop_1) refers to tft_wegui.o(.bss.wegui_1ms_Tstick) for wegui_1ms_Tstick
    main.o(.text.TFT_display_loop_1) refers to tft_driver.o(.data.we_limit_keepin) for we_limit_keepin
    main.o(.ARM.exidx.text.TFT_display_loop_1) refers to main.o(.text.TFT_display_loop_1) for [Anonymous Symbol]
    main.o(.text.Key_ADC_Init) refers to gd32e23x_rcu.o(.text.rcu_periph_clock_enable) for rcu_periph_clock_enable
    main.o(.text.Key_ADC_Init) refers to gd32e23x_rcu.o(.text.rcu_adc_clock_config) for rcu_adc_clock_config
    main.o(.text.Key_ADC_Init) refers to gd32e23x_gpio.o(.text.gpio_mode_set) for gpio_mode_set
    main.o(.text.Key_ADC_Init) refers to gd32e23x_adc.o(.text.adc_special_function_config) for adc_special_function_config
    main.o(.text.Key_ADC_Init) refers to gd32e23x_adc.o(.text.adc_channel_length_config) for adc_channel_length_config
    main.o(.text.Key_ADC_Init) refers to gd32e23x_adc.o(.text.adc_regular_channel_config) for adc_regular_channel_config
    main.o(.text.Key_ADC_Init) refers to gd32e23x_adc.o(.text.adc_software_trigger_enable) for adc_software_trigger_enable
    main.o(.text.Key_ADC_Init) refers to gd32e23x_adc.o(.text.adc_data_alignment_config) for adc_data_alignment_config
    main.o(.text.Key_ADC_Init) refers to gd32e23x_adc.o(.text.adc_enable) for adc_enable
    main.o(.text.Key_ADC_Init) refers to gd32e23x_adc.o(.text.adc_calibration_enable) for adc_calibration_enable
    main.o(.ARM.exidx.text.Key_ADC_Init) refers to main.o(.text.Key_ADC_Init) for [Anonymous Symbol]
    main.o(.text.usart_init) refers to gd32e23x_rcu.o(.text.rcu_periph_clock_enable) for rcu_periph_clock_enable
    main.o(.text.usart_init) refers to gd32e23x_gpio.o(.text.gpio_af_set) for gpio_af_set
    main.o(.text.usart_init) refers to gd32e23x_gpio.o(.text.gpio_mode_set) for gpio_mode_set
    main.o(.text.usart_init) refers to gd32e23x_gpio.o(.text.gpio_output_options_set) for gpio_output_options_set
    main.o(.text.usart_init) refers to gd32e23x_usart.o(.text.usart_deinit) for usart_deinit
    main.o(.text.usart_init) refers to gd32e23x_usart.o(.text.usart_word_length_set) for usart_word_length_set
    main.o(.text.usart_init) refers to gd32e23x_usart.o(.text.usart_stop_bit_set) for usart_stop_bit_set
    main.o(.text.usart_init) refers to gd32e23x_usart.o(.text.usart_parity_config) for usart_parity_config
    main.o(.text.usart_init) refers to gd32e23x_usart.o(.text.usart_baudrate_set) for usart_baudrate_set
    main.o(.text.usart_init) refers to gd32e23x_usart.o(.text.usart_receive_config) for usart_receive_config
    main.o(.text.usart_init) refers to gd32e23x_usart.o(.text.usart_transmit_config) for usart_transmit_config
    main.o(.text.usart_init) refers to gd32e23x_usart.o(.text.usart_enable) for usart_enable
    main.o(.ARM.exidx.text.usart_init) refers to main.o(.text.usart_init) for [Anonymous Symbol]
    main.o(.text.ADC_Func) refers to gd32e23x_adc.o(.text.adc_regular_channel_config) for adc_regular_channel_config
    main.o(.text.ADC_Func) refers to gd32e23x_adc.o(.text.adc_software_trigger_enable) for adc_software_trigger_enable
    main.o(.text.ADC_Func) refers to gd32e23x_adc.o(.text.adc_flag_get) for adc_flag_get
    main.o(.text.ADC_Func) refers to gd32e23x_adc.o(.text.adc_flag_clear) for adc_flag_clear
[...]
    gd32e23x_it.c                            0x00000000   Number         0  gd32e23x_it.o ABSOLUTE
    gd32e23x_misc.c                          0x00000000   Number         0  gd32e23x_misc.o ABSOLUTE
    gd32e23x_pmu.c                           0x00000000   Number         0  gd32e23x_pmu.o ABSOLUTE
    gd32e23x_rcu.c                           0x00000000   Number         0  gd32e23x_rcu.o ABSOLUTE
    gd32e23x_rtc.c                           0x00000000   Number         0  gd32e23x_rtc.o ABSOLUTE
    gd32e23x_spi.c                           0x00000000   Number         0  gd32e23x_spi.o ABSOLUTE
    gd32e23x_syscfg.c                        0x00000000   Number         0  gd32e23x_syscfg.o ABSOLUTE
    gd32e23x_timer.c                         0x00000000   Number         0  gd32e23x_timer.o ABSOLUTE
    gd32e23x_usart.c                         0x00000000   Number         0  gd32e23x_usart.o ABSOLUTE
    gd32e23x_wwdgt.c                         0x00000000   Number         0  gd32e23x_wwdgt.o ABSOLUTE
    genrnal_TFT_ic.c                         0x00000000   Number         0  genrnal_tft_ic.o ABSOLUTE
    handlers.s                               0x00000000   Number         0  handlers.o ABSOLUTE
    init.s                                   0x00000000   Number         0  init.o ABSOLUTE
    main.c                                   0x00000000   Number         0  main.o ABSOLUTE
    system_gd32e23x.c                        0x00000000   Number         0  system_gd32e23x.o ABSOLUTE
    systick.c                                0x00000000   Number         0  systick.o ABSOLUTE
    wegui_menu_app.c                         0x00000000   Number         0  wegui_menu_app.o ABSOLUTE
    RESET                                    0x08000000   Section      204  startup_gd32e23x.o(RESET)
    .ARM.Collect$$$$00000000                 0x080000cc   Section        0  entry.o(.ARM.Collect$$$$00000000)
    .ARM.Collect$$$$00000001                 0x080000cc   Section        4  entry2.o(.ARM.Collect$$$$00000001)
    .ARM.Collect$$$$00000004                 0x080000d0   Section        4  entry5.o(.ARM.Collect$$$$00000004)
    .ARM.Collect$$$$00000008                 0x080000d4   Section        0  entry7b.o(.ARM.Collect$$$$00000008)
    .ARM.Collect$$$$0000000A                 0x080000d4   Section        0  entry8b.o(.ARM.Collect$$$$0000000A)
    .ARM.Collect$$$$0000000B                 0x080000d4   Section        8  entry9a.o(.ARM.Collect$$$$0000000B)
    __lit__00000000                          0x080000dc   Data           4  entry2.o(.ARM.Collect$$$$00002712)
    .ARM.Collect$$$$0000000D                 0x080000dc   Section        0  entry10a.o(.ARM.Collect$$$$0000000D)
    .ARM.Collect$$$$0000000F                 0x080000dc   Section        0  entry11a.o(.ARM.Collect$$$$0000000F)
    .ARM.Collect$$$$00002712                 0x080000dc   Section        4  entry2.o(.ARM.Collect$$$$00002712)
    .text                                    0x080000e0   Section       28  startup_gd32e23x.o(.text)
    .text                                    0x080000fc   Section        0  memcpya.o(.text)
    .text                                    0x08000120   Section       48  init.o(.text)
    .text                                    0x08000150   Section        0  __dczerorl2.o(.text)
    [Anonymous Symbol]                       0x080001a8   Section        0  main.o(.text.ADC_Func)
    __arm_cp.4_0                             0x080002dc   Number         4  main.o(.text.ADC_Func)
    __arm_cp.4_1                             0x080002e0   Number         4  main.o(.text.ADC_Func)
    __arm_cp.4_2                             0x080002e4   Number         4  main.o(.text.ADC_Func)
    __arm_cp.4_3                             0x080002e8   Number         4  main.o(.text.ADC_Func)
    __arm_cp.4_4                             0x080002ec   Number         4  main.o(.text.ADC_Func)
    [Anonymous Symbol]                       0x080002f0   Section        0  gd32e23x_it.o(.text.DMA_Channel3_4_IRQHandler)
    [Anonymous Symbol]                       0x08000300   Section        0  main.o(.text.GetMcuInfo)
    __arm_cp.0_0                             0x0800033c   Number         4  main.o(.text.GetMcuInfo)
    __arm_cp.0_1                             0x08000340   Number         4  main.o(.text.GetMcuInfo)
    __arm_cp.0_2                             0x08000344   Number         4  main.o(.text.GetMcuInfo)
    [Anonymous Symbol]                       0x08000348   Section        0  we_tft_app.o(.text.Get_submenu_num)
    [Anonymous Symbol]                       0x08000394   Section        0  gd32e23x_it.o(.text.HardFault_Handler)
    [Anonymous Symbol]                       0x08000398   Section        0  main.o(.text.Key_ADC_Init)
    __arm_cp.2_0                             0x08000404   Number         4  main.o(.text.Key_ADC_Init)
    __arm_cp.2_1                             0x08000408   Number         4  main.o(.text.Key_ADC_Init)
    __arm_cp.2_2                             0x0800040c   Number         4  main.o(.text.Key_ADC_Init)
    [Anonymous Symbol]                       0x08000410   Section        0  gd32e23x_it.o(.text.NMI_Handler)
    [Anonymous Symbol]                       0x08000414   Section        0  gd32e23x_it.o(.text.PendSV_Handler)
    [Anonymous Symbol]                       0x08000418   Section        0  we_tft_app.o(.text.Play_Cursor_GIF)
    __arm_cp.8_0                             0x0800064c   Number         4  we_tft_app.o(.text.Play_Cursor_GIF)
    __arm_cp.8_1                             0x08000650   Number         4  we_tft_app.o(.text.Play_Cursor_GIF)
    __arm_cp.8_2                             0x08000654   Number         4  we_tft_app.o(.text.Play_Cursor_GIF)
    __arm_cp.8_3                             0x08000658   Number         4  we_tft_app.o(.text.Play_Cursor_GIF)
    __arm_cp.8_4                             0x0800065c   Number         4  we_tft_app.o(.text.Play_Cursor_GIF)
    __arm_cp.8_6                             0x08000660   Number         4  we_tft_app.o(.text.Play_Cursor_GIF)
    [Anonymous Symbol]                       0x08000664   Section        0  tft_wegui.o(.text.Reflash_fps)
    __arm_cp.3_0                             0x08000720   Number         4  tft_wegui.o(.text.Reflash_fps)
    __arm_cp.3_1                             0x08000724   Number         4  tft_wegui.o(.text.Reflash_fps)
    __arm_cp.3_2                             0x08000728   Number         4  tft_wegui.o(.text.Reflash_fps)
    __arm_cp.3_3                             0x0800072c   Number         4  tft_wegui.o(.text.Reflash_fps)
    __arm_cp.3_4                             0x08000730   Number         4  tft_wegui.o(.text.Reflash_fps)
    [Anonymous Symbol]                       0x08000734   Section        0  gd32e23x_it.o(.text.SVC_Handler)
    [Anonymous Symbol]                       0x08000738   Section        0  tft_wegui.o(.text.Send_Buzzer)
    __arm_cp.11_0                            0x08000754   Number         4  tft_wegui.o(.text.Send_Buzzer)
    __arm_cp.11_1                            0x08000758   Number         4  tft_wegui.o(.text.Send_Buzzer)
    [Anonymous Symbol]                       0x0800075c   Section        0  tft_wegui.o(.text.Setting_Langauge_menu_begin_fun)
    __arm_cp.6_0                             0x08000790   Number         4  tft_wegui.o(.text.Setting_Langauge_menu_begin_fun)
    [Anonymous Symbol]                       0x08000794   Section        0  main.o(.text.Show_debug)
    __arm_cp.6_0                             0x080007e0   Number         4  main.o(.text.Show_debug)
    __arm_cp.6_1                             0x080007e4   Number         4  main.o(.text.Show_debug)
    __arm_cp.6_2                             0x080007e8   Number         4  main.o(.text.Show_debug)
    [Anonymous Symbol]                       0x080007ec   Section        0  uart.o(.text.Soft_Uart_Send_Hex_uint8_String)
    [Anonymous Symbol]                       0x0800085a   Section        0  uart.o(.text.Soft_Uart_Send_Num_uint16_String)
    [Anonymous Symbol]                       0x080008d8   Section        0  main.o(.text.Startup_Init)
    SysTick_Config                           0x080008e5   Thumb Code    64  systick.o(.text.SysTick_Config)
    [Anonymous Symbol]                       0x080008e4   Section        0  systick.o(.text.SysTick_Config)
    __arm_cp.1_0                             0x08000924   Number         4  systick.o(.text.SysTick_Config)
    __arm_cp.1_1                             0x08000928   Number         4  systick.o(.text.SysTick_Config)
    __arm_cp.1_2                             0x0800092c   Number         4  systick.o(.text.SysTick_Config)
    [Anonymous Symbol]                       0x08000930   Section        0  gd32e23x_it.o(.text.SysTick_Handler)
    __arm_cp.5_0                             0x08000944   Number         4  gd32e23x_it.o(.text.SysTick_Handler)
    [Anonymous Symbol]                       0x08000948   Section        0  system_gd32e23x.o(.text.SystemInit)
    __arm_cp.0_0                             0x08000a20   Number         4  system_gd32e23x.o(.text.SystemInit)
    __arm_cp.0_1                             0x08000a24   Number         4  system_gd32e23x.o(.text.SystemInit)
    __arm_cp.0_2                             0x08000a28   Number         4  system_gd32e23x.o(.text.SystemInit)
    __arm_cp.0_3                             0x08000a2c   Number         4  system_gd32e23x.o(.text.SystemInit)
    __arm_cp.0_4                             0x08000a30   Number         4  system_gd32e23x.o(.text.SystemInit)
    __arm_cp.0_5                             0x08000a34   Number         4  system_gd32e23x.o(.text.SystemInit)
    __arm_cp.0_6                             0x08000a38   Number         4  system_gd32e23x.o(.text.SystemInit)
    __arm_cp.0_7                             0x08000a3c   Number         4  system_gd32e23x.o(.text.SystemInit)
    __arm_cp.0_8                             0x08000a40   Number         4  system_gd32e23x.o(.text.SystemInit)
    [Anonymous Symbol]                       0x08000a44   Section        0  tft_port_gd32e230.o(.text.TFT_DMA_SPI_Int)
    __arm_cp.16_0                            0x08000b08   Number         4  tft_port_gd32e230.o(.text.TFT_DMA_SPI_Int)
    __arm_cp.16_2                            0x08000b0c   Number         4  tft_port_gd32e230.o(.text.TFT_DMA_SPI_Int)
    __arm_cp.16_5                            0x08000b10   Number         4  tft_port_gd32e230.o(.text.TFT_DMA_SPI_Int)
    __arm_cp.16_6                            0x08000b14   Number         4  tft_port_gd32e230.o(.text.TFT_DMA_SPI_Int)
    __arm_cp.16_7                            0x08000b18   Number         4  tft_port_gd32e230.o(.text.TFT_DMA_SPI_Int)
    __arm_cp.16_8                            0x08000b1c   Number         4  tft_port_gd32e230.o(.text.TFT_DMA_SPI_Int)
    [Anonymous Symbol]                       0x08000b20   Section        0  tft_driver.o(.text.TFT_DMA_SPI_Int_TASK_Func)
    __arm_cp.26_0                            0x08000bf8   Number         4  tft_driver.o(.text.TFT_DMA_SPI_Int_TASK_Func)
    __arm_cp.26_1                            0x08000bfc   Number         4  tft_driver.o(.text.TFT_DMA_SPI_Int_TASK_Func)
    __arm_cp.26_2                            0x08000c00   Number         4  tft_driver.o(.text.TFT_DMA_SPI_Int_TASK_Func)
    __arm_cp.26_3                            0x08000c04   Number         4  tft_driver.o(.text.TFT_DMA_SPI_Int_TASK_Func)
    [Anonymous Symbol]                       0x08000c08   Section        0  tft_port_gd32e230.o(.text.TFT_Dealy_ms)
    [Anonymous Symbol]                       0x08000c18   Section        0  gc9307c.o(.text.TFT_GC9307C_Init)
    __arm_cp.17_0                            0x08000cfc   Number         4  gc9307c.o(.text.TFT_GC9307C_Init)
    __arm_cp.17_1                            0x08000d00   Number         4  gc9307c.o(.text.TFT_GC9307C_Init)
    __arm_cp.17_2                            0x08000d04   Number         4  gc9307c.o(.text.TFT_GC9307C_Init)
    __arm_cp.17_3                            0x08000d08   Number         4  gc9307c.o(.text.TFT_GC9307C_Init)
    __arm_cp.17_4                            0x08000d0c   Number         4  gc9307c.o(.text.TFT_GC9307C_Init)
    __arm_cp.17_5                            0x08000d10   Number         4  gc9307c.o(.text.TFT_GC9307C_Init)
    __arm_cp.17_6                            0x08000d14   Number         4  gc9307c.o(.text.TFT_GC9307C_Init)
    __arm_cp.17_7                            0x08000d18   Number         4  gc9307c.o(.text.TFT_GC9307C_Init)
    __arm_cp.17_8                            0x08000d1c   Number         4  gc9307c.o(.text.TFT_GC9307C_Init)
    __arm_cp.17_9                            0x08000d20   Number         4  gc9307c.o(.text.TFT_GC9307C_Init)
    __arm_cp.17_10                           0x08000d24   Number         4  gc9307c.o(.text.TFT_GC9307C_Init)
    __arm_cp.17_11                           0x08000d28   Number         4  gc9307c.o(.text.TFT_GC9307C_Init)
    [Anonymous Symbol]                       0x08000d2c   Section        0  gc9307c.o(.text.TFT_GC9307C_Set_Addr)
    [Anonymous Symbol]                       0x08000dac   Section        0  gc9307c.o(.text.TFT_GC9307C_Set_RGB565_Mode)
    __arm_cp.14_0                            0x08000dc0   Number         4  gc9307c.o(.text.TFT_GC9307C_Set_RGB565_Mode)
    [Anonymous Symbol]                       0x08000dc4   Section        0  tft_driver.o(.text.TFT_IC_All_Pixel_Clear)
    __arm_cp.1_0                             0x08000e40   Number         4  tft_driver.o(.text.TFT_IC_All_Pixel_Clear)
    __arm_cp.1_1                             0x08000e44   Number         4  tft_driver.o(.text.TFT_IC_All_Pixel_Clear)
    __arm_cp.1_2                             0x08000e48   Number         4  tft_driver.o(.text.TFT_IC_All_Pixel_Clear)
    __arm_cp.1_3                             0x08000e4c   Number         4  tft_driver.o(.text.TFT_IC_All_Pixel_Clear)
    [Anonymous Symbol]                       0x08000e50   Section        0  tft_port_gd32e230.o(.text.TFT_SPI_16bit_Init)
    __arm_cp.4_2                             0x08000e74   Number         4  tft_port_gd32e230.o(.text.TFT_SPI_16bit_Init)
    [Anonymous Symbol]                       0x08000e78   Section        0  tft_port_gd32e230.o(.text.TFT_SPI_8bit_Init)
    __arm_cp.3_2                             0x08000e9c   Number         4  tft_port_gd32e230.o(.text.TFT_SPI_8bit_Init)
    [Anonymous Symbol]                       0x08000ea0   Section        0  tft_port_gd32e230.o(.text.TFT_SPI_DMA_Init)
    __arm_cp.11_0                            0x08000f4c   Number         4  tft_port_gd32e230.o(.text.TFT_SPI_DMA_Init)
    __arm_cp.11_1                            0x08000f50   Number         4  tft_port_gd32e230.o(.text.TFT_SPI_DMA_Init)
    __arm_cp.11_2                            0x08000f54   Number         4  tft_port_gd32e230.o(.text.TFT_SPI_DMA_Init)
    __arm_cp.11_3                            0x08000f58   Number         4  tft_port_gd32e230.o(.text.TFT_SPI_DMA_Init)
    __arm_cp.11_4                            0x08000f5c   Number         4  tft_port_gd32e230.o(.text.TFT_SPI_DMA_Init)
    __arm_cp.11_5                            0x08000f60   Number         4  tft_port_gd32e230.o(.text.TFT_SPI_DMA_Init)
    [Anonymous Symbol]                       0x08000f64   Section        0  tft_port_gd32e230.o(.text.TFT_SPI_DMA_MEM_DisINC_16bit_Init)
    [Anonymous Symbol]                       0x08000f88   Section        0  tft_port_gd32e230.o(.text.TFT_SPI_DMA_MEM_EnINC_16bit_Init)
    __arm_cp.6_1                             0x08000fac   Number         4  tft_port_gd32e230.o(.text.TFT_SPI_DMA_MEM_EnINC_16bit_Init)
    [Anonymous Symbol]                       0x08000fb0   Section        0  tft_port_gd32e230.o(.text.TFT_SPI_DMA_Send_data)
    __arm_cp.14_1                            0x0800101c   Number         4  tft_port_gd32e230.o(.text.TFT_SPI_DMA_Send_data)
    __arm_cp.14_2                            0x08001020   Number         4  tft_port_gd32e230.o(.text.TFT_SPI_DMA_Send_data)
    __arm_cp.14_3                            0x08001024   Number         4  tft_port_gd32e230.o(.text.TFT_SPI_DMA_Send_data)
    [Anonymous Symbol]                       0x08001028   Section        0  tft_port_gd32e230.o(.text.TFT_SPI_Send_CMD)
    __arm_cp.13_0                            0x080010bc   Number         4  tft_port_gd32e230.o(.text.TFT_SPI_Send_CMD)
    __arm_cp.13_1                            0x080010c0   Number         4  tft_port_gd32e230.o(.text.TFT_SPI_Send_CMD)
    __arm_cp.13_2                            0x080010c4   Number         4  tft_port_gd32e230.o(.text.TFT_SPI_Send_CMD)
    [Anonymous Symbol]                       0x080010c8   Section        0  tft_driver.o(.text.TFT_Set_Addr)
    [Anonymous Symbol]                       0x080010fc   Section        0  tft_port_gd32e230.o(.text.TFT_Soft_spi_Send)
    __arm_cp.1_0                             0x08001110   Number         4  tft_port_gd32e230.o(.text.TFT_Soft_spi_Send)
    [Anonymous Symbol]                       0x08001114   Section        0  main.o(.text.TFT_display_loop_1)
    __arm_cp.1_0                             0x080011b8   Number         4  main.o(.text.TFT_display_loop_1)
    __arm_cp.1_2                             0x080011bc   Number         4  main.o(.text.TFT_display_loop_1)
    __arm_cp.1_4                             0x080011c0   Number         4  main.o(.text.TFT_display_loop_1)
    [Anonymous Symbol]                       0x080011c4   Section        0  we_tft_app.o(.text.TFT_wegui_Interface_Back)
    [Anonymous Symbol]                       0x08001228   Section        0  we_tft_app.o(.text.TFT_wegui_show_type1List)
    __arm_cp.7_1                             0x08001450   Number         4  we_tft_app.o(.text.TFT_wegui_show_type1List)
    __arm_cp.7_2                             0x08001454   Number         4  we_tft_app.o(.text.TFT_wegui_show_type1List)
    __arm_cp.7_5                             0x08001458   Number         4  we_tft_app.o(.text.TFT_wegui_show_type1List)
    __arm_cp.7_6                             0x0800145c   Number         4  we_tft_app.o(.text.TFT_wegui_show_type1List)
    [Anonymous Symbol]                       0x08001460   Section        0  we_tft_app.o(.text.TFT_wegui_type1List_CurMenu_Init)
    __arm_cp.6_2                             0x08001474   Number         4  we_tft_app.o(.text.TFT_wegui_type1List_CurMenu_Init)
    [Anonymous Symbol]                       0x08001478   Section        0  we_tft_app.o(.text.TFT_wegui_type1List_Interface_Next)
    __arm_cp.4_0                             0x080014ac   Number         4  we_tft_app.o(.text.TFT_wegui_type1List_Interface_Next)
    [Anonymous Symbol]                       0x080014b0   Section        0  uart.o(.text.Uart_Send_String)
    [Anonymous Symbol]                       0x080014d4   Section        0  uart.o(.text.Uart_Send_data)
    __arm_cp.0_0                             0x080014fc   Number         4  uart.o(.text.Uart_Send_data)
    __arm_cp.0_1                             0x08001500   Number         4  uart.o(.text.Uart_Send_data)
    [Anonymous Symbol]                       0x08001504   Section        0  tft_wegui.o(.text.WE_Buzzer_Loop_Func)
    __arm_cp.9_0                             0x08001570   Number         4  tft_wegui.o(.text.WE_Buzzer_Loop_Func)
    __arm_cp.9_1                             0x08001574   Number         4  tft_wegui.o(.text.WE_Buzzer_Loop_Func)
    __arm_cp.9_2                             0x08001578   Number         4  tft_wegui.o(.text.WE_Buzzer_Loop_Func)
    [Anonymous Symbol]                       0x0800157c   Section        0  tft_driver.o(.text.WE_TFT_Draw_Ascii)
    __arm_cp.17_0                            0x080015c8   Number         4  tft_driver.o(.text.WE_TFT_Draw_Ascii)
    [Anonymous Symbol]                       0x080015cc   Section        0  tft_driver.o(.text.WE_TFT_Draw_Box)
    __arm_cp.8_0                             0x08001754   Number         4  tft_driver.o(.text.WE_TFT_Draw_Box)
    __arm_cp.8_1                             0x08001758   Number         4  tft_driver.o(.text.WE_TFT_Draw_Box)
    __arm_cp.8_2                             0x0800175c   Number         4  tft_driver.o(.text.WE_TFT_Draw_Box)
    __arm_cp.8_3                             0x08001760   Number         4  tft_driver.o(.text.WE_TFT_Draw_Box)
    [Anonymous Symbol]                       0x08001764   Section        0  tft_driver.o(.text.WE_TFT_Draw_Chinese)
    __arm_cp.18_0                            0x08001820   Number         4  tft_driver.o(.text.WE_TFT_Draw_Chinese)
    [Anonymous Symbol]                       0x08001824   Section        0  tft_driver.o(.text.WE_TFT_Draw_Num_Auto_length)
    __arm_cp.22_0                            0x080019d8   Number         4  tft_driver.o(.text.WE_TFT_Draw_Num_Auto_length)
    [Anonymous Symbol]                       0x080019dc   Section        0  tft_driver.o(.text.WE_TFT_Draw_Num_Fix_length)
    __arm_cp.21_0                            0x08001d14   Number         4  tft_driver.o(.text.WE_TFT_Draw_Num_Fix_length)
    __arm_cp.21_1                            0x08001d18   Number         4  tft_driver.o(.text.WE_TFT_Draw_Num_Fix_length)
    [Anonymous Symbol]                       0x08001d1c   Section        0  tft_driver.o(.text.WE_TFT_Draw_RBox)
    __arm_cp.10_0                            0x08001fd0   Number         4  tft_driver.o(.text.WE_TFT_Draw_RBox)
    __arm_cp.10_1                            0x08001fd4   Number         4  tft_driver.o(.text.WE_TFT_Draw_RBox)
    [Anonymous Symbol]                       0x08001fd8   Section        0  tft_driver.o(.text.WE_TFT_Draw_UTF8)
    __arm_cp.19_0                            0x0800221c   Number         4  tft_driver.o(.text.WE_TFT_Draw_UTF8)
    [Anonymous Symbol]                       0x08002220   Section        0  we_tft_app.o(.text.WE_TFT_Draw_UTF8_With_RBox)
    __arm_cp.1_0                             0x0800243c   Number         4  we_tft_app.o(.text.WE_TFT_Draw_UTF8_With_RBox)
    __arm_cp.1_1                             0x08002440   Number         4  we_tft_app.o(.text.WE_TFT_Draw_UTF8_With_RBox)
    __arm_cp.1_2                             0x08002444   Number         4  we_tft_app.o(.text.WE_TFT_Draw_UTF8_With_RBox)
    [Anonymous Symbol]                       0x08002448   Section        0  tft_driver.o(.text.WE_TFT_Draw_mcuRom_BMP_Picture)
    __arm_cp.11_0                            0x08002724   Number         4  tft_driver.o(.text.WE_TFT_Draw_mcuRom_BMP_Picture)
    __arm_cp.11_2                            0x08002728   Number         4  tft_driver.o(.text.WE_TFT_Draw_mcuRom_BMP_Picture)
    [Anonymous Symbol]                       0x0800272c   Section        0  tft_driver.o(.text.WE_TFT_Fill_Screen)
    __arm_cp.13_0                            0x0800277c   Number         4  tft_driver.o(.text.WE_TFT_Fill_Screen)
    [Anonymous Symbol]                       0x08002780   Section        0  tft_driver.o(.text.WE_TFT_Get_Num_XLen)
    [Anonymous Symbol]                       0x080027a8   Section        0  tft_driver.o(.text.WE_TFT_Get_Num_decbit)
    __arm_cp.4_0                             0x0800280c   Number         4  tft_driver.o(.text.WE_TFT_Get_Num_decbit)
    __arm_cp.4_1                             0x08002810   Number         4  tft_driver.o(.text.WE_TFT_Get_Num_decbit)
    [Anonymous Symbol]                       0x08002814   Section        0  tft_driver.o(.text.WE_TFT_Get_UTF8_XLen)
    __arm_cp.3_0                             0x080028d0   Number         4  tft_driver.o(.text.WE_TFT_Get_UTF8_XLen)
    [Anonymous Symbol]                       0x080028d4   Section        0  tft_driver.o(.text.WE_TFT_Init)
    __arm_cp.2_0                             0x080029a8   Number         4  tft_driver.o(.text.WE_TFT_Init)
    __arm_cp.2_1                             0x080029ac   Number         4  tft_driver.o(.text.WE_TFT_Init)
    __arm_cp.2_2                             0x080029b0   Number         4  tft_driver.o(.text.WE_TFT_Init)
    __arm_cp.2_3                             0x080029b4   Number         4  tft_driver.o(.text.WE_TFT_Init)
    __arm_cp.2_4                             0x080029b8   Number         4  tft_driver.o(.text.WE_TFT_Init)
    [Anonymous Symbol]                       0x080029bc   Section        0  tft_port_gd32e230.o(.text.Wait_Soft_spi_Done)
    __arm_cp.2_0                             0x080029d0   Number         4  tft_port_gd32e230.o(.text.Wait_Soft_spi_Done)
    [Anonymous Symbol]                       0x080029d4   Section        0  tft_wegui.o(.text.Wegui_1ms_Stick_Func)
    __arm_cp.0_0                             0x08002a04   Number         4  tft_wegui.o(.text.Wegui_1ms_Stick_Func)
    __arm_cp.0_1                             0x08002a08   Number         4  tft_wegui.o(.text.Wegui_1ms_Stick_Func)
    __arm_cp.0_2                             0x08002a0c   Number         4  tft_wegui.o(.text.Wegui_1ms_Stick_Func)
    __NVIC_EnableIRQ                         0x08002a11   Thumb Code    48  gd32e23x_misc.o(.text.__NVIC_EnableIRQ)
    [Anonymous Symbol]                       0x08002a10   Section        0  gd32e23x_misc.o(.text.__NVIC_EnableIRQ)
    __arm_cp.2_0                             0x08002a40   Number         4  gd32e23x_misc.o(.text.__NVIC_EnableIRQ)
    __NVIC_SetPriority                       0x08002a45   Thumb Code   124  systick.o(.text.__NVIC_SetPriority)
    [Anonymous Symbol]                       0x08002a44   Section        0  systick.o(.text.__NVIC_SetPriority)
    __NVIC_SetPriority                       0x08002ac1   Thumb Code   124  gd32e23x_misc.o(.text.__NVIC_SetPriority)
    [Anonymous Symbol]                       0x08002ac0   Section        0  gd32e23x_misc.o(.text.__NVIC_SetPriority)
    __arm_cp.1_0                             0x08002b3c   Number         4  gd32e23x_misc.o(.text.__NVIC_SetPriority)
    __arm_cp.1_1                             0x08002b40   Number         4  gd32e23x_misc.o(.text.__NVIC_SetPriority)
    [Anonymous Symbol]                       0x08002b44   Section        0  gd32e23x_adc.o(.text.adc_calibration_enable)
    [Anonymous Symbol]                       0x08002b7c   Section        0  gd32e23x_adc.o(.text.adc_channel_length_config)
    __arm_cp.11_0                            0x08002bdc   Number         4  gd32e23x_adc.o(.text.adc_channel_length_config)
    __arm_cp.11_1                            0x08002be0   Number         4  gd32e23x_adc.o(.text.adc_channel_length_config)
    [Anonymous Symbol]                       0x08002be4   Section        0  gd32e23x_adc.o(.text.adc_data_alignment_config)
    [Anonymous Symbol]                       0x08002c10   Section        0  gd32e23x_adc.o(.text.adc_enable)
    [Anonymous Symbol]                       0x08002c28   Section        0  gd32e23x_adc.o(.text.adc_flag_clear)
    [Anonymous Symbol]                       0x08002c3c   Section        0  gd32e23x_adc.o(.text.adc_flag_get)
    __arm_cp.20_0                            0x08002c64   Number         4  gd32e23x_adc.o(.text.adc_flag_get)
    [Anonymous Symbol]                       0x08002c68   Section        0  gd32e23x_adc.o(.text.adc_regular_channel_config)
    __arm_cp.12_0                            0x08002db0   Number         4  gd32e23x_adc.o(.text.adc_regular_channel_config)
    __arm_cp.12_1                            0x08002db4   Number         4  gd32e23x_adc.o(.text.adc_regular_channel_config)
    __arm_cp.12_2                            0x08002db8   Number         4  gd32e23x_adc.o(.text.adc_regular_channel_config)
    __arm_cp.12_3                            0x08002dbc   Number         4  gd32e23x_adc.o(.text.adc_regular_channel_config)
    __arm_cp.12_4                            0x08002dc0   Number         4  gd32e23x_adc.o(.text.adc_regular_channel_config)
    [Anonymous Symbol]                       0x08002dc4   Section        0  gd32e23x_adc.o(.text.adc_regular_data_read)
    __arm_cp.18_0                            0x08002dcc   Number         4  gd32e23x_adc.o(.text.adc_regular_data_read)
    [Anonymous Symbol]                       0x08002dd0   Section        0  gd32e23x_adc.o(.text.adc_software_trigger_enable)
    [Anonymous Symbol]                       0x08002e0c   Section        0  gd32e23x_adc.o(.text.adc_special_function_config)
    __arm_cp.9_0                             0x08002eb8   Number         4  gd32e23x_adc.o(.text.adc_special_function_config)
    __arm_cp.9_1                             0x08002ebc   Number         4  gd32e23x_adc.o(.text.adc_special_function_config)
    [Anonymous Symbol]                       0x08002ec0   Section        0  tft_wegui.o(.text.change_langauge)
    __arm_cp.5_0                             0x08002ed0   Number         4  tft_wegui.o(.text.change_langauge)
    [Anonymous Symbol]                       0x08002ed4   Section        0  tft_wegui.o(.text.change_langauge_to_Chinese)
    [Anonymous Symbol]                       0x08002ee2   Section        0  tft_wegui.o(.text.change_langauge_to_English)
    [Anonymous Symbol]                       0x08002ef0   Section        0  systick.o(.text.delay_decrement)
    [Anonymous Symbol]                       0x08002f04   Section        0  systick.o(.text.delay_ms)
    __arm_cp.3_0                             0x08002f20   Number         4  systick.o(.text.delay_ms)
    [Anonymous Symbol]                       0x08002f24   Section        0  gd32e23x_dma.o(.text.dma_channel_disable)
    [Anonymous Symbol]                       0x08002f40   Section        0  gd32e23x_dma.o(.text.dma_circulation_disable)
    [Anonymous Symbol]                       0x08002f5c   Section        0  gd32e23x_dma.o(.text.dma_deinit)
    [Anonymous Symbol]                       0x08002fb4   Section        0  gd32e23x_dma.o(.text.dma_init)
    __arm_cp.2_0                             0x080030c0   Number         4  gd32e23x_dma.o(.text.dma_init)
    __arm_cp.2_2                             0x080030c4   Number         4  gd32e23x_dma.o(.text.dma_init)
    [Anonymous Symbol]                       0x080030c8   Section        0  gd32e23x_dma.o(.text.dma_interrupt_enable)
    [Anonymous Symbol]                       0x080030e8   Section        0  gd32e23x_dma.o(.text.dma_interrupt_flag_clear)
    __arm_cp.24_0                            0x08003108   Number         4  gd32e23x_dma.o(.text.dma_interrupt_flag_clear)
    [Anonymous Symbol]                       0x0800310c   Section        0  gd32e23x_dma.o(.text.dma_memory_address_config)
    __arm_cp.10_0                            0x0800312c   Number         4  gd32e23x_dma.o(.text.dma_memory_address_config)
    [Anonymous Symbol]                       0x08003130   Section        0  gd32e23x_dma.o(.text.dma_memory_to_memory_disable)
    __arm_cp.7_0                             0x08003150   Number         4  gd32e23x_dma.o(.text.dma_memory_to_memory_disable)
    [Anonymous Symbol]                       0x08003154   Section        0  gd32e23x_gpio.o(.text.gpio_af_set)
    [Anonymous Symbol]                       0x08003214   Section        0  gd32e23x_gpio.o(.text.gpio_mode_set)
    [Anonymous Symbol]                       0x080032a2   Section        0  gd32e23x_gpio.o(.text.gpio_output_options_set)
    [Anonymous Symbol]                       0x0800332c   Section        0  main.o(.text.main)
    __arm_cp.7_0                             0x08003410   Number         4  main.o(.text.main)
    __arm_cp.7_1                             0x08003414   Number         4  main.o(.text.main)
    __arm_cp.7_2                             0x08003418   Number         4  main.o(.text.main)
    __arm_cp.7_3                             0x0800341c   Number         4  main.o(.text.main)
    __arm_cp.7_4                             0x08003420   Number         4  main.o(.text.main)
    __arm_cp.7_5                             0x08003424   Number         4  main.o(.text.main)
    __arm_cp.7_6                             0x08003428   Number         4  main.o(.text.main)
    __arm_cp.7_7                             0x0800342c   Number         4  main.o(.text.main)
    __arm_cp.7_8                             0x08003430   Number         4  main.o(.text.main)
    __arm_cp.7_9                             0x08003434   Number         4  main.o(.text.main)
    [Anonymous Symbol]                       0x08003438   Section        0  gd32e23x_misc.o(.text.nvic_irq_enable)
    [Anonymous Symbol]                       0x08003464   Section        0  gd32e23x_misc.o(.text.nvic_vector_table_set)
    __arm_cp.7_0                             0x08003480   Number         4  gd32e23x_misc.o(.text.nvic_vector_table_set)
    __arm_cp.7_1                             0x08003484   Number         4  gd32e23x_misc.o(.text.nvic_vector_table_set)
    [Anonymous Symbol]                       0x08003488   Section        0  gd32e23x_rcu.o(.text.rcu_adc_clock_config)
    __arm_cp.14_0                            0x08003608   Number         4  gd32e23x_rcu.o(.text.rcu_adc_clock_config)
    __arm_cp.14_1                            0x0800360c   Number         4  gd32e23x_rcu.o(.text.rcu_adc_clock_config)
    __arm_cp.14_2                            0x08003610   Number         4  gd32e23x_rcu.o(.text.rcu_adc_clock_config)
    [Anonymous Symbol]                       0x08003614   Section        0  gd32e23x_rcu.o(.text.rcu_clock_freq_get)
    __arm_cp.33_0                            0x080038e8   Number         4  gd32e23x_rcu.o(.text.rcu_clock_freq_get)
    __arm_cp.33_1                            0x080038ec   Number         4  gd32e23x_rcu.o(.text.rcu_clock_freq_get)
    __arm_cp.33_2                            0x080038f0   Number         4  gd32e23x_rcu.o(.text.rcu_clock_freq_get)
    __arm_cp.33_3                            0x080038f4   Number         4  gd32e23x_rcu.o(.text.rcu_clock_freq_get)
    __arm_cp.33_4                            0x080038f8   Number         4  gd32e23x_rcu.o(.text.rcu_clock_freq_get)
    __arm_cp.33_5                            0x080038fc   Number         4  gd32e23x_rcu.o(.text.rcu_clock_freq_get)
    __arm_cp.33_6                            0x08003900   Number         4  gd32e23x_rcu.o(.text.rcu_clock_freq_get)
    __arm_cp.33_7                            0x08003904   Number         4  gd32e23x_rcu.o(.text.rcu_clock_freq_get)
    __arm_cp.33_8                            0x08003908   Number         4  gd32e23x_rcu.o(.text.rcu_clock_freq_get)
    [Anonymous Symbol]                       0x0800390c   Section        0  gd32e23x_rcu.o(.text.rcu_periph_clock_enable)
    [Anonymous Symbol]                       0x08003930   Section        0  gd32e23x_rcu.o(.text.rcu_periph_reset_disable)
    [Anonymous Symbol]                       0x08003954   Section        0  gd32e23x_rcu.o(.text.rcu_periph_reset_enable)
    [Anonymous Symbol]                       0x08003978   Section        0  gd32e23x_spi.o(.text.spi_dma_enable)
    [Anonymous Symbol]                       0x080039a2   Section        0  gd32e23x_spi.o(.text.spi_enable)
    [Anonymous Symbol]                       0x080039b4   Section        0  gd32e23x_spi.o(.text.spi_init)
    __arm_cp.2_0                             0x08003ae4   Number         4  gd32e23x_spi.o(.text.spi_init)
    __arm_cp.2_1                             0x08003ae8   Number         4  gd32e23x_spi.o(.text.spi_init)
    system_clock_72m_irc8m                   0x08003aed   Thumb Code   204  system_gd32e23x.o(.text.system_clock_72m_irc8m)
    [Anonymous Symbol]                       0x08003aec   Section        0  system_gd32e23x.o(.text.system_clock_72m_irc8m)
    __arm_cp.3_0                             0x08003bb8   Number         4  system_gd32e23x.o(.text.system_clock_72m_irc8m)
    __arm_cp.3_1                             0x08003bbc   Number         4  system_gd32e23x.o(.text.system_clock_72m_irc8m)
    __arm_cp.3_2                             0x08003bc0   Number         4  system_gd32e23x.o(.text.system_clock_72m_irc8m)
    __arm_cp.3_3                             0x08003bc4   Number         4  system_gd32e23x.o(.text.system_clock_72m_irc8m)
    __arm_cp.3_4                             0x08003bc8   Number         4  system_gd32e23x.o(.text.system_clock_72m_irc8m)
    system_clock_config                      0x08003bcd   Thumb Code     8  system_gd32e23x.o(.text.system_clock_config)
    [Anonymous Symbol]                       0x08003bcc   Section        0  system_gd32e23x.o(.text.system_clock_config)
    [Anonymous Symbol]                       0x08003bd4   Section        0  systick.o(.text.systick_config)
    __arm_cp.0_0                             0x08003bf8   Number         4  systick.o(.text.systick_config)
    [Anonymous Symbol]                       0x08003bfc   Section        0  gd32e23x_usart.o(.text.usart_baudrate_set)
    __arm_cp.1_2                             0x08003ca8   Number         4  gd32e23x_usart.o(.text.usart_baudrate_set)
    [Anonymous Symbol]                       0x08003cac   Section        0  gd32e23x_usart.o(.text.usart_data_transmit)
    __arm_cp.18_0                            0x08003cc0   Number         4  gd32e23x_usart.o(.text.usart_data_transmit)
    [Anonymous Symbol]                       0x08003cc4   Section        0  gd32e23x_usart.o(.text.usart_deinit)
    __arm_cp.0_1                             0x08003d08   Number         4  gd32e23x_usart.o(.text.usart_deinit)
    __arm_cp.0_2                             0x08003d0c   Number         4  gd32e23x_usart.o(.text.usart_deinit)
    __arm_cp.0_3                             0x08003d10   Number         4  gd32e23x_usart.o(.text.usart_deinit)
    [Anonymous Symbol]                       0x08003d14   Section        0  gd32e23x_usart.o(.text.usart_enable)
    [Anonymous Symbol]                       0x08003d26   Section        0  gd32e23x_usart.o(.text.usart_flag_get)
    [Anonymous Symbol]                       0x08003d64   Section        0  main.o(.text.usart_init)
    __arm_cp.3_0                             0x08003e0c   Number         4  main.o(.text.usart_init)
    __arm_cp.3_1                             0x08003e10   Number         4  main.o(.text.usart_init)
    __arm_cp.3_2                             0x08003e14   Number         4  main.o(.text.usart_init)
    [Anonymous Symbol]                       0x08003e18   Section        0  gd32e23x_usart.o(.text.usart_parity_config)
    [Anonymous Symbol]                       0x08003e42   Section        0  gd32e23x_usart.o(.text.usart_receive_config)
    [Anonymous Symbol]                       0x08003e60   Section        0  gd32e23x_usart.o(.text.usart_stop_bit_set)
    [Anonymous Symbol]                       0x08003e8a   Section        0  gd32e23x_usart.o(.text.usart_transmit_config)
    [Anonymous Symbol]                       0x08003ea8   Section        0  gd32e23x_usart.o(.text.usart_word_length_set)
    [Anonymous Symbol]                       0x08003ed2   Section        0  tft_wegui.o(.text.wegui_get_string)
    i.__scatterload_copy                     0x08003f04   Section       14  handlers.o(i.__scatterload_copy)
    i.__scatterload_null                     0x08003f12   Section        2  handlers.o(i.__scatterload_null)
    i.__scatterload_zeroinit                 0x08003f14   Section       14  handlers.o(i.__scatterload_zeroinit)
    [Anonymous Symbol]                       0x08003f22   Section        0  we_tft_app.o(.rodata..L__const.Play_Cursor_GIF.bmp_gif_1)
    [Anonymous Symbol]                       0x0800406c   Section        0  tft_port_gd32e230.o(.rodata..L__const.TFT_SPI_DMA_Init.dma_init_struct)
    [Anonymous Symbol]                       0x08004088   Section        0  tft_port_gd32e230.o(.rodata..L__const.TFT_SPI_DMA_Init.spi_init_struct)
    [Anonymous Symbol]                       0x080072dc   Section        0  main.o(.rodata.str1.1)
    [Anonymous Symbol]                       0x08007359   Section        0  wegui_menu_app.o(.rodata.str1.1)
    WE_Buzzer_Loop_Func.bz_lastime_mode      0x20000004   Data           1  tft_wegui.o(.data.WE_Buzzer_Loop_Func.bz_lastime_mode)
    [Anonymous Symbol]                       0x20000004   Section        0  tft_wegui.o(.data.WE_Buzzer_Loop_Func.bz_lastime_mode)
    ADC_Func.adc_delay_check                 0x20000490   Data           1  main.o(.bss.ADC_Func.adc_delay_check)
    [Anonymous Symbol]                       0x20000490   Section        0  main.o(.bss.ADC_Func.adc_delay_check)
    ADC_Func.chanel_select                   0x20000491   Data           1  main.o(.bss.ADC_Func.chanel_select)
    [Anonymous Symbol]                       0x20000491   Section        0  main.o(.bss.ADC_Func.chanel_select)
    Play_Cursor_GIF.fp                       0x200004ac   Data           1  we_tft_app.o(.bss.Play_Cursor_GIF.fp)
    [Anonymous Symbol]                       0x200004ac   Section        0  we_tft_app.o(.bss.Play_Cursor_GIF.fp)
    Play_Cursor_GIF.lasttime_x               0x200004ae   Data           2  we_tft_app.o(.bss.Play_Cursor_GIF.lasttime_x)
    [Anonymous Symbol]                       0x200004ae   Section        0  we_tft_app.o(.bss.Play_Cursor_GIF.lasttime_x)
    Play_Cursor_GIF.lasttime_y               0x200004b0   Data           2  we_tft_app.o(.bss.Play_Cursor_GIF.lasttime_y)
    [Anonymous Symbol]                       0x200004b0   Section        0  we_tft_app.o(.bss.Play_Cursor_GIF.lasttime_y)
    Play_Cursor_GIF.time                     0x200004b2   Data           1  we_tft_app.o(.bss.Play_Cursor_GIF.time)
    [Anonymous Symbol]                       0x200004b2   Section        0  we_tft_app.o(.bss.Play_Cursor_GIF.time)
    Reflash_fps.Filt_count                   0x200004b3   Data           1  tft_wegui.o(.bss.Reflash_fps.Filt_count)
    [Anonymous Symbol]                       0x200004b3   Section        0  tft_wegui.o(.bss.Reflash_fps.Filt_count)
    Reflash_fps.fps_Filt_temp                0x200004b4   Data           2  tft_wegui.o(.bss.Reflash_fps.fps_Filt_temp)
    [Anonymous Symbol]                       0x200004b4   Section        0  tft_wegui.o(.bss.Reflash_fps.fps_Filt_temp)
    Reflash_fps.fps_filt_save                0x200004b6   Data           2  tft_wegui.o(.bss.Reflash_fps.fps_filt_save)
    [Anonymous Symbol]                       0x200004b6   Section        0  tft_wegui.o(.bss.Reflash_fps.fps_filt_save)
    Reflash_fps.period_ms_count              0x200004b8   Data           2  tft_wegui.o(.bss.Reflash_fps.period_ms_count)
    [Anonymous Symbol]                       0x200004b8   Section        0  tft_wegui.o(.bss.Reflash_fps.period_ms_count)
    TFT_display_loop_1.lasttime_menu         0x20000cbc   Data           4  main.o(.bss.TFT_display_loop_1.lasttime_menu)
    [Anonymous Symbol]                       0x20000cbc   Section        0  main.o(.bss.TFT_display_loop_1.lasttime_menu)
    TFT_wegui_show_type1List.play_delay      0x20000cc0   Data           2  we_tft_app.o(.bss.TFT_wegui_show_type1List.play_delay)
    [Anonymous Symbol]                       0x20000cc0   Section        0  we_tft_app.o(.bss.TFT_wegui_show_type1List.play_delay)
    delay                                    0x20000cc8   Data           4  systick.o(.bss.delay)
    [Anonymous Symbol]                       0x20000cc8   Section        0  systick.o(.bss.delay)
    dma_colour                               0x20000ccc   Data           4  tft_driver.o(.bss.dma_colour)
    [Anonymous Symbol]                       0x20000ccc   Section        0  tft_driver.o(.bss.dma_colour)
    main.split_task                          0x20000cd1   Data           1  main.o(.bss.main.split_task)
    [Anonymous Symbol]                       0x20000cd1   Section        0  main.o(.bss.main.split_task)
    we_buzzer_1ms_Tstick                     0x20000cd8   Data           2  tft_wegui.o(.bss.we_buzzer_1ms_Tstick)
    [Anonymous Symbol]                       0x20000cd8   Section        0  tft_wegui.o(.bss.we_buzzer_1ms_Tstick)
    STACK                                    0x20000dd0   Section     1024  startup_gd32e23x.o(STACK)

    Global Symbols

    Symbol Name                              Value     Ov Type        Size  Object(Section)

    BuildAttributes$$THM_ISAv3M$S$8M$PE$A:L22$X:L11$S22$IEEE1$IW$~IW$USESV6$~STKCKD$USESV7$~SHL$OSPACE$EBA8$MICROLIB$REQ8$PRES8$EABIv2 0x00000000   Number         0  anon$$obj.o ABSOLUTE
    __cpp_initialize__aeabi_                  - Undefined Weak Reference
    __cxa_finalize                            - Undefined Weak Reference
    _clock_init                               - Undefined Weak Reference
    _microlib_exit                            - Undefined Weak Reference
    __Vectors_Size                           0x000000cc   Number         0  startup_gd32e23x.o ABSOLUTE
    __Vectors                                0x08000000   Data           4  startup_gd32e23x.o(RESET)
    __Vectors_End                            0x080000cc   Data           0  startup_gd32e23x.o(RESET)
    __main                                   0x080000cd   Thumb Code     0  entry.o(.ARM.Collect$$$$00000000)
    _main_stk                                0x080000cd   Thumb Code     0  entry2.o(.ARM.Collect$$$$00000001)
    _main_scatterload                        0x080000d1   Thumb Code     0  entry5.o(.ARM.Collect$$$$00000004)
    __main_after_scatterload                 0x080000d5   Thumb Code     0  entry5.o(.ARM.Collect$$$$00000004)
    _main_clock                              0x080000d5   Thumb Code     0  entry7b.o(.ARM.Collect$$$$00000008)
    _main_cpp_init                           0x080000d5   Thumb Code     0  entry8b.o(.ARM.Collect$$$$0000000A)
    _main_init                               0x080000d5   Thumb Code     0  entry9a.o(.ARM.Collect$$$$0000000B)
    __rt_final_cpp                           0x080000dd   Thumb Code     0  entry10a.o(.ARM.Collect$$$$0000000D)
    __rt_final_exit                          0x080000dd   Thumb Code     0  entry11a.o(.ARM.Collect$$$$0000000F)
    Reset_Handler                            0x080000e1   Thumb Code     8  startup_gd32e23x.o(.text)
    ADC_CMP_IRQHandler                       0x080000f3   Thumb Code     0  startup_gd32e23x.o(.text)
    DMA_Channel0_IRQHandler                  0x080000f3   Thumb Code     0  startup_gd32e23x.o(.text)
    DMA_Channel1_2_IRQHandler                0x080000f3   Thumb Code     0  startup_gd32e23x.o(.text)
    EXTI0_1_IRQHandler                       0x080000f3   Thumb Code     0  startup_gd32e23x.o(.text)
    EXTI2_3_IRQHandler                       0x080000f3   Thumb Code     0  startup_gd32e23x.o(.text)
    EXTI4_15_IRQHandler                      0x080000f3   Thumb Code     0  startup_gd32e23x.o(.text)
    FMC_IRQHandler                           0x080000f3   Thumb Code     0  startup_gd32e23x.o(.text)
    I2C0_ER_IRQHandler                       0x080000f3   Thumb Code     0  startup_gd32e23x.o(.text)
    I2C0_EV_IRQHandler                       0x080000f3   Thumb Code     0  startup_gd32e23x.o(.text)
    I2C1_ER_IRQHandler                       0x080000f3   Thumb Code     0  startup_gd32e23x.o(.text)
    I2C1_EV_IRQHandler                       0x080000f3   Thumb Code     0  startup_gd32e23x.o(.text)
    LVD_IRQHandler                           0x080000f3   Thumb Code     0  startup_gd32e23x.o(.text)
    RCU_IRQHandler                           0x080000f3   Thumb Code     0  startup_gd32e23x.o(.text)
    RTC_IRQHandler                           0x080000f3   Thumb Code     0  startup_gd32e23x.o(.text)
    SPI0_IRQHandler                          0x080000f3   Thumb Code     0  startup_gd32e23x.o(.text)
    SPI1_IRQHandler                          0x080000f3   Thumb Code     0  startup_gd32e23x.o(.text)
    TIMER0_BRK_UP_TRG_COM_IRQHandler         0x080000f3   Thumb Code     0  startup_gd32e23x.o(.text)
    TIMER0_Channel_IRQHandler                0x080000f3   Thumb Code     0  startup_gd32e23x.o(.text)
    TIMER13_IRQHandler                       0x080000f3   Thumb Code     0  startup_gd32e23x.o(.text)
    TIMER14_IRQHandler                       0x080000f3   Thumb Code     0  startup_gd32e23x.o(.text)
    TIMER15_IRQHandler                       0x080000f3   Thumb Code     0  startup_gd32e23x.o(.text)
    TIMER16_IRQHandler                       0x080000f3   Thumb Code     0  startup_gd32e23x.o(.text)
    TIMER2_IRQHandler                        0x080000f3   Thumb Code     0  startup_gd32e23x.o(.text)
    TIMER5_IRQHandler                        0x080000f3   Thumb Code     0  startup_gd32e23x.o(.text)
    USART0_IRQHandler                        0x080000f3   Thumb Code     0  startup_gd32e23x.o(.text)
    USART1_IRQHandler                        0x080000f3   Thumb Code     0  startup_gd32e23x.o(.text)
    WWDGT_IRQHandler                         0x080000f3   Thumb Code     0  startup_gd32e23x.o(.text)
    __aeabi_memcpy                           0x080000fd   Thumb Code    36  memcpya.o(.text)
    __aeabi_memcpy4                          0x080000fd   Thumb Code     0  memcpya.o(.text)
    __aeabi_memcpy8                          0x080000fd   Thumb Code     0  memcpya.o(.text)
    __scatterload                            0x08000121   Thumb Code    38  init.o(.text)
    __scatterload_rt2                        0x08000121   Thumb Code     0  init.o(.text)
    __decompress                             0x08000151   Thumb Code     0  __dczerorl2.o(.text)
    __decompress1                            0x08000151   Thumb Code    86  __dczerorl2.o(.text)
    ADC_Func                                 0x080001a9   Thumb Code   308  main.o(.text.ADC_Func)
    DMA_Channel3_4_IRQHandler                0x080002f1   Thumb Code    16  gd32e23x_it.o(.text.DMA_Channel3_4_IRQHandler)
    GetMcuInfo                               0x08000301   Thumb Code    60  main.o(.text.GetMcuInfo)
    Get_submenu_num                          0x08000349   Thumb Code    76  we_tft_app.o(.text.Get_submenu_num)
    HardFault_Handler                        0x08000395   Thumb Code     4  gd32e23x_it.o(.text.HardFault_Handler)
    Key_ADC_Init                             0x08000399   Thumb Code   108  main.o(.text.Key_ADC_Init)
    NMI_Handler                              0x08000411   Thumb Code     4  gd32e23x_it.o(.text.NMI_Handler)
    PendSV_Handler                           0x08000415   Thumb Code     4  gd32e23x_it.o(.text.PendSV_Handler)
    Play_Cursor_GIF                          0x08000419   Thumb Code   564  we_tft_app.o(.text.Play_Cursor_GIF)
    Reflash_fps                              0x08000665   Thumb Code   188  tft_wegui.o(.text.Reflash_fps)
    SVC_Handler                              0x08000735   Thumb Code     4  gd32e23x_it.o(.text.SVC_Handler)
    Send_Buzzer                              0x08000739   Thumb Code    28  tft_wegui.o(.text.Send_Buzzer)
    Setting_Langauge_menu_begin_fun          0x0800075d   Thumb Code    52  tft_wegui.o(.text.Setting_Langauge_menu_begin_fun)
    Show_debug                               0x08000795   Thumb Code    76  main.o(.text.Show_debug)
    Soft_Uart_Send_Hex_uint8_String          0x080007ed   Thumb Code   110  uart.o(.text.Soft_Uart_Send_Hex_uint8_String)
    Soft_Uart_Send_Num_uint16_String         0x0800085b   Thumb Code   126  uart.o(.text.Soft_Uart_Send_Num_uint16_String)
    Startup_Init                             0x080008d9   Thumb Code    12  main.o(.text.Startup_Init)
    SysTick_Handler                          0x08000931   Thumb Code    20  gd32e23x_it.o(.text.SysTick_Handler)
    SystemInit                               0x08000949   Thumb Code   216  system_gd32e23x.o(.text.SystemInit)
    TFT_DMA_SPI_Int                          0x08000a45   Thumb Code   196  tft_port_gd32e230.o(.text.TFT_DMA_SPI_Int)
    TFT_DMA_SPI_Int_TASK_Func                0x08000b21   Thumb Code   216  tft_driver.o(.text.TFT_DMA_SPI_Int_TASK_Func)
    TFT_Dealy_ms                             0x08000c09   Thumb Code    16  tft_port_gd32e230.o(.text.TFT_Dealy_ms)
    TFT_GC9307C_Init                         0x08000c19   Thumb Code   228  gc9307c.o(.text.TFT_GC9307C_Init)
    TFT_GC9307C_Set_Addr                     0x08000d2d   Thumb Code   128  gc9307c.o(.text.TFT_GC9307C_Set_Addr)
    TFT_GC9307C_Set_RGB565_Mode              0x08000dad   Thumb Code    20  gc9307c.o(.text.TFT_GC9307C_Set_RGB565_Mode)
    TFT_IC_All_Pixel_Clear                   0x08000dc5   Thumb Code   124  tft_driver.o(.text.TFT_IC_All_Pixel_Clear)
    TFT_SPI_16bit_Init                       0x08000e51   Thumb Code    36  tft_port_gd32e230.o(.text.TFT_SPI_16bit_Init)
    TFT_SPI_8bit_Init                        0x08000e79   Thumb Code    36  tft_port_gd32e230.o(.text.TFT_SPI_8bit_Init)
    TFT_SPI_DMA_Init                         0x08000ea1   Thumb Code   172  tft_port_gd32e230.o(.text.TFT_SPI_DMA_Init)
    TFT_SPI_DMA_MEM_DisINC_16bit_Init        0x08000f65   Thumb Code    36  tft_port_gd32e230.o(.text.TFT_SPI_DMA_MEM_DisINC_16bit_Init)
    TFT_SPI_DMA_MEM_EnINC_16bit_Init         0x08000f89   Thumb Code    36  tft_port_gd32e230.o(.text.TFT_SPI_DMA_MEM_EnINC_16bit_Init)
    TFT_SPI_DMA_Send_data                    0x08000fb1   Thumb Code   108  tft_port_gd32e230.o(.text.TFT_SPI_DMA_Send_data)
    TFT_SPI_Send_CMD                         0x08001029   Thumb Code   148  tft_port_gd32e230.o(.text.TFT_SPI_Send_CMD)
    TFT_Set_Addr                             0x080010c9   Thumb Code    52  tft_driver.o(.text.TFT_Set_Addr)
    TFT_Soft_spi_Send                        0x080010fd   Thumb Code    20  tft_port_gd32e230.o(.text.TFT_Soft_spi_Send)
    TFT_display_loop_1                       0x08001115   Thumb Code   164  main.o(.text.TFT_display_loop_1)
    TFT_wegui_Interface_Back                 0x080011c5   Thumb Code   100  we_tft_app.o(.text.TFT_wegui_Interface_Back)
    TFT_wegui_show_type1List                 0x08001229   Thumb Code   552  we_tft_app.o(.text.TFT_wegui_show_type1List)
    TFT_wegui_type1List_CurMenu_Init         0x08001461   Thumb Code    20  we_tft_app.o(.text.TFT_wegui_type1List_CurMenu_Init)
    TFT_wegui_type1List_Interface_Next       0x08001479   Thumb Code    52  we_tft_app.o(.text.TFT_wegui_type1List_Interface_Next)
    Uart_Send_String                         0x080014b1   Thumb Code    36  uart.o(.text.Uart_Send_String)
    Uart_Send_data                           0x080014d5   Thumb Code    40  uart.o(.text.Uart_Send_data)
    WE_Buzzer_Loop_Func                      0x08001505   Thumb Code   108  tft_wegui.o(.text.WE_Buzzer_Loop_Func)
    WE_TFT_Draw_Ascii                        0x0800157d   Thumb Code    76  tft_driver.o(.text.WE_TFT_Draw_Ascii)
    WE_TFT_Draw_Box                          0x080015cd   Thumb Code   392  tft_driver.o(.text.WE_TFT_Draw_Box)
    WE_TFT_Draw_Chinese                      0x08001765   Thumb Code   188  tft_driver.o(.text.WE_TFT_Draw_Chinese)
    WE_TFT_Draw_Num_Auto_length              0x08001825   Thumb Code   436  tft_driver.o(.text.WE_TFT_Draw_Num_Auto_length)
    WE_TFT_Draw_Num_Fix_length               0x080019dd   Thumb Code   824  tft_driver.o(.text.WE_TFT_Draw_Num_Fix_length)
    WE_TFT_Draw_RBox                         0x08001d1d   Thumb Code   692  tft_driver.o(.text.WE_TFT_Draw_RBox)
    WE_TFT_Draw_UTF8                         0x08001fd9   Thumb Code   580  tft_driver.o(.text.WE_TFT_Draw_UTF8)
    WE_TFT_Draw_UTF8_With_RBox               0x08002221   Thumb Code   540  we_tft_app.o(.text.WE_TFT_Draw_UTF8_With_RBox)
    WE_TFT_Draw_mcuRom_BMP_Picture           0x08002449   Thumb Code   732  tft_driver.o(.text.WE_TFT_Draw_mcuRom_BMP_Picture)
    WE_TFT_Fill_Screen                       0x0800272d   Thumb Code    80  tft_driver.o(.text.WE_TFT_Fill_Screen)
    WE_TFT_Get_Num_XLen                      0x08002781   Thumb Code    40  tft_driver.o(.text.WE_TFT_Get_Num_XLen)
    WE_TFT_Get_Num_decbit                    0x080027a9   Thumb Code   100  tft_driver.o(.text.WE_TFT_Get_Num_decbit)
    WE_TFT_Get_UTF8_XLen                     0x08002815   Thumb Code   188  tft_driver.o(.text.WE_TFT_Get_UTF8_XLen)
    WE_TFT_Init                              0x080028d5   Thumb Code   212  tft_driver.o(.text.WE_TFT_Init)
    Wait_Soft_spi_Done                       0x080029bd   Thumb Code    20  tft_port_gd32e230.o(.text.Wait_Soft_spi_Done)
    Wegui_1ms_Stick_Func                     0x080029d5   Thumb Code    48  tft_wegui.o(.text.Wegui_1ms_Stick_Func)
    adc_calibration_enable                   0x08002b45   Thumb Code    56  gd32e23x_adc.o(.text.adc_calibration_enable)
    adc_channel_length_config                0x08002b7d   Thumb Code    96  gd32e23x_adc.o(.text.adc_channel_length_config)
    adc_data_alignment_config                0x08002be5   Thumb Code    44  gd32e23x_adc.o(.text.adc_data_alignment_config)
    adc_enable                               0x08002c11   Thumb Code    24  gd32e23x_adc.o(.text.adc_enable)
    adc_flag_clear                           0x08002c29   Thumb Code    20  gd32e23x_adc.o(.text.adc_flag_clear)
    adc_flag_get                             0x08002c3d   Thumb Code    40  gd32e23x_adc.o(.text.adc_flag_get)
    adc_regular_channel_config               0x08002c69   Thumb Code   328  gd32e23x_adc.o(.text.adc_regular_channel_config)
    adc_regular_data_read                    0x08002dc5   Thumb Code     8  gd32e23x_adc.o(.text.adc_regular_data_read)
    adc_software_trigger_enable              0x08002dd1   Thumb Code    60  gd32e23x_adc.o(.text.adc_software_trigger_enable)
    adc_special_function_config              0x08002e0d   Thumb Code   172  gd32e23x_adc.o(.text.adc_special_function_config)
    change_langauge                          0x08002ec1   Thumb Code    16  tft_wegui.o(.text.change_langauge)
    change_langauge_to_Chinese               0x08002ed5   Thumb Code    14  tft_wegui.o(.text.change_langauge_to_Chinese)
    change_langauge_to_English               0x08002ee3   Thumb Code    14  tft_wegui.o(.text.change_langauge_to_English)
    delay_decrement                          0x08002ef1   Thumb Code    20  systick.o(.text.delay_decrement)
    delay_ms                                 0x08002f05   Thumb Code    28  systick.o(.text.delay_ms)
    dma_channel_disable                      0x08002f25   Thumb Code    28  gd32e23x_dma.o(.text.dma_channel_disable)
    dma_circulation_disable                  0x08002f41   Thumb Code    28  gd32e23x_dma.o(.text.dma_circulation_disable)
    dma_deinit                               0x08002f5d   Thumb Code    88  gd32e23x_dma.o(.text.dma_deinit)
    dma_init                                 0x08002fb5   Thumb Code   268  gd32e23x_dma.o(.text.dma_init)
    dma_interrupt_enable                     0x080030c9   Thumb Code    32  gd32e23x_dma.o(.text.dma_interrupt_enable)
    dma_interrupt_flag_clear                 0x080030e9   Thumb Code    32  gd32e23x_dma.o(.text.dma_interrupt_flag_clear)
    dma_memory_address_config                0x0800310d   Thumb Code    32  gd32e23x_dma.o(.text.dma_memory_address_config)
    dma_memory_to_memory_disable             0x08003131   Thumb Code    32  gd32e23x_dma.o(.text.dma_memory_to_memory_disable)
    gpio_af_set                              0x08003155   Thumb Code   192  gd32e23x_gpio.o(.text.gpio_af_set)
    gpio_mode_set                            0x08003215   Thumb Code   142  gd32e23x_gpio.o(.text.gpio_mode_set)
    gpio_output_options_set                  0x080032a3   Thumb Code   138  gd32e23x_gpio.o(.text.gpio_output_options_set)
    main                                     0x0800332d   Thumb Code   228  main.o(.text.main)
    nvic_irq_enable                          0x08003439   Thumb Code    44  gd32e23x_misc.o(.text.nvic_irq_enable)
    nvic_vector_table_set                    0x08003465   Thumb Code    28  gd32e23x_misc.o(.text.nvic_vector_table_set)
    rcu_adc_clock_config                     0x08003489   Thumb Code   384  gd32e23x_rcu.o(.text.rcu_adc_clock_config)
    rcu_clock_freq_get                       0x08003615   Thumb Code   724  gd32e23x_rcu.o(.text.rcu_clock_freq_get)
    rcu_periph_clock_enable                  0x0800390d   Thumb Code    36  gd32e23x_rcu.o(.text.rcu_periph_clock_enable)
    rcu_periph_reset_disable                 0x08003931   Thumb Code    36  gd32e23x_rcu.o(.text.rcu_periph_reset_disable)
    rcu_periph_reset_enable                  0x08003955   Thumb Code    36  gd32e23x_rcu.o(.text.rcu_periph_reset_enable)
    spi_dma_enable                           0x08003979   Thumb Code    42  gd32e23x_spi.o(.text.spi_dma_enable)
    spi_enable                               0x080039a3   Thumb Code    18  gd32e23x_spi.o(.text.spi_enable)
    spi_init                                 0x080039b5   Thumb Code   304  gd32e23x_spi.o(.text.spi_init)
    systick_config                           0x08003bd5   Thumb Code    36  systick.o(.text.systick_config)
    usart_baudrate_set                       0x08003bfd   Thumb Code   172  gd32e23x_usart.o(.text.usart_baudrate_set)
    usart_data_transmit                      0x08003cad   Thumb Code    20  gd32e23x_usart.o(.text.usart_data_transmit)
    usart_deinit                             0x08003cc5   Thumb Code    68  gd32e23x_usart.o(.text.usart_deinit)
    usart_enable                             0x08003d15   Thumb Code    18  gd32e23x_usart.o(.text.usart_enable)
    usart_flag_get                           0x08003d27   Thumb Code    60  gd32e23x_usart.o(.text.usart_flag_get)
    usart_init                               0x08003d65   Thumb Code   168  main.o(.text.usart_init)
    usart_parity_config                      0x08003e19   Thumb Code    42  gd32e23x_usart.o(.text.usart_parity_config)
    usart_receive_config                     0x08003e43   Thumb Code    30  gd32e23x_usart.o(.text.usart_receive_config)
    usart_stop_bit_set                       0x08003e61   Thumb Code    42  gd32e23x_usart.o(.text.usart_stop_bit_set)
    usart_transmit_config                    0x08003e8b   Thumb Code    30  gd32e23x_usart.o(.text.usart_transmit_config)
    usart_word_length_set                    0x08003ea9   Thumb Code    42  gd32e23x_usart.o(.text.usart_word_length_set)
    wegui_get_string                         0x08003ed3   Thumb Code    50  tft_wegui.o(.text.wegui_get_string)
    __scatterload_copy                       0x08003f05   Thumb Code    14  handlers.o(i.__scatterload_copy)
    __scatterload_null                       0x08003f13   Thumb Code     2  handlers.o(i.__scatterload_null)
    __scatterload_zeroinit                   0x08003f15   Thumb Code    14  handlers.o(i.__scatterload_zeroinit)
    C12_bitmap                               0x080040a4   Data          24  tft_driver.o(.rodata.C12_bitmap)
    Poker_machine_HZ_SONGTI_32X32            0x080040bc   Data        6272  hz_songti.o(.rodata.Poker_machine_HZ_SONGTI_32X32)
    Poker_machine_HZ_SONGTI_32X32_Index      0x0800593c   Data          98  hz_songti.o(.rodata.Poker_machine_HZ_SONGTI_32X32_Index)
    VectorFonts_ASCII_16X32_Index            0x080059a0   Data         380  ascii_vector_fonts.o(.rodata.VectorFonts_ASCII_16X32_Index)
    fonts_ascii_SongTi_16x32                 0x08005b1c   Data        6080  ascii_songti.o(.rodata.fonts_ascii_SongTi_16x32)
    Region$$Table$$Base                      0x08007554   Number         0  anon$$obj.o(Region$$Table)
    Region$$Table$$Limit                     0x08007574   Number         0  anon$$obj.o(Region$$Table)
    SystemCoreClock                          0x20000000   Data           4  system_gd32e23x.o(.data.SystemCoreClock)
    m_Setting                                0x20000008   Data          68  wegui_menu_app.o(.data.m_Setting)
    m_Setting_About                          0x2000004c   Data          68  wegui_menu_app.o(.data.m_Setting_About)
    m_Setting_Gernal                         0x20000090   Data          68  wegui_menu_app.o(.data.m_Setting_Gernal)
    m_Setting_PlayMode                       0x200000d4   Data          68  wegui_menu_app.o(.data.m_Setting_PlayMode)
    m_Setting_PlayMode_Radom                 0x20000118   Data          68  wegui_menu_app.o(.data.m_Setting_PlayMode_Radom)
    m_Setting_PlayMode_Serial                0x2000015c   Data          68  wegui_menu_app.o(.data.m_Setting_PlayMode_Serial)
    m_Setting_PlayMode_dealtDir              0x200001a0   Data          68  wegui_menu_app.o(.data.m_Setting_PlayMode_dealtDir)
    m_Setting_PlayMode_dealtMode             0x200001e4   Data          68  wegui_menu_app.o(.data.m_Setting_PlayMode_dealtMode)
    m_Setting_System                         0x20000228   Data          68  wegui_menu_app.o(.data.m_Setting_System)
    m_Setting_System_Langauge                0x2000026c   Data          68  wegui_menu_app.o(.data.m_Setting_System_Langauge)
    m_Setting_System_Langauge_Chinese        0x200002b0   Data          68  wegui_menu_app.o(.data.m_Setting_System_Langauge_Chinese)
    m_Setting_System_Langauge_English        0x200002f4   Data          68  wegui_menu_app.o(.data.m_Setting_System_Langauge_English)
    m_Setting_System_Remote                  0x20000338   Data          68  wegui_menu_app.o(.data.m_Setting_System_Remote)
    m_Setting_System_Touch                   0x2000037c   Data          68  wegui_menu_app.o(.data.m_Setting_System_Touch)
    m_main                                   0x200003c0   Data          68  wegui_menu_app.o(.data.m_main)
    m_main_App1                              0x20000404   Data          68  wegui_menu_app.o(.data.m_main_App1)
    we_limit_keepin                          0x20000448   Data           8  tft_driver.o(.data.we_limit_keepin)
    wegui                                    0x20000450   Data          32  tft_wegui.o(.data.wegui)
    wegui_font                               0x20000470   Data          32  tft_wegui.o(.data.wegui_font)
    ADC_Value_Chanel_1                       0x20000492   Data           2  main.o(.bss.ADC_Value_Chanel_1)
    ADC_Value_Chanel_8                       0x20000494   Data           2  main.o(.bss.ADC_Value_Chanel_8)
    ADC_Value_Chanel_9                       0x20000496   Data           2  main.o(.bss.ADC_Value_Chanel_9)
    Buzzer_Mode                              0x20000498   Data           1  tft_wegui.o(.bss.Buzzer_Mode)
    McuInfo                                  0x2000049c   Data          16  main.o(.bss.McuInfo)
    TFT_CMD_num                              0x200004ba   Data           2  tft_driver.o(.bss.TFT_CMD_num)
    TFT_UI_RAM                               0x200004bc   Data        2048  tft_driver.o(.bss.TFT_UI_RAM)
    T_1ms                                    0x20000cc2   Data           2  main.o(.bss.T_1ms)
    b_TFT_dma_busy                           0x20000cc4   Data           1  tft_driver.o(.bss.b_TFT_dma_busy)
    dma_task                                 0x20000cd0   Data           1  tft_driver.o(.bss.dma_task)
    p_TFT_CMD                                0x20000cd4   Data           4  tft_driver.o(.bss.p_TFT_CMD)
    we_type1List_par                         0x20000cda   Data           4  we_tft_app.o(.bss.we_type1List_par)
    wegui_1ms_Tstick                         0x20000cde   Data           2  tft_wegui.o(.bss.wegui_1ms_Tstick)
    wegui_task                               0x20000ce0   Data         200  tft_driver.o(.bss.wegui_task)
    wegui_task_u8p                           0x20000da8   Data          40  tft_driver.o(.bss.wegui_task_u8p)
    __initial_sp                             0x200011d0   Data           0  startup_gd32e23x.o(STACK)



==============================================================================

Memory Map of the image

  Image Entry point : 0x080000cd

  Load Region LR_IROM1 (Base: 0x08000000, Size: 0x00007a08, Max: 0x00010000, ABSOLUTE, COMPRESSED[0x000076f0])

    Execution Region ER_IROM1 (Exec base: 0x08000000, Load base: 0x08000000, Size: 0x00007574, Max: 0x00010000, ABSOLUTE)

    Exec Addr    Load Addr    Size         Type   Attr      Idx    E Section Name        Object

    0x08000000   0x08000000   0x000000cc   Data   RO         1241    RESET               startup_gd32e23x.o
    0x080000cc   0x080000cc   0x00000000   Code   RO         1677  * .ARM.Collect$$$$00000000  mc_p.l(entry.o)
    0x080000cc   0x080000cc   0x00000004   Code   RO         1684    .ARM.Collect$$$$00000001  mc_p.l(entry2.o)
    0x080000d0   0x080000d0   0x00000004   Code   RO         1687    .ARM.Collect$$$$00000004  mc_p.l(entry5.o)
    0x080000d4   0x080000d4   0x00000000   Code   RO         1689    .ARM.Collect$$$$00000008  mc_p.l(entry7b.o)
    0x080000d4   0x080000d4   0x00000000   Code   RO         1691    .ARM.Collect$$$$0000000A  mc_p.l(entry8b.o)
    0x080000d4   0x080000d4   0x00000008   Code   RO         1692    .ARM.Collect$$$$0000000B  mc_p.l(entry9a.o)
    0x080000dc   0x080000dc   0x00000000   Code   RO         1694    .ARM.Collect$$$$0000000D  mc_p.l(entry10a.o)
    0x080000dc   0x080000dc   0x00000000   Code   RO         1696    .ARM.Collect$$$$0000000F  mc_p.l(entry11a.o)
    0x080000dc   0x080000dc   0x00000004   Code   RO         1685    .ARM.Collect$$$$00002712  mc_p.l(entry2.o)
    0x080000e0   0x080000e0   0x0000001c   Code   RO         1242    .text               startup_gd32e23x.o
    0x080000fc   0x080000fc   0x00000024   Code   RO         1680    .text               mc_p.l(memcpya.o)
    0x08000120   0x08000120   0x00000030   Code   RO         1698    .text               mc_p.l(init.o)
    0x08000150   0x08000150   0x00000056   Code   RO         1708    .text               mc_p.l(__dczerorl2.o)
    0x080001a6   0x080001a6   0x00000002   PAD
    0x080001a8   0x080001a8   0x00000148   Code   RO           25    .text.ADC_Func      main.o
    0x080002f0   0x080002f0   0x00000010   Code   RO           70    .text.DMA_Channel3_4_IRQHandler  gd32e23x_it.o
    0x08000300   0x08000300   0x00000048   Code   RO           17    .text.GetMcuInfo    main.o
    0x08000348   0x08000348   0x0000004c   Code   RO         1463    .text.Get_submenu_num  we_tft_app.o
    0x08000394   0x08000394   0x00000004   Code   RO           74    .text.HardFault_Handler  gd32e23x_it.o
    0x08000398   0x08000398   0x00000078   Code   RO           21    .text.Key_ADC_Init  main.o
    0x08000410   0x08000410   0x00000004   Code   RO           72    .text.NMI_Handler   gd32e23x_it.o
    0x08000414   0x08000414   0x00000004   Code   RO           78    .text.PendSV_Handler  gd32e23x_it.o
    0x08000418   0x08000418   0x0000024c   Code   RO         1479    .text.Play_Cursor_GIF  we_tft_app.o
    0x08000664   0x08000664   0x000000d0   Code   RO         1422    .text.Reflash_fps   tft_wegui.o
    0x08000734   0x08000734   0x00000004   Code   RO           76    .text.SVC_Handler   gd32e23x_it.o
    0x08000738   0x08000738   0x00000024   Code   RO         1438    .text.Send_Buzzer   tft_wegui.o
    0x0800075c   0x0800075c   0x00000038   Code   RO         1428    .text.Setting_Langauge_menu_begin_fun  tft_wegui.o
    0x08000794   0x08000794   0x00000058   Code   RO           29    .text.Show_debug    main.o
    0x080007ec   0x080007ec   0x0000006e   Code   RO           97    .text.Soft_Uart_Send_Hex_uint8_String  uart.o
    0x0800085a   0x0800085a   0x0000007e   Code   RO           93    .text.Soft_Uart_Send_Num_uint16_String  uart.o
    0x080008d8   0x080008d8   0x0000000c   Code   RO           27    .text.Startup_Init  main.o
    0x080008e4   0x080008e4   0x0000004c   Code   RO           54    .text.SysTick_Config  systick.o
    0x08000930   0x08000930   0x00000018   Code   RO           80    .text.SysTick_Handler  gd32e23x_it.o
    0x08000948   0x08000948   0x000000fc   Code   RO          108    .text.SystemInit    system_gd32e23x.o
    0x08000a44   0x08000a44   0x000000dc   Code   RO         1314    .text.TFT_DMA_SPI_Int  tft_port_gd32e230.o
    0x08000b20   0x08000b20   0x000000e8   Code   RO         1377    .text.TFT_DMA_SPI_Int_TASK_Func  tft_driver.o
    0x08000c08   0x08000c08   0x00000010   Code   RO         1282    .text.TFT_Dealy_ms  tft_port_gd32e230.o
    0x08000c18   0x08000c18   0x00000114   Code   RO         1570    .text.TFT_GC9307C_Init  gc9307c.o
    0x08000d2c   0x08000d2c   0x00000080   Code   RO         1536    .text.TFT_GC9307C_Set_Addr  gc9307c.o
    0x08000dac   0x08000dac   0x00000018   Code   RO         1564    .text.TFT_GC9307C_Set_RGB565_Mode  gc9307c.o
    0x08000dc4   0x08000dc4   0x0000008c   Code   RO         1327    .text.TFT_IC_All_Pixel_Clear  tft_driver.o
    0x08000e50   0x08000e50   0x00000028   Code   RO         1290    .text.TFT_SPI_16bit_Init  tft_port_gd32e230.o
    0x08000e78   0x08000e78   0x00000028   Code   RO         1288    .text.TFT_SPI_8bit_Init  tft_port_gd32e230.o
    0x08000ea0   0x08000ea0   0x000000c4   Code   RO         1304    .text.TFT_SPI_DMA_Init  tft_port_gd32e230.o
    0x08000f64   0x08000f64   0x00000024   Code   RO         1292    .text.TFT_SPI_DMA_MEM_DisINC_16bit_Init  tft_port_gd32e230.o
    0x08000f88   0x08000f88   0x00000028   Code   RO         1294    .text.TFT_SPI_DMA_MEM_EnINC_16bit_Init  tft_port_gd32e230.o
    0x08000fb0   0x08000fb0   0x00000078   Code   RO         1310    .text.TFT_SPI_DMA_Send_data  tft_port_gd32e230.o
    0x08001028   0x08001028   0x000000a0   Code   RO         1308    .text.TFT_SPI_Send_CMD  tft_port_gd32e230.o
    0x080010c8   0x080010c8   0x00000034   Code   RO         1325    .text.TFT_Set_Addr  tft_driver.o
    0x080010fc   0x080010fc   0x00000018   Code   RO         1284    .text.TFT_Soft_spi_Send  tft_port_gd32e230.o
    0x08001114   0x08001114   0x000000b0   Code   RO           19    .text.TFT_display_loop_1  main.o
    0x080011c4   0x080011c4   0x00000064   Code   RO         1467    .text.TFT_wegui_Interface_Back  we_tft_app.o
    0x08001228   0x08001228   0x00000238   Code   RO         1477    .text.TFT_wegui_show_type1List  we_tft_app.o
    0x08001460   0x08001460   0x00000018   Code   RO         1475    .text.TFT_wegui_type1List_CurMenu_Init  we_tft_app.o
    0x08001478   0x08001478   0x00000038   Code   RO         1471    .text.TFT_wegui_type1List_Interface_Next  we_tft_app.o
    0x080014b0   0x080014b0   0x00000024   Code   RO           91    .text.Uart_Send_String  uart.o
    0x080014d4   0x080014d4   0x00000030   Code   RO           89    .text.Uart_Send_data  uart.o
    0x08001504   0x08001504   0x00000078   Code   RO         1434    .text.WE_Buzzer_Loop_Func  tft_wegui.o
    0x0800157c   0x0800157c   0x00000050   Code   RO         1359    .text.WE_TFT_Draw_Ascii  tft_driver.o
    0x080015cc   0x080015cc   0x00000198   Code   RO         1341    .text.WE_TFT_Draw_Box  tft_driver.o
    0x08001764   0x08001764   0x000000c0   Code   RO         1361    .text.WE_TFT_Draw_Chinese  tft_driver.o
    0x08001824   0x08001824   0x000001b8   Code   RO         1369    .text.WE_TFT_Draw_Num_Auto_length  tft_driver.o
    0x080019dc   0x080019dc   0x00000340   Code   RO         1367    .text.WE_TFT_Draw_Num_Fix_length  tft_driver.o
    0x08001d1c   0x08001d1c   0x000002bc   Code   RO         1345    .text.WE_TFT_Draw_RBox  tft_driver.o
    0x08001fd8   0x08001fd8   0x00000248   Code   RO         1363    .text.WE_TFT_Draw_UTF8  tft_driver.o
    0x08002220   0x08002220   0x00000228   Code   RO         1465    .text.WE_TFT_Draw_UTF8_With_RBox  we_tft_app.o
    0x08002448   0x08002448   0x000002e4   Code   RO         1347    .text.WE_TFT_Draw_mcuRom_BMP_Picture  tft_driver.o
    0x0800272c   0x0800272c   0x00000054   Code   RO         1351    .text.WE_TFT_Fill_Screen  tft_driver.o
    0x08002780   0x08002780   0x00000028   Code   RO         1335    .text.WE_TFT_Get_Num_XLen  tft_driver.o
    0x080027a8   0x080027a8   0x0000006c   Code   RO         1333    .text.WE_TFT_Get_Num_decbit  tft_driver.o
    0x08002814   0x08002814   0x000000c0   Code   RO         1331    .text.WE_TFT_Get_UTF8_XLen  tft_driver.o
    0x080028d4   0x080028d4   0x000000e8   Code   RO         1329    .text.WE_TFT_Init   tft_driver.o
    0x080029bc   0x080029bc   0x00000018   Code   RO         1286    .text.Wait_Soft_spi_Done  tft_port_gd32e230.o
    0x080029d4   0x080029d4   0x0000003c   Code   RO         1416    .text.Wegui_1ms_Stick_Func  tft_wegui.o
    0x08002a10   0x08002a10   0x00000034   Code   RO          579    .text.__NVIC_EnableIRQ  gd32e23x_misc.o
    0x08002a44   0x08002a44   0x0000007c   Code   RO           56    .text.__NVIC_SetPriority  systick.o
    0x08002ac0   0x08002ac0   0x00000084   Code   RO          577    .text.__NVIC_SetPriority  gd32e23x_misc.o
    0x08002b44   0x08002b44   0x00000038   Code   RO          131    .text.adc_calibration_enable  gd32e23x_adc.o
    0x08002b7c   0x08002b7c   0x00000068   Code   RO          147    .text.adc_channel_length_config  gd32e23x_adc.o
    0x08002be4   0x08002be4   0x0000002c   Code   RO          145    .text.adc_data_alignment_config  gd32e23x_adc.o
    0x08002c10   0x08002c10   0x00000018   Code   RO          127    .text.adc_enable    gd32e23x_adc.o
    0x08002c28   0x08002c28   0x00000014   Code   RO          167    .text.adc_flag_clear  gd32e23x_adc.o
    0x08002c3c   0x08002c3c   0x0000002c   Code   RO          165    .text.adc_flag_get  gd32e23x_adc.o
    0x08002c68   0x08002c68   0x0000015c   Code   RO          149    .text.adc_regular_channel_config  gd32e23x_adc.o
    0x08002dc4   0x08002dc4   0x0000000c   Code   RO          161    .text.adc_regular_data_read  gd32e23x_adc.o
    0x08002dd0   0x08002dd0   0x0000003c   Code   RO          159    .text.adc_software_trigger_enable  gd32e23x_adc.o
    0x08002e0c   0x08002e0c   0x000000b4   Code   RO          143    .text.adc_special_function_config  gd32e23x_adc.o
    0x08002ec0   0x08002ec0   0x00000014   Code   RO         1426    .text.change_langauge  tft_wegui.o
    0x08002ed4   0x08002ed4   0x0000000e   Code   RO         1430    .text.change_langauge_to_Chinese  tft_wegui.o
    0x08002ee2   0x08002ee2   0x0000000e   Code   RO         1432    .text.change_langauge_to_English  tft_wegui.o
    0x08002ef0   0x08002ef0   0x00000014   Code   RO           60    .text.delay_decrement  systick.o
    0x08002f04   0x08002f04   0x00000020   Code   RO           58    .text.delay_ms      systick.o
    0x08002f24   0x08002f24   0x0000001c   Code   RO          283    .text.dma_channel_disable  gd32e23x_dma.o
    0x08002f40   0x08002f40   0x0000001c   Code   RO          287    .text.dma_circulation_disable  gd32e23x_dma.o
    0x08002f5c   0x08002f5c   0x00000058   Code   RO          277    .text.dma_deinit    gd32e23x_dma.o
    0x08002fb4   0x08002fb4   0x00000114   Code   RO          281    .text.dma_init      gd32e23x_dma.o
    0x080030c8   0x080030c8   0x00000020   Code   RO          327    .text.dma_interrupt_enable  gd32e23x_dma.o
    0x080030e8   0x080030e8   0x00000024   Code   RO          325    .text.dma_interrupt_flag_clear  gd32e23x_dma.o
    0x0800310c   0x0800310c   0x00000024   Code   RO          297    .text.dma_memory_address_config  gd32e23x_dma.o
    0x08003130   0x08003130   0x00000024   Code   RO          291    .text.dma_memory_to_memory_disable  gd32e23x_dma.o
    0x08003154   0x08003154   0x000000c0   Code   RO          483    .text.gpio_af_set   gd32e23x_gpio.o
    0x08003214   0x08003214   0x0000008e   Code   RO          463    .text.gpio_mode_set  gd32e23x_gpio.o
    0x080032a2   0x080032a2   0x0000008a   Code   RO          465    .text.gpio_output_options_set  gd32e23x_gpio.o
    0x0800332c   0x0800332c   0x0000010c   Code   RO           31    .text.main          main.o
    0x08003438   0x08003438   0x0000002c   Code   RO          575    .text.nvic_irq_enable  gd32e23x_misc.o
    0x08003464   0x08003464   0x00000024   Code   RO          589    .text.nvic_vector_table_set  gd32e23x_misc.o
    0x08003488   0x08003488   0x0000018c   Code   RO          665    .text.rcu_adc_clock_config  gd32e23x_rcu.o
    0x08003614   0x08003614   0x000002f8   Code   RO          703    .text.rcu_clock_freq_get  gd32e23x_rcu.o
    0x0800390c   0x0800390c   0x00000024   Code   RO          639    .text.rcu_periph_clock_enable  gd32e23x_rcu.o
    0x08003930   0x08003930   0x00000024   Code   RO          649    .text.rcu_periph_reset_disable  gd32e23x_rcu.o
    0x08003954   0x08003954   0x00000024   Code   RO          647    .text.rcu_periph_reset_enable  gd32e23x_rcu.o
    0x08003978   0x08003978   0x0000002a   Code   RO          819    .text.spi_dma_enable  gd32e23x_spi.o
    0x080039a2   0x080039a2   0x00000012   Code   RO          799    .text.spi_enable    gd32e23x_spi.o
    0x080039b4   0x080039b4   0x00000138   Code   RO          797    .text.spi_init      gd32e23x_spi.o
    0x08003aec   0x08003aec   0x000000e0   Code   RO          114    .text.system_clock_72m_irc8m  system_gd32e23x.o
    0x08003bcc   0x08003bcc   0x00000008   Code   RO          110    .text.system_clock_config  system_gd32e23x.o
    0x08003bd4   0x08003bd4   0x00000028   Code   RO           52    .text.systick_config  systick.o
    0x08003bfc   0x08003bfc   0x000000b0   Code   RO         1072    .text.usart_baudrate_set  gd32e23x_usart.o
    0x08003cac   0x08003cac   0x00000018   Code   RO         1106    .text.usart_data_transmit  gd32e23x_usart.o
    0x08003cc4   0x08003cc4   0x00000050   Code   RO         1070    .text.usart_deinit  gd32e23x_usart.o
    0x08003d14   0x08003d14   0x00000012   Code   RO         1080    .text.usart_enable  gd32e23x_usart.o
    0x08003d26   0x08003d26   0x0000003c   Code   RO         1198    .text.usart_flag_get  gd32e23x_usart.o
    0x08003d62   0x08003d62   0x00000002   PAD
    0x08003d64   0x08003d64   0x000000b4   Code   RO           23    .text.usart_init    main.o
    0x08003e18   0x08003e18   0x0000002a   Code   RO         1074    .text.usart_parity_config  gd32e23x_usart.o
    0x08003e42   0x08003e42   0x0000001e   Code   RO         1086    .text.usart_receive_config  gd32e23x_usart.o
    0x08003e60   0x08003e60   0x0000002a   Code   RO         1078    .text.usart_stop_bit_set  gd32e23x_usart.o
    0x08003e8a   0x08003e8a   0x0000001e   Code   RO         1084    .text.usart_transmit_config  gd32e23x_usart.o
    0x08003ea8   0x08003ea8   0x0000002a   Code   RO         1076    .text.usart_word_length_set  gd32e23x_usart.o
    0x08003ed2   0x08003ed2   0x00000032   Code   RO         1418    .text.wegui_get_string  tft_wegui.o
    0x08003f04   0x08003f04   0x0000000e   Code   RO         1702    i.__scatterload_copy  mc_p.l(handlers.o)
    0x08003f12   0x08003f12   0x00000002   Code   RO         1703    i.__scatterload_null  mc_p.l(handlers.o)
    0x08003f14   0x08003f14   0x0000000e   Code   RO         1704    i.__scatterload_zeroinit  mc_p.l(handlers.o)
    0x08003f22   0x08003f22   0x0000014a   Data   RO         1487    .rodata..L__const.Play_Cursor_GIF.bmp_gif_1  we_tft_app.o
    0x0800406c   0x0800406c   0x0000001c   Data   RO         1317    .rodata..L__const.TFT_SPI_DMA_Init.dma_init_struct  tft_port_gd32e230.o
    0x08004088   0x08004088   0x0000001c   Data   RO         1316    .rodata..L__const.TFT_SPI_DMA_Init.spi_init_struct  tft_port_gd32e230.o
    0x080040a4   0x080040a4   0x00000018   Data   RO         1393    .rodata.C12_bitmap  tft_driver.o
    0x080040bc   0x080040bc   0x00001880   Data   RO         1275    .rodata.Poker_machine_HZ_SONGTI_32X32  hz_songti.o
    0x0800593c   0x0800593c   0x00000062   Data   RO         1276    .rodata.Poker_machine_HZ_SONGTI_32X32_Index  hz_songti.o
    0x0800599e   0x0800599e   0x00000002   PAD
    0x080059a0   0x080059a0   0x0000017c   Data   RO         1267    .rodata.VectorFonts_ASCII_16X32_Index  ascii_vector_fonts.o
    0x08005b1c   0x08005b1c   0x000017c0   Data   RO         1252    .rodata.fonts_ascii_SongTi_16x32  ascii_songti.o
    0x080072dc   0x080072dc   0x0000007d   Data   RO           41    .rodata.str1.1      main.o
    0x08007359   0x08007359   0x000001fa   Data   RO         1502    .rodata.str1.1      wegui_menu_app.o
    0x08007553   0x08007553   0x00000001   PAD
    0x08007554   0x08007554   0x00000020   Data   RO         1701    Region$$Table       anon$$obj.o


    Execution Region RW_IRAM1 (Exec base: 0x20000000, Load base: 0x08007578, Size: 0x000011d0, Max: 0x00002000, ABSOLUTE, COMPRESSED[0x00000178])

    Exec Addr    Load Addr    Size         Type   Attr      Idx    E Section Name        Object

    0x20000000   COMPRESSED   0x00000004   Data   RW          116    .data.SystemCoreClock  system_gd32e23x.o
    0x20000004   COMPRESSED   0x00000001   Data   RW         1453    .data.WE_Buzzer_Loop_Func.bz_lastime_mode  tft_wegui.o
    0x20000005   COMPRESSED   0x00000003   PAD
    0x20000008   COMPRESSED   0x00000044   Data   RW         1504    .data.m_Setting     wegui_menu_app.o
    0x2000004c   COMPRESSED   0x00000044   Data   RW         1522    .data.m_Setting_About  wegui_menu_app.o
    0x20000090   COMPRESSED   0x00000044   Data   RW         1523    .data.m_Setting_Gernal  wegui_menu_app.o
    0x200000d4   COMPRESSED   0x00000044   Data   RW         1520    .data.m_Setting_PlayMode  wegui_menu_app.o
    0x20000118   COMPRESSED   0x00000044   Data   RW         1521    .data.m_Setting_PlayMode_Radom  wegui_menu_app.o
    0x2000015c   COMPRESSED   0x00000044   Data   RW         1527    .data.m_Setting_PlayMode_Serial  wegui_menu_app.o
    0x200001a0   COMPRESSED   0x00000044   Data   RW         1529    .data.m_Setting_PlayMode_dealtDir  wegui_menu_app.o
    0x200001e4   COMPRESSED   0x00000044   Data   RW         1528    .data.m_Setting_PlayMode_dealtMode  wegui_menu_app.o
    0x20000228   COMPRESSED   0x00000044   Data   RW         1518    .data.m_Setting_System  wegui_menu_app.o
    0x2000026c   COMPRESSED   0x00000044   Data   RW         1519    .data.m_Setting_System_Langauge  wegui_menu_app.o
    0x200002b0   COMPRESSED   0x00000044   Data   RW         1524    .data.m_Setting_System_Langauge_Chinese  wegui_menu_app.o
    0x200002f4   COMPRESSED   0x00000044   Data   RW         1530    .data.m_Setting_System_Langauge_English  wegui_menu_app.o
    0x20000338   COMPRESSED   0x00000044   Data   RW         1525    .data.m_Setting_System_Remote  wegui_menu_app.o
    0x2000037c   COMPRESSED   0x00000044   Data   RW         1526    .data.m_Setting_System_Touch  wegui_menu_app.o
    0x200003c0   COMPRESSED   0x00000044   Data   RW         1503    .data.m_main        wegui_menu_app.o
    0x20000404   COMPRESSED   0x00000044   Data   RW         1501    .data.m_main_App1   wegui_menu_app.o
    0x20000448   COMPRESSED   0x00000008   Data   RW         1402    .data.we_limit_keepin  tft_driver.o
    0x20000450   COMPRESSED   0x00000020   Data   RW         1440    .data.wegui         tft_wegui.o
    0x20000470   COMPRESSED   0x00000020   Data   RW         1441    .data.wegui_font    tft_wegui.o
    0x20000490        -       0x00000001   Zero   RW           37    .bss.ADC_Func.adc_delay_check  main.o
    0x20000491        -       0x00000001   Zero   RW           36    .bss.ADC_Func.chanel_select  main.o
    0x20000492        -       0x00000002   Zero   RW           38    .bss.ADC_Value_Chanel_1  main.o
    0x20000494        -       0x00000002   Zero   RW           39    .bss.ADC_Value_Chanel_8  main.o
    0x20000496        -       0x00000002   Zero   RW           40    .bss.ADC_Value_Chanel_9  main.o
    0x20000498        -       0x00000001   Zero   RW         1454    .bss.Buzzer_Mode    tft_wegui.o
    0x20000499   COMPRESSED   0x00000003   PAD
    0x2000049c        -       0x00000010   Zero   RW           33    .bss.McuInfo        main.o
    0x200004ac        -       0x00000001   Zero   RW         1489    .bss.Play_Cursor_GIF.fp  we_tft_app.o
    0x200004ad   COMPRESSED   0x00000001   PAD
    0x200004ae        -       0x00000002   Zero   RW         1485    .bss.Play_Cursor_GIF.lasttime_x  we_tft_app.o
    0x200004b0        -       0x00000002   Zero   RW         1486    .bss.Play_Cursor_GIF.lasttime_y  we_tft_app.o
    0x200004b2        -       0x00000001   Zero   RW         1488    .bss.Play_Cursor_GIF.time  we_tft_app.o
    0x200004b3        -       0x00000001   Zero   RW         1447    .bss.Reflash_fps.Filt_count  tft_wegui.o
    0x200004b4        -       0x00000002   Zero   RW         1446    .bss.Reflash_fps.fps_Filt_temp  tft_wegui.o
    0x200004b6        -       0x00000002   Zero   RW         1448    .bss.Reflash_fps.fps_filt_save  tft_wegui.o
    0x200004b8        -       0x00000002   Zero   RW         1445    .bss.Reflash_fps.period_ms_count  tft_wegui.o
    0x200004ba        -       0x00000002   Zero   RW         1408    .bss.TFT_CMD_num    tft_driver.o
    0x200004bc        -       0x00000800   Zero   RW         1401    .bss.TFT_UI_RAM     tft_driver.o
    0x20000cbc        -       0x00000004   Zero   RW           35    .bss.TFT_display_loop_1.lasttime_menu  main.o
    0x20000cc0        -       0x00000002   Zero   RW         1484    .bss.TFT_wegui_show_type1List.play_delay  we_tft_app.o
    0x20000cc2        -       0x00000002   Zero   RW           42    .bss.T_1ms          main.o
    0x20000cc4        -       0x00000001   Zero   RW         1404    .bss.b_TFT_dma_busy  tft_driver.o
    0x20000cc5   COMPRESSED   0x00000003   PAD
    0x20000cc8        -       0x00000004   Zero   RW           62    .bss.delay          systick.o
    0x20000ccc        -       0x00000004   Zero   RW         1403    .bss.dma_colour     tft_driver.o
    0x20000cd0        -       0x00000001   Zero   RW         1398    .bss.dma_task       tft_driver.o
    0x20000cd1        -       0x00000001   Zero   RW           43    .bss.main.split_task  main.o
    0x20000cd2   COMPRESSED   0x00000002   PAD
    0x20000cd4        -       0x00000004   Zero   RW         1407    .bss.p_TFT_CMD      tft_driver.o
    0x20000cd8        -       0x00000002   Zero   RW         1443    .bss.we_buzzer_1ms_Tstick  tft_wegui.o
    0x20000cda        -       0x00000004   Zero   RW         1483    .bss.we_type1List_par  we_tft_app.o
    0x20000cde        -       0x00000002   Zero   RW         1442    .bss.wegui_1ms_Tstick  tft_wegui.o
    0x20000ce0        -       0x000000c8   Zero   RW         1405    .bss.wegui_task     tft_driver.o
    0x20000da8        -       0x00000028   Zero   RW         1406    .bss.wegui_task_u8p  tft_driver.o
    0x20000dd0        -       0x00000400   Zero   RW         1239    STACK               startup_gd32e23x.o


==============================================================================

Image component sizes


      Code (inc. data)   RO Data    RW Data    ZI Data      Debug   Object Name

         0          0       6080          0          0        717   ascii_songti.o
         0          0        380          0          0        909   ascii_vector_fonts.o
       428         52          0          0          0       3517   gc9307c.o
       892         44          0          0          0       7714   gd32e23x_adc.o
       560         20          0          0          0       5597   gd32e23x_dma.o
       472          0          0          0          0       4305   gd32e23x_gpio.o
        56          4          0          0          0       1127   gd32e23x_it.o
       264         20          0          0          0       3956   gd32e23x_misc.o
      1264         48          0          0          0      11343   gd32e23x_rcu.o
       372          8          0          0          0       9169   gd32e23x_spi.o
       544         20          0          0          0      13764   gd32e23x_usart.o
         0          0       6370          0          0        650   hz_songti.o
      1244        120        125          0         31       5600   main.o
        28          8        204          0       1024        732   startup_gd32e23x.o
       484         56          0          4          0       1942   system_gd32e23x.o
       292         20          0          0          4       3004   systick.o
      5056        124         24          8       2300      15846   tft_driver.o
       916         92         56          0          0       5465   tft_port_gd32e230.o
       578         60          0         65         12       6592   tft_wegui.o
       320          8          0          0          0       2599   uart.o
      1964         60        330          0         12       6749   we_tft_app.o
         0          0        506       1088          0       4111   wegui_menu_app.o

    ----------------------------------------------------------------------
     15736        764      14110       1168       3392     115408   Object Totals
         0          0         32          0          0          0   (incl. Generated)
         2          0          3          3          9          0   (incl. Padding)

    ----------------------------------------------------------------------

      Code (inc. data)   RO Data    RW Data    ZI Data      Debug   Library Member Name

        86          0          0          0          0          0   __dczerorl2.o
         0          0          0          0          0          0   entry.o
         0          0          0          0          0          0   entry10a.o
         0          0          0          0          0          0   entry11a.o
         8          4          0          0          0          0   entry2.o
         4          0          0          0          0          0   entry5.o
         0          0          0          0          0          0   entry7b.o
         0          0          0          0          0          0   entry8b.o
         8          4          0          0          0          0   entry9a.o
        30          0          0          0          0          0   handlers.o
        48         10          0          0          0         68   init.o
        36          0          0          0          0         60   memcpya.o

    ----------------------------------------------------------------------
       222         18          0          0          0        128   Library Totals
         2          0          0          0          0          0   (incl. Padding)

    ----------------------------------------------------------------------

      Code (inc. data)   RO Data    RW Data    ZI Data      Debug   Library Name

       220         18          0          0          0        128   mc_p.l

    ----------------------------------------------------------------------
       222         18          0          0          0        128   Library Totals

    ----------------------------------------------------------------------

==============================================================================


      Code (inc. data)   RO Data    RW Data    ZI Data      Debug   

     15958        782      14110       1168       3392     115440   Grand Totals
     15958        782      14110        376       3392     115440   ELF Image Totals (compressed)
     15958        782      14110        376          0          0   ROM Totals

==============================================================================

    Total RO  Size (Code + RO Data)                30068 (  29.36kB)
    Total RW  Size (RW Data + ZI Data)              4560 (   4.45kB)
    Total ROM Size (Code + RO Data + RW Data)      30444 (  29.73kB)

==============================================================================

