Component: Arm Compiler for Embedded 6.22 Tool: armlink [5ee90200]

==============================================================================

Section Cross References

    main.o(.text.Push_Poker_task) refers to main.o(.data.poker_mathine) for poker_mathine
    main.o(.ARM.exidx.text.Push_Poker_task) refers to main.o(.text.Push_Poker_task) for [Anonymous Symbol]
    main.o(.text.Poker_task_func) refers to mcuinfo.o(.text.GetMcuInfo) for GetMcuInfo
    main.o(.text.Poker_task_func) refers to main.o(.text.Set_DC_Level) for Set_DC_Level
    main.o(.text.Poker_task_func) refers to tft_wegui.o(.text.Send_Buzzer) for Send_Buzzer
    main.o(.text.Poker_task_func) refers to main.o(.data.poker_mathine) for poker_mathine
    main.o(.text.Poker_task_func) refers to main.o(.bss.Poker_task_func.task_stepA) for [Anonymous Symbol]
    main.o(.text.Poker_task_func) refers to main.o(.bss.Poker_task_func.task_stepB) for [Anonymous Symbol]
    main.o(.ARM.exidx.text.Poker_task_func) refers to main.o(.text.Poker_task_func) for [Anonymous Symbol]
    main.o(.text.Set_DC_Level) refers to gd32e23x_gpio.o(.text.gpio_mode_set) for gpio_mode_set
    main.o(.ARM.exidx.text.Set_DC_Level) refers to main.o(.text.Set_DC_Level) for [Anonymous Symbol]
    main.o(.text.Timer16_For_Buzzer_Init) refers to gd32e23x_rcu.o(.text.rcu_periph_clock_enable) for rcu_periph_clock_enable
    main.o(.text.Timer16_For_Buzzer_Init) refers to gd32e23x_timer.o(.text.timer_init) for timer_init
    main.o(.text.Timer16_For_Buzzer_Init) refers to gd32e23x_timer.o(.text.timer_channel_output_config) for timer_channel_output_config
    main.o(.text.Timer16_For_Buzzer_Init) refers to gd32e23x_timer.o(.text.timer_channel_output_pulse_value_config) for timer_channel_output_pulse_value_config
    main.o(.text.Timer16_For_Buzzer_Init) refers to gd32e23x_timer.o(.text.timer_channel_output_mode_config) for timer_channel_output_mode_config
    main.o(.text.Timer16_For_Buzzer_Init) refers to gd32e23x_timer.o(.text.timer_channel_output_shadow_config) for timer_channel_output_shadow_config
    main.o(.text.Timer16_For_Buzzer_Init) refers to gd32e23x_timer.o(.text.timer_primary_output_config) for timer_primary_output_config
    main.o(.text.Timer16_For_Buzzer_Init) refers to gd32e23x_timer.o(.text.timer_auto_reload_shadow_enable) for timer_auto_reload_shadow_enable
    main.o(.text.Timer16_For_Buzzer_Init) refers to gd32e23x_timer.o(.text.timer_enable) for timer_enable
    main.o(.ARM.exidx.text.Timer16_For_Buzzer_Init) refers to main.o(.text.Timer16_For_Buzzer_Init) for [Anonymous Symbol]
    main.o(.text.Timer2_For_Buzzer_Init) refers to gd32e23x_rcu.o(.text.rcu_periph_clock_enable) for rcu_periph_clock_enable
    main.o(.text.Timer2_For_Buzzer_Init) refers to gd32e23x_timer.o(.text.timer_deinit) for timer_deinit
    main.o(.text.Timer2_For_Buzzer_Init) refers to gd32e23x_timer.o(.text.timer_init) for timer_init
    main.o(.text.Timer2_For_Buzzer_Init) refers to gd32e23x_timer.o(.text.timer_channel_output_config) for timer_channel_output_config
    main.o(.text.Timer2_For_Buzzer_Init) refers to gd32e23x_timer.o(.text.timer_channel_output_pulse_value_config) for timer_channel_output_pulse_value_config
    main.o(.text.Timer2_For_Buzzer_Init) refers to gd32e23x_timer.o(.text.timer_channel_output_mode_config) for timer_channel_output_mode_config
    main.o(.text.Timer2_For_Buzzer_Init) refers to gd32e23x_timer.o(.text.timer_channel_output_shadow_config) for timer_channel_output_shadow_config
    main.o(.text.Timer2_For_Buzzer_Init) refers to gd32e23x_timer.o(.text.timer_auto_reload_shadow_enable) for timer_auto_reload_shadow_enable
    main.o(.text.Timer2_For_Buzzer_Init) refers to gd32e23x_timer.o(.text.timer_enable) for timer_enable
    main.o(.ARM.exidx.text.Timer2_For_Buzzer_Init) refers to main.o(.text.Timer2_For_Buzzer_Init) for [Anonymous Symbol]
    main.o(.text.Set_Buzzer_freq) refers to gd32e23x_timer.o(.text.timer_autoreload_value_config) for timer_autoreload_value_config
    main.o(.ARM.exidx.text.Set_Buzzer_freq) refers to main.o(.text.Set_Buzzer_freq) for [Anonymous Symbol]
    main.o(.text.Set_Buzzer_volume) refers to gd32e23x_timer.o(.text.timer_channel_output_pulse_value_config) for timer_channel_output_pulse_value_config
    main.o(.text.Set_Buzzer_volume) refers to main.o(.data.poker_mathine) for poker_mathine
    main.o(.ARM.exidx.text.Set_Buzzer_volume) refers to main.o(.text.Set_Buzzer_volume) for [Anonymous Symbol]
    main.o(.text.Set_Buzzer_freqid) refers to main.o(.text.Set_Buzzer_freq) for Set_Buzzer_freq
    main.o(.text.Set_Buzzer_freqid) refers to main.o(.text.Set_Buzzer_volume) for Set_Buzzer_volume
    main.o(.text.Set_Buzzer_freqid) refers to main.o(.data.poker_mathine) for poker_mathine
    main.o(.text.Set_Buzzer_freqid) refers to main.o(.rodata.voice_freq) for voice_freq
    main.o(.ARM.exidx.text.Set_Buzzer_freqid) refers to main.o(.text.Set_Buzzer_freqid) for [Anonymous Symbol]
[...]
    [Anonymous Symbol]                       0x08005bec   Section        0  gd32e23x_adc.o(.text.adc_special_function_config)
    __arm_cp.9_0                             0x08005c98   Number         4  gd32e23x_adc.o(.text.adc_special_function_config)
    __arm_cp.9_1                             0x08005c9c   Number         4  gd32e23x_adc.o(.text.adc_special_function_config)
    [Anonymous Symbol]                       0x08005ca0   Section        0  tft_wegui.o(.text.change_langauge)
    __arm_cp.6_0                             0x08005cb0   Number         4  tft_wegui.o(.text.change_langauge)
    [Anonymous Symbol]                       0x08005cb4   Section        0  tft_wegui.o(.text.change_langauge_to_Chinese)
    [Anonymous Symbol]                       0x08005cc2   Section        0  tft_wegui.o(.text.change_langauge_to_English)
    [Anonymous Symbol]                       0x08005cd0   Section        0  systick.o(.text.delay_decrement)
    [Anonymous Symbol]                       0x08005ce4   Section        0  systick.o(.text.delay_ms)
    __arm_cp.3_0                             0x08005d00   Number         4  systick.o(.text.delay_ms)
    [Anonymous Symbol]                       0x08005d04   Section        0  gd32e23x_dma.o(.text.dma_channel_disable)
    [Anonymous Symbol]                       0x08005d20   Section        0  gd32e23x_dma.o(.text.dma_circulation_disable)
    [Anonymous Symbol]                       0x08005d3c   Section        0  gd32e23x_dma.o(.text.dma_deinit)
    [Anonymous Symbol]                       0x08005d94   Section        0  gd32e23x_dma.o(.text.dma_init)
    __arm_cp.2_0                             0x08005ea0   Number         4  gd32e23x_dma.o(.text.dma_init)
    __arm_cp.2_2                             0x08005ea4   Number         4  gd32e23x_dma.o(.text.dma_init)
    [Anonymous Symbol]                       0x08005ea8   Section        0  gd32e23x_dma.o(.text.dma_interrupt_enable)
    [Anonymous Symbol]                       0x08005ec8   Section        0  gd32e23x_dma.o(.text.dma_interrupt_flag_clear)
    __arm_cp.24_0                            0x08005ee8   Number         4  gd32e23x_dma.o(.text.dma_interrupt_flag_clear)
    [Anonymous Symbol]                       0x08005eec   Section        0  gd32e23x_dma.o(.text.dma_memory_address_config)
    __arm_cp.10_0                            0x08005f0c   Number         4  gd32e23x_dma.o(.text.dma_memory_address_config)
    [Anonymous Symbol]                       0x08005f10   Section        0  gd32e23x_dma.o(.text.dma_memory_to_memory_disable)
    __arm_cp.7_0                             0x08005f30   Number         4  gd32e23x_dma.o(.text.dma_memory_to_memory_disable)
    [Anonymous Symbol]                       0x08005f34   Section        0  gd32e23x_gpio.o(.text.gpio_af_set)
    [Anonymous Symbol]                       0x08005ff4   Section        0  gd32e23x_gpio.o(.text.gpio_input_bit_get)
    [Anonymous Symbol]                       0x0800601e   Section        0  gd32e23x_gpio.o(.text.gpio_mode_set)
    [Anonymous Symbol]                       0x080060ac   Section        0  gd32e23x_gpio.o(.text.gpio_output_options_set)
    [Anonymous Symbol]                       0x08006138   Section        0  tft_wegui.o(.text.itoa)
    __arm_cp.0_0                             0x08006230   Number         4  tft_wegui.o(.text.itoa)
    [Anonymous Symbol]                       0x08006234   Section        0  main.o(.text.main)
    __arm_cp.29_0                            0x08006384   Number         4  main.o(.text.main)
    __arm_cp.29_1                            0x08006388   Number         4  main.o(.text.main)
    __arm_cp.29_2                            0x0800638c   Number         4  main.o(.text.main)
    __arm_cp.29_4                            0x08006390   Number         4  main.o(.text.main)
    __arm_cp.29_5                            0x08006394   Number         4  main.o(.text.main)
    __arm_cp.29_6                            0x08006398   Number         4  main.o(.text.main)
    __arm_cp.29_7                            0x0800639c   Number         4  main.o(.text.main)
    __arm_cp.29_8                            0x080063a0   Number         4  main.o(.text.main)
    __arm_cp.29_9                            0x080063a4   Number         4  main.o(.text.main)
    __arm_cp.29_10                           0x080063a8   Number         4  main.o(.text.main)
    __arm_cp.29_11                           0x080063ac   Number         4  main.o(.text.main)
    __arm_cp.29_12                           0x080063b0   Number         4  main.o(.text.main)
    [Anonymous Symbol]                       0x080063b4   Section        0  mcuinfo.o(.text.mix_get_id)
    __arm_cp.1_0                             0x08006440   Number         4  mcuinfo.o(.text.mix_get_id)
    [Anonymous Symbol]                       0x08006444   Section        0  mcuinfo.o(.text.mix_size_info)
    __arm_cp.0_0                             0x08006488   Number         4  mcuinfo.o(.text.mix_size_info)
    __arm_cp.0_1                             0x0800648c   Number         4  mcuinfo.o(.text.mix_size_info)
    [Anonymous Symbol]                       0x08006490   Section        0  gd32e23x_misc.o(.text.nvic_irq_enable)
    [Anonymous Symbol]                       0x080064bc   Section        0  gd32e23x_misc.o(.text.nvic_vector_table_set)
    __arm_cp.7_0                             0x080064d8   Number         4  gd32e23x_misc.o(.text.nvic_vector_table_set)
    __arm_cp.7_1                             0x080064dc   Number         4  gd32e23x_misc.o(.text.nvic_vector_table_set)
    [Anonymous Symbol]                       0x080064e0   Section        0  gd32e23x_rcu.o(.text.rcu_adc_clock_config)
    __arm_cp.14_0                            0x08006660   Number         4  gd32e23x_rcu.o(.text.rcu_adc_clock_config)
    __arm_cp.14_1                            0x08006664   Number         4  gd32e23x_rcu.o(.text.rcu_adc_clock_config)
    __arm_cp.14_2                            0x08006668   Number         4  gd32e23x_rcu.o(.text.rcu_adc_clock_config)
    [Anonymous Symbol]                       0x0800666c   Section        0  gd32e23x_rcu.o(.text.rcu_clock_freq_get)
    __arm_cp.33_0                            0x08006940   Number         4  gd32e23x_rcu.o(.text.rcu_clock_freq_get)
    __arm_cp.33_1                            0x08006944   Number         4  gd32e23x_rcu.o(.text.rcu_clock_freq_get)
    __arm_cp.33_2                            0x08006948   Number         4  gd32e23x_rcu.o(.text.rcu_clock_freq_get)
    __arm_cp.33_3                            0x0800694c   Number         4  gd32e23x_rcu.o(.text.rcu_clock_freq_get)
    __arm_cp.33_4                            0x08006950   Number         4  gd32e23x_rcu.o(.text.rcu_clock_freq_get)
    __arm_cp.33_5                            0x08006954   Number         4  gd32e23x_rcu.o(.text.rcu_clock_freq_get)
    __arm_cp.33_6                            0x08006958   Number         4  gd32e23x_rcu.o(.text.rcu_clock_freq_get)
    __arm_cp.33_7                            0x0800695c   Number         4  gd32e23x_rcu.o(.text.rcu_clock_freq_get)
    __arm_cp.33_8                            0x08006960   Number         4  gd32e23x_rcu.o(.text.rcu_clock_freq_get)
    [Anonymous Symbol]                       0x08006964   Section        0  gd32e23x_rcu.o(.text.rcu_periph_clock_enable)
    [Anonymous Symbol]                       0x08006988   Section        0  gd32e23x_rcu.o(.text.rcu_periph_reset_disable)
    [Anonymous Symbol]                       0x080069ac   Section        0  gd32e23x_rcu.o(.text.rcu_periph_reset_enable)
    [Anonymous Symbol]                       0x080069d0   Section        0  gd32e23x_spi.o(.text.spi_dma_enable)
    [Anonymous Symbol]                       0x080069fa   Section        0  gd32e23x_spi.o(.text.spi_enable)
    [Anonymous Symbol]                       0x08006a0c   Section        0  gd32e23x_spi.o(.text.spi_init)
    __arm_cp.2_0                             0x08006b3c   Number         4  gd32e23x_spi.o(.text.spi_init)
    __arm_cp.2_1                             0x08006b40   Number         4  gd32e23x_spi.o(.text.spi_init)
    [Anonymous Symbol]                       0x08006b44   Section        0  main.o(.text.spin_pointint_change)
    __arm_cp.26_0                            0x08006b84   Number         4  main.o(.text.spin_pointint_change)
    __arm_cp.26_1                            0x08006b88   Number         4  main.o(.text.spin_pointint_change)
    system_clock_72m_irc8m                   0x08006b8d   Thumb Code   204  system_gd32e23x.o(.text.system_clock_72m_irc8m)
    [Anonymous Symbol]                       0x08006b8c   Section        0  system_gd32e23x.o(.text.system_clock_72m_irc8m)
    __arm_cp.3_0                             0x08006c58   Number         4  system_gd32e23x.o(.text.system_clock_72m_irc8m)
    __arm_cp.3_1                             0x08006c5c   Number         4  system_gd32e23x.o(.text.system_clock_72m_irc8m)
    __arm_cp.3_2                             0x08006c60   Number         4  system_gd32e23x.o(.text.system_clock_72m_irc8m)
    __arm_cp.3_3                             0x08006c64   Number         4  system_gd32e23x.o(.text.system_clock_72m_irc8m)
    __arm_cp.3_4                             0x08006c68   Number         4  system_gd32e23x.o(.text.system_clock_72m_irc8m)
    system_clock_config                      0x08006c6d   Thumb Code     8  system_gd32e23x.o(.text.system_clock_config)
    [Anonymous Symbol]                       0x08006c6c   Section        0  system_gd32e23x.o(.text.system_clock_config)
    [Anonymous Symbol]                       0x08006c74   Section        0  systick.o(.text.systick_config)
    __arm_cp.0_0                             0x08006c98   Number         4  systick.o(.text.systick_config)
    [Anonymous Symbol]                       0x08006c9c   Section        0  gd32e23x_timer.o(.text.timer_auto_reload_shadow_enable)
    [Anonymous Symbol]                       0x08006cae   Section        0  gd32e23x_timer.o(.text.timer_autoreload_value_config)
    [Anonymous Symbol]                       0x08006cc0   Section        0  gd32e23x_timer.o(.text.timer_channel_output_config)
    __arm_cp.42_0                            0x08006fa4   Number         4  gd32e23x_timer.o(.text.timer_channel_output_config)
    __arm_cp.42_1                            0x08006fa8   Number         4  gd32e23x_timer.o(.text.timer_channel_output_config)
    __arm_cp.42_2                            0x08006fac   Number         4  gd32e23x_timer.o(.text.timer_channel_output_config)
    __arm_cp.42_3                            0x08006fb0   Number         4  gd32e23x_timer.o(.text.timer_channel_output_config)
    [Anonymous Symbol]                       0x08006fb4   Section        0  gd32e23x_timer.o(.text.timer_channel_output_mode_config)
    [Anonymous Symbol]                       0x08007054   Section        0  gd32e23x_timer.o(.text.timer_channel_output_pulse_value_config)
    [Anonymous Symbol]                       0x080070a8   Section        0  gd32e23x_timer.o(.text.timer_channel_output_shadow_config)
    [Anonymous Symbol]                       0x08007146   Section        0  gd32e23x_timer.o(.text.timer_counter_value_config)
    [Anonymous Symbol]                       0x08007158   Section        0  gd32e23x_timer.o(.text.timer_deinit)
    __arm_cp.0_1                             0x08007220   Number         4  gd32e23x_timer.o(.text.timer_deinit)
    __arm_cp.0_3                             0x08007224   Number         4  gd32e23x_timer.o(.text.timer_deinit)
    __arm_cp.0_4                             0x08007228   Number         4  gd32e23x_timer.o(.text.timer_deinit)
    __arm_cp.0_7                             0x0800722c   Number         4  gd32e23x_timer.o(.text.timer_deinit)
    __arm_cp.0_8                             0x08007230   Number         4  gd32e23x_timer.o(.text.timer_deinit)
    __arm_cp.0_9                             0x08007234   Number         4  gd32e23x_timer.o(.text.timer_deinit)
    __arm_cp.0_10                            0x08007238   Number         4  gd32e23x_timer.o(.text.timer_deinit)
    __arm_cp.0_11                            0x0800723c   Number         4  gd32e23x_timer.o(.text.timer_deinit)
    [Anonymous Symbol]                       0x08007240   Section        0  gd32e23x_timer.o(.text.timer_disable)
    [Anonymous Symbol]                       0x08007252   Section        0  gd32e23x_timer.o(.text.timer_enable)
    [Anonymous Symbol]                       0x08007264   Section        0  gd32e23x_timer.o(.text.timer_init)
    __arm_cp.2_0                             0x08007348   Number         4  gd32e23x_timer.o(.text.timer_init)
    __arm_cp.2_1                             0x0800734c   Number         4  gd32e23x_timer.o(.text.timer_init)
    __arm_cp.2_2                             0x08007350   Number         4  gd32e23x_timer.o(.text.timer_init)
    __arm_cp.2_3                             0x08007354   Number         4  gd32e23x_timer.o(.text.timer_init)
    __arm_cp.2_4                             0x08007358   Number         4  gd32e23x_timer.o(.text.timer_init)
    __arm_cp.2_5                             0x0800735c   Number         4  gd32e23x_timer.o(.text.timer_init)
    [Anonymous Symbol]                       0x08007360   Section        0  gd32e23x_usart.o(.text.usart_baudrate_set)
    __arm_cp.1_2                             0x0800740c   Number         4  gd32e23x_usart.o(.text.usart_baudrate_set)
    [Anonymous Symbol]                       0x08007410   Section        0  gd32e23x_usart.o(.text.usart_data_transmit)
    __arm_cp.18_0                            0x08007424   Number         4  gd32e23x_usart.o(.text.usart_data_transmit)
    [Anonymous Symbol]                       0x08007428   Section        0  gd32e23x_usart.o(.text.usart_deinit)
    __arm_cp.0_1                             0x0800746c   Number         4  gd32e23x_usart.o(.text.usart_deinit)
    __arm_cp.0_2                             0x08007470   Number         4  gd32e23x_usart.o(.text.usart_deinit)
    __arm_cp.0_3                             0x08007474   Number         4  gd32e23x_usart.o(.text.usart_deinit)
    [Anonymous Symbol]                       0x08007478   Section        0  gd32e23x_usart.o(.text.usart_enable)
    [Anonymous Symbol]                       0x0800748a   Section        0  gd32e23x_usart.o(.text.usart_flag_get)
    [Anonymous Symbol]                       0x080074c8   Section        0  main.o(.text.usart_init)
    __arm_cp.22_0                            0x08007570   Number         4  main.o(.text.usart_init)
    __arm_cp.22_1                            0x08007574   Number         4  main.o(.text.usart_init)
    __arm_cp.22_2                            0x08007578   Number         4  main.o(.text.usart_init)
    __arm_cp.22_3                            0x0800757c   Number         4  main.o(.text.usart_init)
    [Anonymous Symbol]                       0x08007580   Section        0  gd32e23x_usart.o(.text.usart_parity_config)
    [Anonymous Symbol]                       0x080075aa   Section        0  gd32e23x_usart.o(.text.usart_receive_config)
    [Anonymous Symbol]                       0x080075c8   Section        0  gd32e23x_usart.o(.text.usart_stop_bit_set)
    [Anonymous Symbol]                       0x080075f2   Section        0  gd32e23x_usart.o(.text.usart_transmit_config)
    [Anonymous Symbol]                       0x08007610   Section        0  gd32e23x_usart.o(.text.usart_word_length_set)
    [Anonymous Symbol]                       0x0800763c   Section        0  tft_driver.o(.text.we_limit_keepin_zoomdown_x_end)
    [Anonymous Symbol]                       0x0800767c   Section        0  tft_driver.o(.text.we_limit_keepin_zoomdown_y_end)
    __arm_cp.1_0                             0x080076bc   Number         4  tft_driver.o(.text.we_limit_keepin_zoomdown_y_end)
    [Anonymous Symbol]                       0x080076c0   Section        0  tft_wegui.o(.text.wegui_get_string)
    i.__scatterload_copy                     0x080076f2   Section       14  handlers.o(i.__scatterload_copy)
    i.__scatterload_null                     0x08007700   Section        2  handlers.o(i.__scatterload_null)
    i.__scatterload_zeroinit                 0x08007702   Section       14  handlers.o(i.__scatterload_zeroinit)
    [Anonymous Symbol]                       0x08007710   Section        0  we_tft_app.o(.rodata..L__const.Play_Cursor_GIF.bmp_gif_1)
    [Anonymous Symbol]                       0x0800785c   Section        0  tft_port_gd32e230.o(.rodata..L__const.TFT_SPI_DMA_Init.dma_init_struct)
    [Anonymous Symbol]                       0x08007878   Section        0  tft_port_gd32e230.o(.rodata..L__const.TFT_SPI_DMA_Init.spi_init_struct)
    [Anonymous Symbol]                       0x08009c30   Section        0  mcuinfo.o(.rodata.cst4)
    [Anonymous Symbol]                       0x0800b3f4   Section        0  main.o(.rodata.str1.1)
    [Anonymous Symbol]                       0x0800b47b   Section        0  tft_wegui.o(.rodata.str1.1)
    [Anonymous Symbol]                       0x0800b4b2   Section        0  we_tft_app.o(.rodata.str1.1)
    [Anonymous Symbol]                       0x0800b511   Section        0  wegui_menu_app.o(.rodata.str1.1)
    WE_Buzzer_Loop_Func.bz_lastime_mode      0x20000004   Data           1  tft_wegui.o(.data.WE_Buzzer_Loop_Func.bz_lastime_mode)
    [Anonymous Symbol]                       0x20000004   Section        0  tft_wegui.o(.data.WE_Buzzer_Loop_Func.bz_lastime_mode)
    ADC_Func.adc_delay_check                 0x20000a58   Data           1  main.o(.bss.ADC_Func.adc_delay_check)
    [Anonymous Symbol]                       0x20000a58   Section        0  main.o(.bss.ADC_Func.adc_delay_check)
    ADC_Func.chanel_select                   0x20000a59   Data           1  main.o(.bss.ADC_Func.chanel_select)
    [Anonymous Symbol]                       0x20000a59   Section        0  main.o(.bss.ADC_Func.chanel_select)
    Get_irm_state_Func.counter               0x20000a61   Data           1  main.o(.bss.Get_irm_state_Func.counter)
    [Anonymous Symbol]                       0x20000a61   Section        0  main.o(.bss.Get_irm_state_Func.counter)
    Get_irm_state_Func.counter.1             0x20000a62   Data           1  main.o(.bss.Get_irm_state_Func.counter.1)
    [Anonymous Symbol]                       0x20000a62   Section        0  main.o(.bss.Get_irm_state_Func.counter.1)
    Get_irm_state_Func.get_delay             0x20000a63   Data           1  main.o(.bss.Get_irm_state_Func.get_delay)
    [Anonymous Symbol]                       0x20000a63   Section        0  main.o(.bss.Get_irm_state_Func.get_delay)
    Key_Func.key_step                        0x20000a64   Data           1  main.o(.bss.Key_Func.key_step)
    [Anonymous Symbol]                       0x20000a64   Section        0  main.o(.bss.Key_Func.key_step)
    Play_Cursor_GIF.fp                       0x20000a88   Data           1  we_tft_app.o(.bss.Play_Cursor_GIF.fp)
    [Anonymous Symbol]                       0x20000a88   Section        0  we_tft_app.o(.bss.Play_Cursor_GIF.fp)
    Play_Cursor_GIF.frame                    0x20000a89   Data           1  we_tft_app.o(.bss.Play_Cursor_GIF.frame)
    [Anonymous Symbol]                       0x20000a89   Section        0  we_tft_app.o(.bss.Play_Cursor_GIF.frame)
    Play_Cursor_GIF.lasttime_x               0x20000a8a   Data           2  we_tft_app.o(.bss.Play_Cursor_GIF.lasttime_x)
    [Anonymous Symbol]                       0x20000a8a   Section        0  we_tft_app.o(.bss.Play_Cursor_GIF.lasttime_x)
    Play_Cursor_GIF.lasttime_y               0x20000a8c   Data           2  we_tft_app.o(.bss.Play_Cursor_GIF.lasttime_y)
    [Anonymous Symbol]                       0x20000a8c   Section        0  we_tft_app.o(.bss.Play_Cursor_GIF.lasttime_y)
    Play_Cursor_GIF.time                     0x20000a8e   Data           1  we_tft_app.o(.bss.Play_Cursor_GIF.time)
    [Anonymous Symbol]                       0x20000a8e   Section        0  we_tft_app.o(.bss.Play_Cursor_GIF.time)
    Poker_task_func.task_stepA               0x20000a90   Data           2  main.o(.bss.Poker_task_func.task_stepA)
    [Anonymous Symbol]                       0x20000a90   Section        0  main.o(.bss.Poker_task_func.task_stepA)
    Poker_task_func.task_stepB               0x20000a92   Data           2  main.o(.bss.Poker_task_func.task_stepB)
    [Anonymous Symbol]                       0x20000a92   Section        0  main.o(.bss.Poker_task_func.task_stepB)
    Reflash_fps.Filt_count                   0x20000a94   Data           1  tft_wegui.o(.bss.Reflash_fps.Filt_count)
    [Anonymous Symbol]                       0x20000a94   Section        0  tft_wegui.o(.bss.Reflash_fps.Filt_count)
    Reflash_fps.fps_Filt_temp                0x20000a96   Data           2  tft_wegui.o(.bss.Reflash_fps.fps_Filt_temp)
    [Anonymous Symbol]                       0x20000a96   Section        0  tft_wegui.o(.bss.Reflash_fps.fps_Filt_temp)
    Reflash_fps.fps_filt_save                0x20000a98   Data           2  tft_wegui.o(.bss.Reflash_fps.fps_filt_save)
    [Anonymous Symbol]                       0x20000a98   Section        0  tft_wegui.o(.bss.Reflash_fps.fps_filt_save)
    Reflash_fps.period_ms_count              0x20000a9a   Data           2  tft_wegui.o(.bss.Reflash_fps.period_ms_count)
    [Anonymous Symbol]                       0x20000a9a   Section        0  tft_wegui.o(.bss.Reflash_fps.period_ms_count)
    TFT_display_loop_1.lasttime_menu         0x2000129c   Data           4  main.o(.bss.TFT_display_loop_1.lasttime_menu)
    [Anonymous Symbol]                       0x2000129c   Section        0  main.o(.bss.TFT_display_loop_1.lasttime_menu)
    delay                                    0x200012a4   Data           4  systick.o(.bss.delay)
    [Anonymous Symbol]                       0x200012a4   Section        0  systick.o(.bss.delay)
    dma_colour                               0x200012a8   Data           4  tft_driver.o(.bss.dma_colour)
    [Anonymous Symbol]                       0x200012a8   Section        0  tft_driver.o(.bss.dma_colour)
    main.split_task                          0x200012c4   Data           1  main.o(.bss.main.split_task)
    [Anonymous Symbol]                       0x200012c4   Section        0  main.o(.bss.main.split_task)
    spin_pointint_change.lastime_spin_irm    0x200012c6   Data           1  main.o(.bss.spin_pointint_change.lastime_spin_irm)
    [Anonymous Symbol]                       0x200012c6   Section        0  main.o(.bss.spin_pointint_change.lastime_spin_irm)
    we_buzzer_1ms_Tstick                     0x200012c8   Data           2  tft_wegui.o(.bss.we_buzzer_1ms_Tstick)
    [Anonymous Symbol]                       0x200012c8   Section        0  tft_wegui.o(.bss.we_buzzer_1ms_Tstick)
    we_bz_ms                                 0x200012ca   Data           2  tft_wegui.o(.bss.we_bz_ms)
    [Anonymous Symbol]                       0x200012ca   Section        0  tft_wegui.o(.bss.we_bz_ms)
    we_bz_step                               0x200012cc   Data           2  tft_wegui.o(.bss.we_bz_step)
    [Anonymous Symbol]                       0x200012cc   Section        0  tft_wegui.o(.bss.we_bz_step)
    STACK                                    0x200012f0   Section     1024  startup_gd32e23x.o(STACK)

    Global Symbols

    Symbol Name                              Value     Ov Type        Size  Object(Section)

    BuildAttributes$$THM_ISAv3M$S$8M$PE$A:L22$X:L11$S22$IEEE1$IW$~IW$USESV6$~STKCKD$USESV7$~SHL$OSPACE$EBA8$MICROLIB$REQ8$PRES8$EABIv2 0x00000000   Number         0  anon$$obj.o ABSOLUTE
    __cpp_initialize__aeabi_                  - Undefined Weak Reference
    __cxa_finalize                            - Undefined Weak Reference
    _clock_init                               - Undefined Weak Reference
    _microlib_exit                            - Undefined Weak Reference
    __Vectors_Size                           0x000000cc   Number         0  startup_gd32e23x.o ABSOLUTE
    __Vectors                                0x08000000   Data           4  startup_gd32e23x.o(RESET)
    __Vectors_End                            0x080000cc   Data           0  startup_gd32e23x.o(RESET)
    __main                                   0x080000cd   Thumb Code     0  entry.o(.ARM.Collect$$$$00000000)
    _main_stk                                0x080000cd   Thumb Code     0  entry2.o(.ARM.Collect$$$$00000001)
    _main_scatterload                        0x080000d1   Thumb Code     0  entry5.o(.ARM.Collect$$$$00000004)
    __main_after_scatterload                 0x080000d5   Thumb Code     0  entry5.o(.ARM.Collect$$$$00000004)
    _main_clock                              0x080000d5   Thumb Code     0  entry7b.o(.ARM.Collect$$$$00000008)
    _main_cpp_init                           0x080000d5   Thumb Code     0  entry8b.o(.ARM.Collect$$$$0000000A)
    _main_init                               0x080000d5   Thumb Code     0  entry9a.o(.ARM.Collect$$$$0000000B)
    __rt_final_cpp                           0x080000dd   Thumb Code     0  entry10a.o(.ARM.Collect$$$$0000000D)
    __rt_final_exit                          0x080000dd   Thumb Code     0  entry11a.o(.ARM.Collect$$$$0000000F)
    Reset_Handler                            0x080000e1   Thumb Code     8  startup_gd32e23x.o(.text)
    ADC_CMP_IRQHandler                       0x080000f3   Thumb Code     0  startup_gd32e23x.o(.text)
    DMA_Channel0_IRQHandler                  0x080000f3   Thumb Code     0  startup_gd32e23x.o(.text)
    DMA_Channel1_2_IRQHandler                0x080000f3   Thumb Code     0  startup_gd32e23x.o(.text)
    EXTI0_1_IRQHandler                       0x080000f3   Thumb Code     0  startup_gd32e23x.o(.text)
    EXTI2_3_IRQHandler                       0x080000f3   Thumb Code     0  startup_gd32e23x.o(.text)
    EXTI4_15_IRQHandler                      0x080000f3   Thumb Code     0  startup_gd32e23x.o(.text)
    FMC_IRQHandler                           0x080000f3   Thumb Code     0  startup_gd32e23x.o(.text)
    I2C0_ER_IRQHandler                       0x080000f3   Thumb Code     0  startup_gd32e23x.o(.text)
    I2C0_EV_IRQHandler                       0x080000f3   Thumb Code     0  startup_gd32e23x.o(.text)
    I2C1_ER_IRQHandler                       0x080000f3   Thumb Code     0  startup_gd32e23x.o(.text)
    I2C1_EV_IRQHandler                       0x080000f3   Thumb Code     0  startup_gd32e23x.o(.text)
    LVD_IRQHandler                           0x080000f3   Thumb Code     0  startup_gd32e23x.o(.text)
    RCU_IRQHandler                           0x080000f3   Thumb Code     0  startup_gd32e23x.o(.text)
    RTC_IRQHandler                           0x080000f3   Thumb Code     0  startup_gd32e23x.o(.text)
    SPI0_IRQHandler                          0x080000f3   Thumb Code     0  startup_gd32e23x.o(.text)
    SPI1_IRQHandler                          0x080000f3   Thumb Code     0  startup_gd32e23x.o(.text)
    TIMER0_BRK_UP_TRG_COM_IRQHandler         0x080000f3   Thumb Code     0  startup_gd32e23x.o(.text)
    TIMER0_Channel_IRQHandler                0x080000f3   Thumb Code     0  startup_gd32e23x.o(.text)
    TIMER13_IRQHandler                       0x080000f3   Thumb Code     0  startup_gd32e23x.o(.text)
    TIMER14_IRQHandler                       0x080000f3   Thumb Code     0  startup_gd32e23x.o(.text)
    TIMER15_IRQHandler                       0x080000f3   Thumb Code     0  startup_gd32e23x.o(.text)
    TIMER16_IRQHandler                       0x080000f3   Thumb Code     0  startup_gd32e23x.o(.text)
    TIMER2_IRQHandler                        0x080000f3   Thumb Code     0  startup_gd32e23x.o(.text)
    TIMER5_IRQHandler                        0x080000f3   Thumb Code     0  startup_gd32e23x.o(.text)
    USART0_IRQHandler                        0x080000f3   Thumb Code     0  startup_gd32e23x.o(.text)
    USART1_IRQHandler                        0x080000f3   Thumb Code     0  startup_gd32e23x.o(.text)
    WWDGT_IRQHandler                         0x080000f3   Thumb Code     0  startup_gd32e23x.o(.text)
    __aeabi_memcpy                           0x080000fd   Thumb Code    36  memcpya.o(.text)
    __aeabi_memcpy4                          0x080000fd   Thumb Code     0  memcpya.o(.text)
    __aeabi_memcpy8                          0x080000fd   Thumb Code     0  memcpya.o(.text)
    __scatterload                            0x08000121   Thumb Code    38  init.o(.text)
    __scatterload_rt2                        0x08000121   Thumb Code     0  init.o(.text)
    __decompress                             0x08000151   Thumb Code     0  __dczerorl2.o(.text)
    __decompress1                            0x08000151   Thumb Code    86  __dczerorl2.o(.text)
    ADC_Func                                 0x080001a9   Thumb Code   312  main.o(.text.ADC_Func)
    Buzzer_Init                              0x080002ed   Thumb Code   140  main.o(.text.Buzzer_Init)
    DMA_Channel3_4_IRQHandler                0x08000385   Thumb Code    16  gd32e23x_it.o(.text.DMA_Channel3_4_IRQHandler)
    GetMcuInfo                               0x08000395   Thumb Code   112  mcuinfo.o(.text.GetMcuInfo)
    Get_irm_state_Func                       0x0800041d   Thumb Code   336  main.o(.text.Get_irm_state_Func)
    Get_submenu_num                          0x08000589   Thumb Code    76  we_tft_app.o(.text.Get_submenu_num)
    HardFault_Handler                        0x080005d5   Thumb Code     4  gd32e23x_it.o(.text.HardFault_Handler)
    Key_ADC_Init                             0x080005d9   Thumb Code   108  main.o(.text.Key_ADC_Init)
    Key_Func                                 0x08000651   Thumb Code   128  main.o(.text.Key_Func)
    Key_left_1_func                          0x080006d5   Thumb Code   152  main.o(.text.Key_left_1_func)
    Key_left_2_func                          0x08000779   Thumb Code   148  main.o(.text.Key_left_2_func)
    Key_left_3_func                          0x08000815   Thumb Code   120  main.o(.text.Key_left_3_func)
    Key_par_Init                             0x08000891   Thumb Code    18  user_key.o(.text.Key_par_Init)
    Key_right_1_func                         0x080008a5   Thumb Code   148  main.o(.text.Key_right_1_func)
    Key_right_2_func                         0x08000941   Thumb Code   144  main.o(.text.Key_right_2_func)
    Key_right_3_func                         0x080009dd   Thumb Code   148  main.o(.text.Key_right_3_func)
    Keysw_det                                0x08000a81   Thumb Code   352  user_key.o(.text.Keysw_det)
    NMI_Handler                              0x08000be9   Thumb Code     4  gd32e23x_it.o(.text.NMI_Handler)
    PendSV_Handler                           0x08000bed   Thumb Code     4  gd32e23x_it.o(.text.PendSV_Handler)
    Play_Cursor_GIF                          0x08000bf1   Thumb Code   576  we_tft_app.o(.text.Play_Cursor_GIF)
    Poker_task_func                          0x08000e51   Thumb Code  1148  main.o(.text.Poker_task_func)
    Push_Poker_task                          0x080012e9   Thumb Code    32  main.o(.text.Push_Poker_task)
    Reflash_fps                              0x0800130d   Thumb Code   188  tft_wegui.o(.text.Reflash_fps)
    SVC_Handler                              0x080013dd   Thumb Code     4  gd32e23x_it.o(.text.SVC_Handler)
    Send_Buzzer                              0x080013e1   Thumb Code    36  tft_wegui.o(.text.Send_Buzzer)
    Set_Buzzer_freq                          0x08001415   Thumb Code    60  main.o(.text.Set_Buzzer_freq)
    Set_Buzzer_freqid                        0x08001459   Thumb Code    68  main.o(.text.Set_Buzzer_freqid)
    Set_Buzzer_volume                        0x080014a5   Thumb Code    96  main.o(.text.Set_Buzzer_volume)
    Set_DC_Level                             0x08001511   Thumb Code   300  main.o(.text.Set_DC_Level)
    Setting_Langauge_menu_begin_fun          0x08001645   Thumb Code    44  tft_wegui.o(.text.Setting_Langauge_menu_begin_fun)
    Show_debug                               0x08001679   Thumb Code   172  main.o(.text.Show_debug)
    Soft_Uart_Send_Hex_uint8_String          0x0800173d   Thumb Code   110  uart.o(.text.Soft_Uart_Send_Hex_uint8_String)
    Soft_Uart_Send_Num_uint16_String         0x080017ab   Thumb Code   126  uart.o(.text.Soft_Uart_Send_Num_uint16_String)
    Startup_Init                             0x08001829   Thumb Code   716  main.o(.text.Startup_Init)
    SysTick_Handler                          0x08001b95   Thumb Code    20  gd32e23x_it.o(.text.SysTick_Handler)
    SystemInit                               0x08001bad   Thumb Code   216  system_gd32e23x.o(.text.SystemInit)
    TFT_DMA_SPI_Int                          0x08001ca9   Thumb Code    28  tft_port_gd32e230.o(.text.TFT_DMA_SPI_Int)
    TFT_Dealy_ms                             0x08001cc9   Thumb Code    16  tft_port_gd32e230.o(.text.TFT_Dealy_ms)
    TFT_IC_All_Pixel_Clear                   0x08001cd9   Thumb Code   124  tft_driver.o(.text.TFT_IC_All_Pixel_Clear)
    TFT_SPI_16bit_Init                       0x08001d65   Thumb Code    36  tft_port_gd32e230.o(.text.TFT_SPI_16bit_Init)
    TFT_SPI_8bit_Init                        0x08001d8d   Thumb Code    36  tft_port_gd32e230.o(.text.TFT_SPI_8bit_Init)
    TFT_SPI_DMA_Init                         0x08001db5   Thumb Code   172  tft_port_gd32e230.o(.text.TFT_SPI_DMA_Init)
    TFT_SPI_DMA_MEM_DisINC_16bit_Init        0x08001e79   Thumb Code    36  tft_port_gd32e230.o(.text.TFT_SPI_DMA_MEM_DisINC_16bit_Init)
    TFT_SPI_DMA_MEM_EnINC_16bit_Init         0x08001e9d   Thumb Code    36  tft_port_gd32e230.o(.text.TFT_SPI_DMA_MEM_EnINC_16bit_Init)
    TFT_SPI_DMA_Send_data                    0x08001ec5   Thumb Code   120  tft_port_gd32e230.o(.text.TFT_SPI_DMA_Send_data)
    TFT_SPI_Send_CMD                         0x08001f49   Thumb Code   148  tft_port_gd32e230.o(.text.TFT_SPI_Send_CMD)
    TFT_ST7789VW_Display_On                  0x08001fed   Thumb Code    20  st7789vw.o(.text.TFT_ST7789VW_Display_On)
    TFT_ST7789VW_Frame_Rate_Control_in_Normal_Mode_Init 0x08002001   Thumb Code    20  st7789vw.o(.text.TFT_ST7789VW_Frame_Rate_Control_in_Normal_Mode_Init)
    TFT_ST7789VW_GCTRL_Gate_Control_Init     0x08002019   Thumb Code    20  st7789vw.o(.text.TFT_ST7789VW_GCTRL_Gate_Control_Init)
    TFT_ST7789VW_Init                        0x0800202d   Thumb Code   144  st7789vw.o(.text.TFT_ST7789VW_Init)
    TFT_ST7789VW_LCM_Control_Init            0x080020c5   Thumb Code    22  st7789vw.o(.text.TFT_ST7789VW_LCM_Control_Init)
    TFT_ST7789VW_Memory_Data_Access_Ctrl_Init 0x080020dd   Thumb Code    20  st7789vw.o(.text.TFT_ST7789VW_Memory_Data_Access_Ctrl_Init)
    TFT_ST7789VW_Negative_Voltage_Gamma_Control_Init 0x080020f5   Thumb Code    32  st7789vw.o(.text.TFT_ST7789VW_Negative_Voltage_Gamma_Control_Init)
    TFT_ST7789VW_Porch_Setting_Init          0x08002125   Thumb Code    24  st7789vw.o(.text.TFT_ST7789VW_Porch_Setting_Init)
    TFT_ST7789VW_Positive_Voltage_Gamma_Control_Init 0x08002145   Thumb Code    28  st7789vw.o(.text.TFT_ST7789VW_Positive_Voltage_Gamma_Control_Init)
    TFT_ST7789VW_Power_Control_1_Init        0x0800216d   Thumb Code    24  st7789vw.o(.text.TFT_ST7789VW_Power_Control_1_Init)
    TFT_ST7789VW_Power_Control_2_Init        0x08002189   Thumb Code    20  st7789vw.o(.text.TFT_ST7789VW_Power_Control_2_Init)
    TFT_ST7789VW_Set_Addr                    0x080021a1   Thumb Code   124  st7789vw.o(.text.TFT_ST7789VW_Set_Addr)
    TFT_ST7789VW_Set_RGB565_Mode             0x08002221   Thumb Code    20  st7789vw.o(.text.TFT_ST7789VW_Set_RGB565_Mode)
    TFT_ST7789VW_Sleep_Out                   0x08002239   Thumb Code    20  st7789vw.o(.text.TFT_ST7789VW_Sleep_Out)
    TFT_ST7789VW_VCOM_Setting_Init           0x0800224d   Thumb Code    20  st7789vw.o(.text.TFT_ST7789VW_VCOM_Setting_Init)
    TFT_ST7789VW_VDV_and_VRH_Cmd_Enable_Init 0x08002265   Thumb Code    22  st7789vw.o(.text.TFT_ST7789VW_VDV_and_VRH_Cmd_Enable_Init)
    TFT_ST7789VW_VRH_Set_Init                0x0800227d   Thumb Code    20  st7789vw.o(.text.TFT_ST7789VW_VRH_Set_Init)
    TFT_Set_Addr                             0x08002295   Thumb Code    52  tft_driver.o(.text.TFT_Set_Addr)
    TFT_Soft_spi_Send                        0x080022c9   Thumb Code    20  tft_port_gd32e230.o(.text.TFT_Soft_spi_Send)
    TFT_display_loop_1                       0x080022e1   Thumb Code   180  main.o(.text.TFT_display_loop_1)
    TFT_wegui_Interface_Back                 0x080023a5   Thumb Code   412  we_tft_app.o(.text.TFT_wegui_Interface_Back)
    TFT_wegui_Interface_Ok                   0x08002545   Thumb Code   428  we_tft_app.o(.text.TFT_wegui_Interface_Ok)
    TFT_wegui_pokerapp_CurMenu_Init          0x080026f5   Thumb Code   124  we_tft_app.o(.text.TFT_wegui_pokerapp_CurMenu_Init)
    TFT_wegui_show_type1List                 0x08002789   Thumb Code  2620  we_tft_app.o(.text.TFT_wegui_show_type1List)
    TFT_wegui_show_typeApp_PokerDesktop      0x080031e9   Thumb Code  2328  we_tft_app.o(.text.TFT_wegui_show_typeApp_PokerDesktop)
    TFT_wegui_type1List_CurMenu_Init         0x08003b19   Thumb Code   124  we_tft_app.o(.text.TFT_wegui_type1List_CurMenu_Init)
    TFT_wegui_type1List_Interface_Next       0x08003ba9   Thumb Code   380  we_tft_app.o(.text.TFT_wegui_type1List_Interface_Next)
    TFT_wegui_type1List_Interface_Prev       0x08003d31   Thumb Code   280  we_tft_app.o(.text.TFT_wegui_type1List_Interface_Prev)
    Timer2_For_Buzzer_Init                   0x08003e55   Thumb Code   112  main.o(.text.Timer2_For_Buzzer_Init)
    Uart_Send_String                         0x08003ed1   Thumb Code    36  uart.o(.text.Uart_Send_String)
    Uart_Send_data                           0x08003ef5   Thumb Code    40  uart.o(.text.Uart_Send_data)
    WE_Buzzer_Init                           0x08003f25   Thumb Code    10  tft_driver.o(.text.WE_Buzzer_Init)
    WE_Buzzer_Loop_Func                      0x08003f31   Thumb Code   424  tft_wegui.o(.text.WE_Buzzer_Loop_Func)
    WE_TFT_Draw_Ascii                        0x080040ed   Thumb Code    76  tft_driver.o(.text.WE_TFT_Draw_Ascii)
    WE_TFT_Draw_Box                          0x08004139   Thumb Code   392  tft_driver.o(.text.WE_TFT_Draw_Box)
    WE_TFT_Draw_Chinese                      0x080042d1   Thumb Code   188  tft_driver.o(.text.WE_TFT_Draw_Chinese)
    WE_TFT_Draw_Num_Auto_length              0x08004391   Thumb Code   436  tft_driver.o(.text.WE_TFT_Draw_Num_Auto_length)
    WE_TFT_Draw_Num_Fix_length               0x08004549   Thumb Code   824  tft_driver.o(.text.WE_TFT_Draw_Num_Fix_length)
    WE_TFT_Draw_RBox                         0x08004889   Thumb Code   660  tft_driver.o(.text.WE_TFT_Draw_RBox)
    WE_TFT_Draw_UTF8                         0x08004b25   Thumb Code   580  tft_driver.o(.text.WE_TFT_Draw_UTF8)
    WE_TFT_Draw_UTF8_With_RBox_justpos       0x08004d71   Thumb Code   920  we_tft_app.o(.text.WE_TFT_Draw_UTF8_With_RBox_justpos)
    WE_TFT_Draw_mcuRom_BMP_Picture           0x08005115   Thumb Code   748  tft_driver.o(.text.WE_TFT_Draw_mcuRom_BMP_Picture)
    WE_TFT_Fill_Screen                       0x08005409   Thumb Code    80  tft_driver.o(.text.WE_TFT_Fill_Screen)
    WE_TFT_Get_UTF8_XLen                     0x08005461   Thumb Code   188  tft_driver.o(.text.WE_TFT_Get_UTF8_XLen)
    WE_TFT_Get_intNum_decbit                 0x0800551d   Thumb Code   160  tft_driver.o(.text.WE_TFT_Get_intNum_decbit)
    WE_TFT_Get_uintNum_decbit                0x080055bd   Thumb Code   100  tft_driver.o(.text.WE_TFT_Get_uintNum_decbit)
    WE_TFT_Get_unintNum_XLen                 0x08005629   Thumb Code    40  tft_driver.o(.text.WE_TFT_Get_unintNum_XLen)
    WE_TFT_Init                              0x08005655   Thumb Code   224  tft_driver.o(.text.WE_TFT_Init)
    Wait_Soft_spi_Done                       0x08005745   Thumb Code    20  tft_port_gd32e230.o(.text.Wait_Soft_spi_Done)
    We_Buzz_PowerOff                         0x0800575d   Thumb Code    16  tft_port_gd32e230.o(.text.We_Buzz_PowerOff)
    We_Buzz_PowerOn                          0x08005771   Thumb Code    16  tft_port_gd32e230.o(.text.We_Buzz_PowerOn)
    We_Buzz_frOff                            0x08005785   Thumb Code    24  tft_port_gd32e230.o(.text.We_Buzz_frOff)
    We_Buzz_frOn                             0x080057a1   Thumb Code    12  tft_port_gd32e230.o(.text.We_Buzz_frOn)
    Wegui_1ms_Stick_Func                     0x080057b1   Thumb Code    52  tft_wegui.o(.text.Wegui_1ms_Stick_Func)
    adc_calibration_enable                   0x08005925   Thumb Code    56  gd32e23x_adc.o(.text.adc_calibration_enable)
    adc_channel_length_config                0x0800595d   Thumb Code    96  gd32e23x_adc.o(.text.adc_channel_length_config)
    adc_data_alignment_config                0x080059c5   Thumb Code    44  gd32e23x_adc.o(.text.adc_data_alignment_config)
    adc_enable                               0x080059f1   Thumb Code    24  gd32e23x_adc.o(.text.adc_enable)
    adc_flag_clear                           0x08005a09   Thumb Code    20  gd32e23x_adc.o(.text.adc_flag_clear)
    adc_flag_get                             0x08005a1d   Thumb Code    40  gd32e23x_adc.o(.text.adc_flag_get)
    adc_regular_channel_config               0x08005a49   Thumb Code   328  gd32e23x_adc.o(.text.adc_regular_channel_config)
    adc_regular_data_read                    0x08005ba5   Thumb Code     8  gd32e23x_adc.o(.text.adc_regular_data_read)
    adc_software_trigger_enable              0x08005bb1   Thumb Code    60  gd32e23x_adc.o(.text.adc_software_trigger_enable)
    adc_special_function_config              0x08005bed   Thumb Code   172  gd32e23x_adc.o(.text.adc_special_function_config)
    change_langauge                          0x08005ca1   Thumb Code    16  tft_wegui.o(.text.change_langauge)
    change_langauge_to_Chinese               0x08005cb5   Thumb Code    14  tft_wegui.o(.text.change_langauge_to_Chinese)
    change_langauge_to_English               0x08005cc3   Thumb Code    14  tft_wegui.o(.text.change_langauge_to_English)
    delay_decrement                          0x08005cd1   Thumb Code    20  systick.o(.text.delay_decrement)
    delay_ms                                 0x08005ce5   Thumb Code    28  systick.o(.text.delay_ms)
    dma_channel_disable                      0x08005d05   Thumb Code    28  gd32e23x_dma.o(.text.dma_channel_disable)
    dma_circulation_disable                  0x08005d21   Thumb Code    28  gd32e23x_dma.o(.text.dma_circulation_disable)
    dma_deinit                               0x08005d3d   Thumb Code    88  gd32e23x_dma.o(.text.dma_deinit)
    dma_init                                 0x08005d95   Thumb Code   268  gd32e23x_dma.o(.text.dma_init)
    dma_interrupt_enable                     0x08005ea9   Thumb Code    32  gd32e23x_dma.o(.text.dma_interrupt_enable)
    dma_interrupt_flag_clear                 0x08005ec9   Thumb Code    32  gd32e23x_dma.o(.text.dma_interrupt_flag_clear)
    dma_memory_address_config                0x08005eed   Thumb Code    32  gd32e23x_dma.o(.text.dma_memory_address_config)
    dma_memory_to_memory_disable             0x08005f11   Thumb Code    32  gd32e23x_dma.o(.text.dma_memory_to_memory_disable)
    gpio_af_set                              0x08005f35   Thumb Code   192  gd32e23x_gpio.o(.text.gpio_af_set)
    gpio_input_bit_get                       0x08005ff5   Thumb Code    42  gd32e23x_gpio.o(.text.gpio_input_bit_get)
    gpio_mode_set                            0x0800601f   Thumb Code   142  gd32e23x_gpio.o(.text.gpio_mode_set)
    gpio_output_options_set                  0x080060ad   Thumb Code   138  gd32e23x_gpio.o(.text.gpio_output_options_set)
    itoa                                     0x08006139   Thumb Code   248  tft_wegui.o(.text.itoa)
    main                                     0x08006235   Thumb Code   336  main.o(.text.main)
    mix_get_id                               0x080063b5   Thumb Code   140  mcuinfo.o(.text.mix_get_id)
    mix_size_info                            0x08006445   Thumb Code    68  mcuinfo.o(.text.mix_size_info)
    nvic_irq_enable                          0x08006491   Thumb Code    44  gd32e23x_misc.o(.text.nvic_irq_enable)
    nvic_vector_table_set                    0x080064bd   Thumb Code    28  gd32e23x_misc.o(.text.nvic_vector_table_set)
    rcu_adc_clock_config                     0x080064e1   Thumb Code   384  gd32e23x_rcu.o(.text.rcu_adc_clock_config)
    rcu_clock_freq_get                       0x0800666d   Thumb Code   724  gd32e23x_rcu.o(.text.rcu_clock_freq_get)
    rcu_periph_clock_enable                  0x08006965   Thumb Code    36  gd32e23x_rcu.o(.text.rcu_periph_clock_enable)
    rcu_periph_reset_disable                 0x08006989   Thumb Code    36  gd32e23x_rcu.o(.text.rcu_periph_reset_disable)
    rcu_periph_reset_enable                  0x080069ad   Thumb Code    36  gd32e23x_rcu.o(.text.rcu_periph_reset_enable)
    spi_dma_enable                           0x080069d1   Thumb Code    42  gd32e23x_spi.o(.text.spi_dma_enable)
    spi_enable                               0x080069fb   Thumb Code    18  gd32e23x_spi.o(.text.spi_enable)
    spi_init                                 0x08006a0d   Thumb Code   304  gd32e23x_spi.o(.text.spi_init)
    spin_pointint_change                     0x08006b45   Thumb Code    64  main.o(.text.spin_pointint_change)
    systick_config                           0x08006c75   Thumb Code    36  systick.o(.text.systick_config)
    timer_auto_reload_shadow_enable          0x08006c9d   Thumb Code    18  gd32e23x_timer.o(.text.timer_auto_reload_shadow_enable)
    timer_autoreload_value_config            0x08006caf   Thumb Code    18  gd32e23x_timer.o(.text.timer_autoreload_value_config)
    timer_channel_output_config              0x08006cc1   Thumb Code   740  gd32e23x_timer.o(.text.timer_channel_output_config)
    timer_channel_output_mode_config         0x08006fb5   Thumb Code   158  gd32e23x_timer.o(.text.timer_channel_output_mode_config)
    timer_channel_output_pulse_value_config  0x08007055   Thumb Code    82  gd32e23x_timer.o(.text.timer_channel_output_pulse_value_config)
    timer_channel_output_shadow_config       0x080070a9   Thumb Code   158  gd32e23x_timer.o(.text.timer_channel_output_shadow_config)
    timer_counter_value_config               0x08007147   Thumb Code    18  gd32e23x_timer.o(.text.timer_counter_value_config)
    timer_deinit                             0x08007159   Thumb Code   200  gd32e23x_timer.o(.text.timer_deinit)
    timer_disable                            0x08007241   Thumb Code    18  gd32e23x_timer.o(.text.timer_disable)
    timer_enable                             0x08007253   Thumb Code    18  gd32e23x_timer.o(.text.timer_enable)
    timer_init                               0x08007265   Thumb Code   228  gd32e23x_timer.o(.text.timer_init)
    usart_baudrate_set                       0x08007361   Thumb Code   172  gd32e23x_usart.o(.text.usart_baudrate_set)
    usart_data_transmit                      0x08007411   Thumb Code    20  gd32e23x_usart.o(.text.usart_data_transmit)
    usart_deinit                             0x08007429   Thumb Code    68  gd32e23x_usart.o(.text.usart_deinit)
    usart_enable                             0x08007479   Thumb Code    18  gd32e23x_usart.o(.text.usart_enable)
    usart_flag_get                           0x0800748b   Thumb Code    60  gd32e23x_usart.o(.text.usart_flag_get)
    usart_init                               0x080074c9   Thumb Code   168  main.o(.text.usart_init)
    usart_parity_config                      0x08007581   Thumb Code    42  gd32e23x_usart.o(.text.usart_parity_config)
    usart_receive_config                     0x080075ab   Thumb Code    30  gd32e23x_usart.o(.text.usart_receive_config)
    usart_stop_bit_set                       0x080075c9   Thumb Code    42  gd32e23x_usart.o(.text.usart_stop_bit_set)
    usart_transmit_config                    0x080075f3   Thumb Code    30  gd32e23x_usart.o(.text.usart_transmit_config)
    usart_word_length_set                    0x08007611   Thumb Code    42  gd32e23x_usart.o(.text.usart_word_length_set)
    we_limit_keepin_zoomdown_x_end           0x0800763d   Thumb Code    64  tft_driver.o(.text.we_limit_keepin_zoomdown_x_end)
    we_limit_keepin_zoomdown_y_end           0x0800767d   Thumb Code    64  tft_driver.o(.text.we_limit_keepin_zoomdown_y_end)
    wegui_get_string                         0x080076c1   Thumb Code    50  tft_wegui.o(.text.wegui_get_string)
    __scatterload_copy                       0x080076f3   Thumb Code    14  handlers.o(i.__scatterload_copy)
    __scatterload_null                       0x08007701   Thumb Code     2  handlers.o(i.__scatterload_null)
    __scatterload_zeroinit                   0x08007703   Thumb Code    14  handlers.o(i.__scatterload_zeroinit)
    C12_bitmap                               0x08007894   Data          24  tft_driver.o(.rodata.C12_bitmap)
    Poker_machine_HZ_SONGTI_32X32            0x080078ac   Data        8576  hz_songti.o(.rodata.Poker_machine_HZ_SONGTI_32X32)
    Poker_machine_HZ_SONGTI_32X32_Index      0x08009a2c   Data         134  hz_songti.o(.rodata.Poker_machine_HZ_SONGTI_32X32_Index)
    VectorFonts_ASCII_16X32_Index            0x08009ab4   Data         380  ascii_vector_fonts.o(.rodata.VectorFonts_ASCII_16X32_Index)
    fonts_ascii_SongTi_16x32                 0x08009c34   Data        6080  ascii_songti.o(.rodata.fonts_ascii_SongTi_16x32)
    string_OFF                               0x0800b860   Data           8  we_tft_app.o(.rodata.string_OFF)
    string_ON                                0x0800b868   Data           8  we_tft_app.o(.rodata.string_ON)
    voice_freq                               0x0800b870   Data          34  main.o(.rodata.voice_freq)
    Region$$Table$$Base                      0x0800b894   Number         0  anon$$obj.o(Region$$Table)
    Region$$Table$$Limit                     0x0800b8b4   Number         0  anon$$obj.o(Region$$Table)
    SystemCoreClock                          0x20000000   Data           4  system_gd32e23x.o(.data.SystemCoreClock)
    m_Setting                                0x20000008   Data          96  wegui_menu_app.o(.data.m_Setting)
    m_Setting_About                          0x20000068   Data          96  wegui_menu_app.o(.data.m_Setting_About)
    m_Setting_Gernal                         0x200000c8   Data          96  wegui_menu_app.o(.data.m_Setting_Gernal)
    m_Setting_PlayMode                       0x20000128   Data          96  wegui_menu_app.o(.data.m_Setting_PlayMode)
    m_Setting_PlayMode_PocketCardPri         0x20000188   Data          96  wegui_menu_app.o(.data.m_Setting_PlayMode_PocketCardPri)
    m_Setting_PlayMode_Radom                 0x200001e8   Data          96  wegui_menu_app.o(.data.m_Setting_PlayMode_Radom)
    m_Setting_PlayMode_Serial                0x20000248   Data          96  wegui_menu_app.o(.data.m_Setting_PlayMode_Serial)
    m_Setting_PlayMode_dealtDir              0x200002a8   Data          96  wegui_menu_app.o(.data.m_Setting_PlayMode_dealtDir)
    m_Setting_PlayMode_dealtMode             0x20000308   Data          96  wegui_menu_app.o(.data.m_Setting_PlayMode_dealtMode)
    m_Setting_Player_Pos                     0x20000368   Data          96  wegui_menu_app.o(.data.m_Setting_Player_Pos)
    m_Setting_System                         0x200003c8   Data          96  wegui_menu_app.o(.data.m_Setting_System)
    m_Setting_System_Display                 0x20000428   Data          96  wegui_menu_app.o(.data.m_Setting_System_Display)
    m_Setting_System_Langauge                0x20000488   Data          96  wegui_menu_app.o(.data.m_Setting_System_Langauge)
    m_Setting_System_Langauge_Chinese        0x200004e8   Data          96  wegui_menu_app.o(.data.m_Setting_System_Langauge_Chinese)
    m_Setting_System_Langauge_English        0x20000548   Data          96  wegui_menu_app.o(.data.m_Setting_System_Langauge_English)
    m_Setting_System_Remote                  0x200005a8   Data          96  wegui_menu_app.o(.data.m_Setting_System_Remote)
    m_Setting_System_Sound                   0x20000608   Data          96  wegui_menu_app.o(.data.m_Setting_System_Sound)
    m_Setting_System_Sound_Tone              0x20000668   Data          96  wegui_menu_app.o(.data.m_Setting_System_Sound_Tone)
    m_Setting_System_Sound_Volume            0x200006c8   Data          96  wegui_menu_app.o(.data.m_Setting_System_Sound_Volume)
    m_Setting_System_Theme                   0x20000728   Data          96  wegui_menu_app.o(.data.m_Setting_System_Theme)
    m_Setting_System_Touch                   0x20000788   Data          96  wegui_menu_app.o(.data.m_Setting_System_Touch)
    m_main                                   0x200007e8   Data          96  wegui_menu_app.o(.data.m_main)
    m_main_App_poker                         0x20000848   Data          96  wegui_menu_app.o(.data.m_main_App_poker)
    m_main_Player                            0x200008a8   Data          96  wegui_menu_app.o(.data.m_main_Player)
    m_main_Pocket                            0x20000908   Data          96  wegui_menu_app.o(.data.m_main_Pocket)
    m_main_sheet                             0x20000968   Data          96  wegui_menu_app.o(.data.m_main_sheet)
    poker_mathine                            0x200009c8   Data          72  main.o(.data.poker_mathine)
    we_limit_keepin                          0x20000a10   Data           8  tft_driver.o(.data.we_limit_keepin)
    wegui                                    0x20000a18   Data          32  tft_wegui.o(.data.wegui)
    wegui_font                               0x20000a38   Data          32  tft_wegui.o(.data.wegui_font)
    ADC_Value_Chanel_6                       0x20000a5a   Data           2  main.o(.bss.ADC_Value_Chanel_6)
    ADC_Value_Chanel_7                       0x20000a5c   Data           2  main.o(.bss.ADC_Value_Chanel_7)
    ADC_Value_Chanel_9                       0x20000a5e   Data           2  main.o(.bss.ADC_Value_Chanel_9)
    Buzzer_Mode                              0x20000a60   Data           1  tft_wegui.o(.bss.Buzzer_Mode)
    McuInfo                                  0x20000a68   Data          32  mcuinfo.o(.bss.McuInfo)
    TFT_UI_RAM                               0x20000a9c   Data        2048  tft_driver.o(.bss.TFT_UI_RAM)
    T_1ms                                    0x200012a0   Data           2  main.o(.bss.T_1ms)
    b_TFT_dma_busy                           0x200012a2   Data           1  tft_driver.o(.bss.b_TFT_dma_busy)
    key_Shufcenter                           0x200012ac   Data           2  user_key.o(.bss.key_Shufcenter)
    key_Shufdown                             0x200012ae   Data           2  user_key.o(.bss.key_Shufdown)
    key_Shufleft                             0x200012b0   Data           2  user_key.o(.bss.key_Shufleft)
    key_Shufright                            0x200012b2   Data           2  user_key.o(.bss.key_Shufright)
    key_Shufup                               0x200012b4   Data           2  user_key.o(.bss.key_Shufup)
    key_left_1                               0x200012b6   Data           2  user_key.o(.bss.key_left_1)
    key_left_2                               0x200012b8   Data           2  user_key.o(.bss.key_left_2)
    key_left_3                               0x200012ba   Data           2  user_key.o(.bss.key_left_3)
    key_right_1                              0x200012bc   Data           2  user_key.o(.bss.key_right_1)
    key_right_2                              0x200012be   Data           2  user_key.o(.bss.key_right_2)
    key_right_3                              0x200012c0   Data           2  user_key.o(.bss.key_right_3)
    key_touch                                0x200012c2   Data           2  user_key.o(.bss.key_touch)
    menu_cursor                              0x200012c5   Data           1  tft_wegui.o(.bss.menu_cursor)
    wegui_1ms_Tstick                         0x200012ce   Data           2  tft_wegui.o(.bss.wegui_1ms_Tstick)
    wegui_par                                0x200012d0   Data          28  we_tft_app.o(.bss.wegui_par)
    __initial_sp                             0x200016f0   Data           0  startup_gd32e23x.o(STACK)



==============================================================================

Memory Map of the image

  Image Entry point : 0x080000cd

  Load Region LR_IROM1 (Base: 0x08000000, Size: 0x0000c310, Max: 0x00010000, ABSOLUTE, COMPRESSED[0x0000bbb0])

    Execution Region ER_IROM1 (Exec base: 0x08000000, Load base: 0x08000000, Size: 0x0000b8b4, Max: 0x00010000, ABSOLUTE)

    Exec Addr    Load Addr    Size         Type   Attr      Idx    E Section Name        Object

    0x08000000   0x08000000   0x000000cc   Data   RO         1319    RESET               startup_gd32e23x.o
    0x080000cc   0x080000cc   0x00000000   Code   RO         1805  * .ARM.Collect$$$$00000000  mc_p.l(entry.o)
    0x080000cc   0x080000cc   0x00000004   Code   RO         1812    .ARM.Collect$$$$00000001  mc_p.l(entry2.o)
    0x080000d0   0x080000d0   0x00000004   Code   RO         1815    .ARM.Collect$$$$00000004  mc_p.l(entry5.o)
    0x080000d4   0x080000d4   0x00000000   Code   RO         1817    .ARM.Collect$$$$00000008  mc_p.l(entry7b.o)
    0x080000d4   0x080000d4   0x00000000   Code   RO         1819    .ARM.Collect$$$$0000000A  mc_p.l(entry8b.o)
    0x080000d4   0x080000d4   0x00000008   Code   RO         1820    .ARM.Collect$$$$0000000B  mc_p.l(entry9a.o)
    0x080000dc   0x080000dc   0x00000000   Code   RO         1822    .ARM.Collect$$$$0000000D  mc_p.l(entry10a.o)
    0x080000dc   0x080000dc   0x00000000   Code   RO         1824    .ARM.Collect$$$$0000000F  mc_p.l(entry11a.o)
    0x080000dc   0x080000dc   0x00000004   Code   RO         1813    .ARM.Collect$$$$00002712  mc_p.l(entry2.o)
    0x080000e0   0x080000e0   0x0000001c   Code   RO         1320    .text               startup_gd32e23x.o
    0x080000fc   0x080000fc   0x00000024   Code   RO         1808    .text               mc_p.l(memcpya.o)
    0x08000120   0x08000120   0x00000030   Code   RO         1826    .text               mc_p.l(init.o)
    0x08000150   0x08000150   0x00000056   Code   RO         1836    .text               mc_p.l(__dczerorl2.o)
    0x080001a6   0x080001a6   0x00000002   PAD
    0x080001a8   0x080001a8   0x00000144   Code   RO           48    .text.ADC_Func      main.o
    0x080002ec   0x080002ec   0x00000098   Code   RO           18    .text.Buzzer_Init   main.o
    0x08000384   0x08000384   0x00000010   Code   RO          110    .text.DMA_Channel3_4_IRQHandler  gd32e23x_it.o
    0x08000394   0x08000394   0x00000088   Code   RO          175    .text.GetMcuInfo    mcuinfo.o
    0x0800041c   0x0800041c   0x0000016c   Code   RO           52    .text.Get_irm_state_Func  main.o
    0x08000588   0x08000588   0x0000004c   Code   RO         1547    .text.Get_submenu_num  we_tft_app.o
    0x080005d4   0x080005d4   0x00000004   Code   RO          114    .text.HardFault_Handler  gd32e23x_it.o
    0x080005d8   0x080005d8   0x00000078   Code   RO           44    .text.Key_ADC_Init  main.o
    0x08000650   0x08000650   0x00000084   Code   RO           50    .text.Key_Func      main.o
    0x080006d4   0x080006d4   0x000000a4   Code   RO           20    .text.Key_left_1_func  main.o
    0x08000778   0x08000778   0x0000009c   Code   RO           22    .text.Key_left_2_func  main.o
    0x08000814   0x08000814   0x0000007c   Code   RO           24    .text.Key_left_3_func  main.o
    0x08000890   0x08000890   0x00000012   Code   RO          150    .text.Key_par_Init  user_key.o
    0x080008a2   0x080008a2   0x00000002   PAD
    0x080008a4   0x080008a4   0x0000009c   Code   RO           26    .text.Key_right_1_func  main.o
    0x08000940   0x08000940   0x0000009c   Code   RO           28    .text.Key_right_2_func  main.o
    0x080009dc   0x080009dc   0x000000a4   Code   RO           30    .text.Key_right_3_func  main.o
    0x08000a80   0x08000a80   0x00000168   Code   RO          148    .text.Keysw_det     user_key.o
    0x08000be8   0x08000be8   0x00000004   Code   RO          112    .text.NMI_Handler   gd32e23x_it.o
    0x08000bec   0x08000bec   0x00000004   Code   RO          118    .text.PendSV_Handler  gd32e23x_it.o
    0x08000bf0   0x08000bf0   0x00000260   Code   RO         1567    .text.Play_Cursor_GIF  we_tft_app.o
    0x08000e50   0x08000e50   0x00000498   Code   RO            4    .text.Poker_task_func  main.o
    0x080012e8   0x080012e8   0x00000024   Code   RO            2    .text.Push_Poker_task  main.o
    0x0800130c   0x0800130c   0x000000d0   Code   RO         1503    .text.Reflash_fps   tft_wegui.o
    0x080013dc   0x080013dc   0x00000004   Code   RO          116    .text.SVC_Handler   gd32e23x_it.o
    0x080013e0   0x080013e0   0x00000034   Code   RO         1517    .text.Send_Buzzer   tft_wegui.o
    0x08001414   0x08001414   0x00000044   Code   RO           12    .text.Set_Buzzer_freq  main.o
    0x08001458   0x08001458   0x0000004c   Code   RO           16    .text.Set_Buzzer_freqid  main.o
    0x080014a4   0x080014a4   0x0000006c   Code   RO           14    .text.Set_Buzzer_volume  main.o
    0x08001510   0x08001510   0x00000134   Code   RO            6    .text.Set_DC_Level  main.o
    0x08001644   0x08001644   0x00000034   Code   RO         1509    .text.Setting_Langauge_menu_begin_fun  tft_wegui.o
    0x08001678   0x08001678   0x000000c4   Code   RO           58    .text.Show_debug    main.o
    0x0800173c   0x0800173c   0x0000006e   Code   RO          137    .text.Soft_Uart_Send_Hex_uint8_String  uart.o
    0x080017aa   0x080017aa   0x0000007e   Code   RO          133    .text.Soft_Uart_Send_Num_uint16_String  uart.o
    0x08001828   0x08001828   0x00000320   Code   RO           56    .text.Startup_Init  main.o
    0x08001b48   0x08001b48   0x0000004c   Code   RO           94    .text.SysTick_Config  systick.o
    0x08001b94   0x08001b94   0x00000018   Code   RO          120    .text.SysTick_Handler  gd32e23x_it.o
    0x08001bac   0x08001bac   0x000000fc   Code   RO          186    .text.SystemInit    system_gd32e23x.o
    0x08001ca8   0x08001ca8   0x00000020   Code   RO         1398    .text.TFT_DMA_SPI_Int  tft_port_gd32e230.o
    0x08001cc8   0x08001cc8   0x00000010   Code   RO         1360    .text.TFT_Dealy_ms  tft_port_gd32e230.o
    0x08001cd8   0x08001cd8   0x0000008c   Code   RO         1415    .text.TFT_IC_All_Pixel_Clear  tft_driver.o
    0x08001d64   0x08001d64   0x00000028   Code   RO         1368    .text.TFT_SPI_16bit_Init  tft_port_gd32e230.o
    0x08001d8c   0x08001d8c   0x00000028   Code   RO         1366    .text.TFT_SPI_8bit_Init  tft_port_gd32e230.o
    0x08001db4   0x08001db4   0x000000c4   Code   RO         1382    .text.TFT_SPI_DMA_Init  tft_port_gd32e230.o
    0x08001e78   0x08001e78   0x00000024   Code   RO         1370    .text.TFT_SPI_DMA_MEM_DisINC_16bit_Init  tft_port_gd32e230.o
    0x08001e9c   0x08001e9c   0x00000028   Code   RO         1372    .text.TFT_SPI_DMA_MEM_EnINC_16bit_Init  tft_port_gd32e230.o
    0x08001ec4   0x08001ec4   0x00000084   Code   RO         1386    .text.TFT_SPI_DMA_Send_data  tft_port_gd32e230.o
    0x08001f48   0x08001f48   0x000000a4   Code   RO         1384    .text.TFT_SPI_Send_CMD  tft_port_gd32e230.o
    0x08001fec   0x08001fec   0x00000014   Code   RO         1649    .text.TFT_ST7789VW_Display_On  st7789vw.o
    0x08002000   0x08002000   0x00000018   Code   RO         1717    .text.TFT_ST7789VW_Frame_Rate_Control_in_Normal_Mode_Init  st7789vw.o
    0x08002018   0x08002018   0x00000014   Code   RO         1695    .text.TFT_ST7789VW_GCTRL_Gate_Control_Init  st7789vw.o
    0x0800202c   0x0800202c   0x00000098   Code   RO         1753    .text.TFT_ST7789VW_Init  st7789vw.o
    0x080020c4   0x080020c4   0x00000016   Code   RO         1707    .text.TFT_ST7789VW_LCM_Control_Init  st7789vw.o
    0x080020da   0x080020da   0x00000002   PAD
    0x080020dc   0x080020dc   0x00000018   Code   RO         1659    .text.TFT_ST7789VW_Memory_Data_Access_Ctrl_Init  st7789vw.o
    0x080020f4   0x080020f4   0x00000030   Code   RO         1731    .text.TFT_ST7789VW_Negative_Voltage_Gamma_Control_Init  st7789vw.o
    0x08002124   0x08002124   0x00000020   Code   RO         1689    .text.TFT_ST7789VW_Porch_Setting_Init  st7789vw.o
    0x08002144   0x08002144   0x00000028   Code   RO         1729    .text.TFT_ST7789VW_Positive_Voltage_Gamma_Control_Init  st7789vw.o
    0x0800216c   0x0800216c   0x0000001c   Code   RO         1723    .text.TFT_ST7789VW_Power_Control_1_Init  st7789vw.o
    0x08002188   0x08002188   0x00000018   Code   RO         1741    .text.TFT_ST7789VW_Power_Control_2_Init  st7789vw.o
    0x080021a0   0x080021a0   0x00000080   Code   RO         1629    .text.TFT_ST7789VW_Set_Addr  st7789vw.o
    0x08002220   0x08002220   0x00000018   Code   RO         1669    .text.TFT_ST7789VW_Set_RGB565_Mode  st7789vw.o
    0x08002238   0x08002238   0x00000014   Code   RO         1635    .text.TFT_ST7789VW_Sleep_Out  st7789vw.o
    0x0800224c   0x0800224c   0x00000018   Code   RO         1701    .text.TFT_ST7789VW_VCOM_Setting_Init  st7789vw.o
    0x08002264   0x08002264   0x00000016   Code   RO         1709    .text.TFT_ST7789VW_VDV_and_VRH_Cmd_Enable_Init  st7789vw.o
    0x0800227a   0x0800227a   0x00000002   PAD
    0x0800227c   0x0800227c   0x00000018   Code   RO         1711    .text.TFT_ST7789VW_VRH_Set_Init  st7789vw.o
    0x08002294   0x08002294   0x00000034   Code   RO         1413    .text.TFT_Set_Addr  tft_driver.o
    0x080022c8   0x080022c8   0x00000018   Code   RO         1362    .text.TFT_Soft_spi_Send  tft_port_gd32e230.o
    0x080022e0   0x080022e0   0x000000c4   Code   RO           42    .text.TFT_display_loop_1  main.o
    0x080023a4   0x080023a4   0x000001a0   Code   RO         1553    .text.TFT_wegui_Interface_Back  we_tft_app.o
    0x08002544   0x08002544   0x000001b0   Code   RO         1555    .text.TFT_wegui_Interface_Ok  we_tft_app.o
    0x080026f4   0x080026f4   0x00000094   Code   RO         1563    .text.TFT_wegui_pokerapp_CurMenu_Init  we_tft_app.o
    0x08002788   0x08002788   0x00000a60   Code   RO         1565    .text.TFT_wegui_show_type1List  we_tft_app.o
    0x080031e8   0x080031e8   0x00000930   Code   RO         1569    .text.TFT_wegui_show_typeApp_PokerDesktop  we_tft_app.o
    0x08003b18   0x08003b18   0x00000090   Code   RO         1561    .text.TFT_wegui_type1List_CurMenu_Init  we_tft_app.o
    0x08003ba8   0x08003ba8   0x00000188   Code   RO         1557    .text.TFT_wegui_type1List_Interface_Next  we_tft_app.o
    0x08003d30   0x08003d30   0x00000124   Code   RO         1559    .text.TFT_wegui_type1List_Interface_Prev  we_tft_app.o
    0x08003e54   0x08003e54   0x0000007c   Code   RO           10    .text.Timer2_For_Buzzer_Init  main.o
    0x08003ed0   0x08003ed0   0x00000024   Code   RO          131    .text.Uart_Send_String  uart.o
    0x08003ef4   0x08003ef4   0x00000030   Code   RO          129    .text.Uart_Send_data  uart.o
    0x08003f24   0x08003f24   0x0000000a   Code   RO         1417    .text.WE_Buzzer_Init  tft_driver.o
    0x08003f2e   0x08003f2e   0x00000002   PAD
    0x08003f30   0x08003f30   0x000001bc   Code   RO         1515    .text.WE_Buzzer_Loop_Func  tft_wegui.o
    0x080040ec   0x080040ec   0x0000004c   Code   RO         1451    .text.WE_TFT_Draw_Ascii  tft_driver.o
    0x08004138   0x08004138   0x00000198   Code   RO         1433    .text.WE_TFT_Draw_Box  tft_driver.o
    0x080042d0   0x080042d0   0x000000c0   Code   RO         1453    .text.WE_TFT_Draw_Chinese  tft_driver.o
    0x08004390   0x08004390   0x000001b8   Code   RO         1461    .text.WE_TFT_Draw_Num_Auto_length  tft_driver.o
    0x08004548   0x08004548   0x00000340   Code   RO         1459    .text.WE_TFT_Draw_Num_Fix_length  tft_driver.o
    0x08004888   0x08004888   0x0000029c   Code   RO         1437    .text.WE_TFT_Draw_RBox  tft_driver.o
    0x08004b24   0x08004b24   0x0000024c   Code   RO         1455    .text.WE_TFT_Draw_UTF8  tft_driver.o
    0x08004d70   0x08004d70   0x000003a4   Code   RO         1549    .text.WE_TFT_Draw_UTF8_With_RBox_justpos  we_tft_app.o
    0x08005114   0x08005114   0x000002f4   Code   RO         1439    .text.WE_TFT_Draw_mcuRom_BMP_Picture  tft_driver.o
    0x08005408   0x08005408   0x00000058   Code   RO         1443    .text.WE_TFT_Fill_Screen  tft_driver.o
    0x08005460   0x08005460   0x000000bc   Code   RO         1421    .text.WE_TFT_Get_UTF8_XLen  tft_driver.o
    0x0800551c   0x0800551c   0x000000a0   Code   RO         1423    .text.WE_TFT_Get_intNum_decbit  tft_driver.o
    0x080055bc   0x080055bc   0x0000006c   Code   RO         1425    .text.WE_TFT_Get_uintNum_decbit  tft_driver.o
    0x08005628   0x08005628   0x0000002c   Code   RO         1427    .text.WE_TFT_Get_unintNum_XLen  tft_driver.o
    0x08005654   0x08005654   0x000000f0   Code   RO         1419    .text.WE_TFT_Init   tft_driver.o
    0x08005744   0x08005744   0x00000018   Code   RO         1364    .text.Wait_Soft_spi_Done  tft_port_gd32e230.o
    0x0800575c   0x0800575c   0x00000014   Code   RO         1396    .text.We_Buzz_PowerOff  tft_port_gd32e230.o
    0x08005770   0x08005770   0x00000014   Code   RO         1394    .text.We_Buzz_PowerOn  tft_port_gd32e230.o
    0x08005784   0x08005784   0x0000001c   Code   RO         1392    .text.We_Buzz_frOff  tft_port_gd32e230.o
    0x080057a0   0x080057a0   0x00000010   Code   RO         1390    .text.We_Buzz_frOn  tft_port_gd32e230.o
    0x080057b0   0x080057b0   0x00000040   Code   RO         1497    .text.Wegui_1ms_Stick_Func  tft_wegui.o
    0x080057f0   0x080057f0   0x00000034   Code   RO          657    .text.__NVIC_EnableIRQ  gd32e23x_misc.o
    0x08005824   0x08005824   0x0000007c   Code   RO           96    .text.__NVIC_SetPriority  systick.o
    0x080058a0   0x080058a0   0x00000084   Code   RO          655    .text.__NVIC_SetPriority  gd32e23x_misc.o
    0x08005924   0x08005924   0x00000038   Code   RO          209    .text.adc_calibration_enable  gd32e23x_adc.o
    0x0800595c   0x0800595c   0x00000068   Code   RO          225    .text.adc_channel_length_config  gd32e23x_adc.o
    0x080059c4   0x080059c4   0x0000002c   Code   RO          223    .text.adc_data_alignment_config  gd32e23x_adc.o
    0x080059f0   0x080059f0   0x00000018   Code   RO          205    .text.adc_enable    gd32e23x_adc.o
    0x08005a08   0x08005a08   0x00000014   Code   RO          245    .text.adc_flag_clear  gd32e23x_adc.o
    0x08005a1c   0x08005a1c   0x0000002c   Code   RO          243    .text.adc_flag_get  gd32e23x_adc.o
    0x08005a48   0x08005a48   0x0000015c   Code   RO          227    .text.adc_regular_channel_config  gd32e23x_adc.o
    0x08005ba4   0x08005ba4   0x0000000c   Code   RO          239    .text.adc_regular_data_read  gd32e23x_adc.o
    0x08005bb0   0x08005bb0   0x0000003c   Code   RO          237    .text.adc_software_trigger_enable  gd32e23x_adc.o
    0x08005bec   0x08005bec   0x000000b4   Code   RO          221    .text.adc_special_function_config  gd32e23x_adc.o
    0x08005ca0   0x08005ca0   0x00000014   Code   RO         1507    .text.change_langauge  tft_wegui.o
    0x08005cb4   0x08005cb4   0x0000000e   Code   RO         1511    .text.change_langauge_to_Chinese  tft_wegui.o
    0x08005cc2   0x08005cc2   0x0000000e   Code   RO         1513    .text.change_langauge_to_English  tft_wegui.o
    0x08005cd0   0x08005cd0   0x00000014   Code   RO          100    .text.delay_decrement  systick.o
    0x08005ce4   0x08005ce4   0x00000020   Code   RO           98    .text.delay_ms      systick.o
    0x08005d04   0x08005d04   0x0000001c   Code   RO          361    .text.dma_channel_disable  gd32e23x_dma.o
    0x08005d20   0x08005d20   0x0000001c   Code   RO          365    .text.dma_circulation_disable  gd32e23x_dma.o
    0x08005d3c   0x08005d3c   0x00000058   Code   RO          355    .text.dma_deinit    gd32e23x_dma.o
    0x08005d94   0x08005d94   0x00000114   Code   RO          359    .text.dma_init      gd32e23x_dma.o
    0x08005ea8   0x08005ea8   0x00000020   Code   RO          405    .text.dma_interrupt_enable  gd32e23x_dma.o
    0x08005ec8   0x08005ec8   0x00000024   Code   RO          403    .text.dma_interrupt_flag_clear  gd32e23x_dma.o
    0x08005eec   0x08005eec   0x00000024   Code   RO          375    .text.dma_memory_address_config  gd32e23x_dma.o
    0x08005f10   0x08005f10   0x00000024   Code   RO          369    .text.dma_memory_to_memory_disable  gd32e23x_dma.o
    0x08005f34   0x08005f34   0x000000c0   Code   RO          561    .text.gpio_af_set   gd32e23x_gpio.o
    0x08005ff4   0x08005ff4   0x0000002a   Code   RO          553    .text.gpio_input_bit_get  gd32e23x_gpio.o
    0x0800601e   0x0800601e   0x0000008e   Code   RO          541    .text.gpio_mode_set  gd32e23x_gpio.o
    0x080060ac   0x080060ac   0x0000008a   Code   RO          543    .text.gpio_output_options_set  gd32e23x_gpio.o
    0x08006136   0x08006136   0x00000002   PAD
    0x08006138   0x08006138   0x000000fc   Code   RO         1495    .text.itoa          tft_wegui.o
    0x08006234   0x08006234   0x00000180   Code   RO           60    .text.main          main.o
    0x080063b4   0x080063b4   0x00000090   Code   RO          173    .text.mix_get_id    mcuinfo.o
    0x08006444   0x08006444   0x0000004c   Code   RO          171    .text.mix_size_info  mcuinfo.o
    0x08006490   0x08006490   0x0000002c   Code   RO          653    .text.nvic_irq_enable  gd32e23x_misc.o
    0x080064bc   0x080064bc   0x00000024   Code   RO          667    .text.nvic_vector_table_set  gd32e23x_misc.o
    0x080064e0   0x080064e0   0x0000018c   Code   RO          743    .text.rcu_adc_clock_config  gd32e23x_rcu.o
    0x0800666c   0x0800666c   0x000002f8   Code   RO          781    .text.rcu_clock_freq_get  gd32e23x_rcu.o
    0x08006964   0x08006964   0x00000024   Code   RO          717    .text.rcu_periph_clock_enable  gd32e23x_rcu.o
    0x08006988   0x08006988   0x00000024   Code   RO          727    .text.rcu_periph_reset_disable  gd32e23x_rcu.o
    0x080069ac   0x080069ac   0x00000024   Code   RO          725    .text.rcu_periph_reset_enable  gd32e23x_rcu.o
    0x080069d0   0x080069d0   0x0000002a   Code   RO          897    .text.spi_dma_enable  gd32e23x_spi.o
    0x080069fa   0x080069fa   0x00000012   Code   RO          877    .text.spi_enable    gd32e23x_spi.o
    0x08006a0c   0x08006a0c   0x00000138   Code   RO          875    .text.spi_init      gd32e23x_spi.o
    0x08006b44   0x08006b44   0x00000048   Code   RO           54    .text.spin_pointint_change  main.o
    0x08006b8c   0x08006b8c   0x000000e0   Code   RO          192    .text.system_clock_72m_irc8m  system_gd32e23x.o
    0x08006c6c   0x08006c6c   0x00000008   Code   RO          188    .text.system_clock_config  system_gd32e23x.o
    0x08006c74   0x08006c74   0x00000028   Code   RO           92    .text.systick_config  systick.o
    0x08006c9c   0x08006c9c   0x00000012   Code   RO         1005    .text.timer_auto_reload_shadow_enable  gd32e23x_timer.o
    0x08006cae   0x08006cae   0x00000012   Code   RO         1023    .text.timer_autoreload_value_config  gd32e23x_timer.o
    0x08006cc0   0x08006cc0   0x000002f4   Code   RO         1079    .text.timer_channel_output_config  gd32e23x_timer.o
    0x08006fb4   0x08006fb4   0x0000009e   Code   RO         1081    .text.timer_channel_output_mode_config  gd32e23x_timer.o
    0x08007052   0x08007052   0x00000002   PAD
    0x08007054   0x08007054   0x00000052   Code   RO         1083    .text.timer_channel_output_pulse_value_config  gd32e23x_timer.o
    0x080070a6   0x080070a6   0x00000002   PAD
    0x080070a8   0x080070a8   0x0000009e   Code   RO         1085    .text.timer_channel_output_shadow_config  gd32e23x_timer.o
    0x08007146   0x08007146   0x00000012   Code   RO         1025    .text.timer_counter_value_config  gd32e23x_timer.o
    0x08007158   0x08007158   0x000000e8   Code   RO          995    .text.timer_deinit  gd32e23x_timer.o
    0x08007240   0x08007240   0x00000012   Code   RO         1003    .text.timer_disable  gd32e23x_timer.o
    0x08007252   0x08007252   0x00000012   Code   RO         1001    .text.timer_enable  gd32e23x_timer.o
    0x08007264   0x08007264   0x000000fc   Code   RO          999    .text.timer_init    gd32e23x_timer.o
    0x08007360   0x08007360   0x000000b0   Code   RO         1150    .text.usart_baudrate_set  gd32e23x_usart.o
    0x08007410   0x08007410   0x00000018   Code   RO         1184    .text.usart_data_transmit  gd32e23x_usart.o
    0x08007428   0x08007428   0x00000050   Code   RO         1148    .text.usart_deinit  gd32e23x_usart.o
    0x08007478   0x08007478   0x00000012   Code   RO         1158    .text.usart_enable  gd32e23x_usart.o
    0x0800748a   0x0800748a   0x0000003c   Code   RO         1276    .text.usart_flag_get  gd32e23x_usart.o
    0x080074c6   0x080074c6   0x00000002   PAD
    0x080074c8   0x080074c8   0x000000b8   Code   RO           46    .text.usart_init    main.o
    0x08007580   0x08007580   0x0000002a   Code   RO         1152    .text.usart_parity_config  gd32e23x_usart.o
    0x080075aa   0x080075aa   0x0000001e   Code   RO         1164    .text.usart_receive_config  gd32e23x_usart.o
    0x080075c8   0x080075c8   0x0000002a   Code   RO         1156    .text.usart_stop_bit_set  gd32e23x_usart.o
    0x080075f2   0x080075f2   0x0000001e   Code   RO         1162    .text.usart_transmit_config  gd32e23x_usart.o
    0x08007610   0x08007610   0x0000002a   Code   RO         1154    .text.usart_word_length_set  gd32e23x_usart.o
    0x0800763a   0x0800763a   0x00000002   PAD
    0x0800763c   0x0800763c   0x00000040   Code   RO         1409    .text.we_limit_keepin_zoomdown_x_end  tft_driver.o
    0x0800767c   0x0800767c   0x00000044   Code   RO         1411    .text.we_limit_keepin_zoomdown_y_end  tft_driver.o
    0x080076c0   0x080076c0   0x00000032   Code   RO         1499    .text.wegui_get_string  tft_wegui.o
    0x080076f2   0x080076f2   0x0000000e   Code   RO         1830    i.__scatterload_copy  mc_p.l(handlers.o)
    0x08007700   0x08007700   0x00000002   Code   RO         1831    i.__scatterload_null  mc_p.l(handlers.o)
    0x08007702   0x08007702   0x0000000e   Code   RO         1832    i.__scatterload_zeroinit  mc_p.l(handlers.o)
    0x08007710   0x08007710   0x0000014a   Data   RO         1581    .rodata..L__const.Play_Cursor_GIF.bmp_gif_1  we_tft_app.o
    0x0800785a   0x0800785a   0x00000002   PAD
    0x0800785c   0x0800785c   0x0000001c   Data   RO         1401    .rodata..L__const.TFT_SPI_DMA_Init.dma_init_struct  tft_port_gd32e230.o
    0x08007878   0x08007878   0x0000001c   Data   RO         1400    .rodata..L__const.TFT_SPI_DMA_Init.spi_init_struct  tft_port_gd32e230.o
    0x08007894   0x08007894   0x00000018   Data   RO         1479    .rodata.C12_bitmap  tft_driver.o
    0x080078ac   0x080078ac   0x00002180   Data   RO         1353    .rodata.Poker_machine_HZ_SONGTI_32X32  hz_songti.o
    0x08009a2c   0x08009a2c   0x00000086   Data   RO         1354    .rodata.Poker_machine_HZ_SONGTI_32X32_Index  hz_songti.o
    0x08009ab2   0x08009ab2   0x00000002   PAD
    0x08009ab4   0x08009ab4   0x0000017c   Data   RO         1345    .rodata.VectorFonts_ASCII_16X32_Index  ascii_vector_fonts.o
    0x08009c30   0x08009c30   0x00000004   Data   RO          178    .rodata.cst4        mcuinfo.o
    0x08009c34   0x08009c34   0x000017c0   Data   RO         1330    .rodata.fonts_ascii_SongTi_16x32  ascii_songti.o
    0x0800b3f4   0x0800b3f4   0x00000087   Data   RO           81    .rodata.str1.1      main.o
    0x0800b47b   0x0800b47b   0x00000037   Data   RO         1521    .rodata.str1.1      tft_wegui.o
    0x0800b4b2   0x0800b4b2   0x0000005f   Data   RO         1575    .rodata.str1.1      we_tft_app.o
    0x0800b511   0x0800b511   0x0000034c   Data   RO         1598    .rodata.str1.1      wegui_menu_app.o
    0x0800b85d   0x0800b85d   0x00000003   PAD
    0x0800b860   0x0800b860   0x00000008   Data   RO         1576    .rodata.string_OFF  we_tft_app.o
    0x0800b868   0x0800b868   0x00000008   Data   RO         1577    .rodata.string_ON   we_tft_app.o
    0x0800b870   0x0800b870   0x00000022   Data   RO           62    .rodata.voice_freq  main.o
    0x0800b892   0x0800b892   0x00000002   PAD
    0x0800b894   0x0800b894   0x00000020   Data   RO         1829    Region$$Table       anon$$obj.o


    Execution Region RW_IRAM1 (Exec base: 0x20000000, Load base: 0x0800b8b8, Size: 0x000016f0, Max: 0x00002000, ABSOLUTE, COMPRESSED[0x000002f8])

    Exec Addr    Load Addr    Size         Type   Attr      Idx    E Section Name        Object

    0x20000000   COMPRESSED   0x00000004   Data   RW          194    .data.SystemCoreClock  system_gd32e23x.o
    0x20000004   COMPRESSED   0x00000001   Data   RW         1533    .data.WE_Buzzer_Loop_Func.bz_lastime_mode  tft_wegui.o
    0x20000005   COMPRESSED   0x00000003   PAD
    0x20000008   COMPRESSED   0x00000060   Data   RW         1600    .data.m_Setting     wegui_menu_app.o
    0x20000068   COMPRESSED   0x00000060   Data   RW         1607    .data.m_Setting_About  wegui_menu_app.o
    0x200000c8   COMPRESSED   0x00000060   Data   RW         1608    .data.m_Setting_Gernal  wegui_menu_app.o
    0x20000128   COMPRESSED   0x00000060   Data   RW         1606    .data.m_Setting_PlayMode  wegui_menu_app.o
    0x20000188   COMPRESSED   0x00000060   Data   RW         1621    .data.m_Setting_PlayMode_PocketCardPri  wegui_menu_app.o
    0x200001e8   COMPRESSED   0x00000060   Data   RW         1617    .data.m_Setting_PlayMode_Radom  wegui_menu_app.o
    0x20000248   COMPRESSED   0x00000060   Data   RW         1619    .data.m_Setting_PlayMode_Serial  wegui_menu_app.o
    0x200002a8   COMPRESSED   0x00000060   Data   RW         1620    .data.m_Setting_PlayMode_dealtDir  wegui_menu_app.o
    0x20000308   COMPRESSED   0x00000060   Data   RW         1618    .data.m_Setting_PlayMode_dealtMode  wegui_menu_app.o
    0x20000368   COMPRESSED   0x00000060   Data   RW         1622    .data.m_Setting_Player_Pos  wegui_menu_app.o
    0x200003c8   COMPRESSED   0x00000060   Data   RW         1604    .data.m_Setting_System  wegui_menu_app.o
    0x20000428   COMPRESSED   0x00000060   Data   RW         1612    .data.m_Setting_System_Display  wegui_menu_app.o
    0x20000488   COMPRESSED   0x00000060   Data   RW         1605    .data.m_Setting_System_Langauge  wegui_menu_app.o
    0x200004e8   COMPRESSED   0x00000060   Data   RW         1609    .data.m_Setting_System_Langauge_Chinese  wegui_menu_app.o
    0x20000548   COMPRESSED   0x00000060   Data   RW         1623    .data.m_Setting_System_Langauge_English  wegui_menu_app.o
    0x200005a8   COMPRESSED   0x00000060   Data   RW         1610    .data.m_Setting_System_Remote  wegui_menu_app.o
    0x20000608   COMPRESSED   0x00000060   Data   RW         1613    .data.m_Setting_System_Sound  wegui_menu_app.o
    0x20000668   COMPRESSED   0x00000060   Data   RW         1616    .data.m_Setting_System_Sound_Tone  wegui_menu_app.o
    0x200006c8   COMPRESSED   0x00000060   Data   RW         1615    .data.m_Setting_System_Sound_Volume  wegui_menu_app.o
    0x20000728   COMPRESSED   0x00000060   Data   RW         1614    .data.m_Setting_System_Theme  wegui_menu_app.o
    0x20000788   COMPRESSED   0x00000060   Data   RW         1611    .data.m_Setting_System_Touch  wegui_menu_app.o
    0x200007e8   COMPRESSED   0x00000060   Data   RW         1599    .data.m_main        wegui_menu_app.o
    0x20000848   COMPRESSED   0x00000060   Data   RW         1597    .data.m_main_App_poker  wegui_menu_app.o
    0x200008a8   COMPRESSED   0x00000060   Data   RW         1601    .data.m_main_Player  wegui_menu_app.o
    0x20000908   COMPRESSED   0x00000060   Data   RW         1603    .data.m_main_Pocket  wegui_menu_app.o
    0x20000968   COMPRESSED   0x00000060   Data   RW         1602    .data.m_main_sheet  wegui_menu_app.o
    0x200009c8   COMPRESSED   0x00000048   Data   RW           63    .data.poker_mathine  main.o
    0x20000a10   COMPRESSED   0x00000008   Data   RW         1485    .data.we_limit_keepin  tft_driver.o
    0x20000a18   COMPRESSED   0x00000020   Data   RW         1519    .data.wegui         tft_wegui.o
    0x20000a38   COMPRESSED   0x00000020   Data   RW         1520    .data.wegui_font    tft_wegui.o
    0x20000a58        -       0x00000001   Zero   RW           74    .bss.ADC_Func.adc_delay_check  main.o
    0x20000a59        -       0x00000001   Zero   RW           73    .bss.ADC_Func.chanel_select  main.o
    0x20000a5a        -       0x00000002   Zero   RW           75    .bss.ADC_Value_Chanel_6  main.o
    0x20000a5c        -       0x00000002   Zero   RW           71    .bss.ADC_Value_Chanel_7  main.o
    0x20000a5e        -       0x00000002   Zero   RW           70    .bss.ADC_Value_Chanel_9  main.o
    0x20000a60        -       0x00000001   Zero   RW         1534    .bss.Buzzer_Mode    tft_wegui.o
    0x20000a61        -       0x00000001   Zero   RW           78    .bss.Get_irm_state_Func.counter  main.o
    0x20000a62        -       0x00000001   Zero   RW           79    .bss.Get_irm_state_Func.counter.1  main.o
    0x20000a63        -       0x00000001   Zero   RW           77    .bss.Get_irm_state_Func.get_delay  main.o
    0x20000a64        -       0x00000001   Zero   RW           76    .bss.Key_Func.key_step  main.o
    0x20000a65   COMPRESSED   0x00000003   PAD
    0x20000a68        -       0x00000020   Zero   RW          177    .bss.McuInfo        mcuinfo.o
    0x20000a88        -       0x00000001   Zero   RW         1583    .bss.Play_Cursor_GIF.fp  we_tft_app.o
    0x20000a89        -       0x00000001   Zero   RW         1584    .bss.Play_Cursor_GIF.frame  we_tft_app.o
    0x20000a8a        -       0x00000002   Zero   RW         1579    .bss.Play_Cursor_GIF.lasttime_x  we_tft_app.o
    0x20000a8c        -       0x00000002   Zero   RW         1580    .bss.Play_Cursor_GIF.lasttime_y  we_tft_app.o
    0x20000a8e        -       0x00000001   Zero   RW         1582    .bss.Play_Cursor_GIF.time  we_tft_app.o
    0x20000a8f   COMPRESSED   0x00000001   PAD
    0x20000a90        -       0x00000002   Zero   RW           64    .bss.Poker_task_func.task_stepA  main.o
    0x20000a92        -       0x00000002   Zero   RW           65    .bss.Poker_task_func.task_stepB  main.o
    0x20000a94        -       0x00000001   Zero   RW         1526    .bss.Reflash_fps.Filt_count  tft_wegui.o
    0x20000a95   COMPRESSED   0x00000001   PAD
    0x20000a96        -       0x00000002   Zero   RW         1525    .bss.Reflash_fps.fps_Filt_temp  tft_wegui.o
    0x20000a98        -       0x00000002   Zero   RW         1527    .bss.Reflash_fps.fps_filt_save  tft_wegui.o
    0x20000a9a        -       0x00000002   Zero   RW         1524    .bss.Reflash_fps.period_ms_count  tft_wegui.o
    0x20000a9c        -       0x00000800   Zero   RW         1484    .bss.TFT_UI_RAM     tft_driver.o
    0x2000129c        -       0x00000004   Zero   RW           72    .bss.TFT_display_loop_1.lasttime_menu  main.o
    0x200012a0        -       0x00000002   Zero   RW           82    .bss.T_1ms          main.o
    0x200012a2        -       0x00000001   Zero   RW         1487    .bss.b_TFT_dma_busy  tft_driver.o
    0x200012a3   COMPRESSED   0x00000001   PAD
    0x200012a4        -       0x00000004   Zero   RW          102    .bss.delay          systick.o
    0x200012a8        -       0x00000004   Zero   RW         1486    .bss.dma_colour     tft_driver.o
    0x200012ac        -       0x00000002   Zero   RW          162    .bss.key_Shufcenter  user_key.o
    0x200012ae        -       0x00000002   Zero   RW          159    .bss.key_Shufdown   user_key.o
    0x200012b0        -       0x00000002   Zero   RW          160    .bss.key_Shufleft   user_key.o
    0x200012b2        -       0x00000002   Zero   RW          161    .bss.key_Shufright  user_key.o
    0x200012b4        -       0x00000002   Zero   RW          158    .bss.key_Shufup     user_key.o
    0x200012b6        -       0x00000002   Zero   RW          152    .bss.key_left_1     user_key.o
    0x200012b8        -       0x00000002   Zero   RW          153    .bss.key_left_2     user_key.o
    0x200012ba        -       0x00000002   Zero   RW          154    .bss.key_left_3     user_key.o
    0x200012bc        -       0x00000002   Zero   RW          155    .bss.key_right_1    user_key.o
    0x200012be        -       0x00000002   Zero   RW          156    .bss.key_right_2    user_key.o
    0x200012c0        -       0x00000002   Zero   RW          157    .bss.key_right_3    user_key.o
    0x200012c2        -       0x00000002   Zero   RW          163    .bss.key_touch      user_key.o
    0x200012c4        -       0x00000001   Zero   RW           83    .bss.main.split_task  main.o
    0x200012c5        -       0x00000001   Zero   RW         1532    .bss.menu_cursor    tft_wegui.o
    0x200012c6        -       0x00000001   Zero   RW           80    .bss.spin_pointint_change.lastime_spin_irm  main.o
    0x200012c7   COMPRESSED   0x00000001   PAD
    0x200012c8        -       0x00000002   Zero   RW         1523    .bss.we_buzzer_1ms_Tstick  tft_wegui.o
    0x200012ca        -       0x00000002   Zero   RW         1535    .bss.we_bz_ms       tft_wegui.o
    0x200012cc        -       0x00000002   Zero   RW         1536    .bss.we_bz_step     tft_wegui.o
    0x200012ce        -       0x00000002   Zero   RW         1522    .bss.wegui_1ms_Tstick  tft_wegui.o
    0x200012d0        -       0x0000001c   Zero   RW         1578    .bss.wegui_par      we_tft_app.o
    0x200012ec   COMPRESSED   0x00000004   PAD
    0x200012f0        -       0x00000400   Zero   RW         1317    STACK               startup_gd32e23x.o


==============================================================================

Image component sizes


      Code (inc. data)   RO Data    RW Data    ZI Data      Debug   Object Name

         0          0       6080          0          0        717   ascii_songti.o
         0          0        380          0          0        909   ascii_vector_fonts.o
       892         44          0          0          0       7714   gd32e23x_adc.o
       560         20          0          0          0       5597   gd32e23x_dma.o
       514          0          0          0          0       4305   gd32e23x_gpio.o
        56          4          0          0          0       1127   gd32e23x_it.o
       264         20          0          0          0       3956   gd32e23x_misc.o
      1264         48          0          0          0      11343   gd32e23x_rcu.o
       372          8          0          0          0       9169   gd32e23x_spi.o
      1728         72          0          0          0      17014   gd32e23x_timer.o
       544         20          0          0          0      13764   gd32e23x_usart.o
         0          0       8710          0          0        668   hz_songti.o
      5740        420        169         72         24      13485   main.o
       356         36          4          0         32       1684   mcuinfo.o
       676         76          0          0          0       9386   st7789vw.o
        28          8        204          0       1024        732   startup_gd32e23x.o
       484         56          0          4          0       1942   system_gd32e23x.o
       292         20          0          0          4       3004   systick.o
      5122        112         24          8       2053      15237   tft_driver.o
       828         92         56          0          0       5321   tft_port_gd32e230.o
      1170         84         55         65         17       7906   tft_wegui.o
       320          8          0          0          0       2592   uart.o
       378          8          0          0         24       2248   user_key.o
      8448        308        441          0         35      16604   we_tft_app.o
         0          0        844       2496          0       5359   wegui_menu_app.o

    ----------------------------------------------------------------------
     30054       1464      17008       2648       3224     161783   Object Totals
         0          0         32          0          0          0   (incl. Generated)
        18          0          9          3         11          0   (incl. Padding)

    ----------------------------------------------------------------------

      Code (inc. data)   RO Data    RW Data    ZI Data      Debug   Library Member Name

        86          0          0          0          0          0   __dczerorl2.o
         0          0          0          0          0          0   entry.o
         0          0          0          0          0          0   entry10a.o
         0          0          0          0          0          0   entry11a.o
         8          4          0          0          0          0   entry2.o
         4          0          0          0          0          0   entry5.o
         0          0          0          0          0          0   entry7b.o
         0          0          0          0          0          0   entry8b.o
         8          4          0          0          0          0   entry9a.o
        30          0          0          0          0          0   handlers.o
        48         10          0          0          0         68   init.o
        36          0          0          0          0         60   memcpya.o

    ----------------------------------------------------------------------
       222         18          0          0          0        128   Library Totals
         2          0          0          0          0          0   (incl. Padding)

    ----------------------------------------------------------------------

      Code (inc. data)   RO Data    RW Data    ZI Data      Debug   Library Name

       220         18          0          0          0        128   mc_p.l

    ----------------------------------------------------------------------
       222         18          0          0          0        128   Library Totals

    ----------------------------------------------------------------------

==============================================================================


      Code (inc. data)   RO Data    RW Data    ZI Data      Debug   

     30276       1482      17008       2648       3224     161755   Grand Totals
     30276       1482      17008        760       3224     161755   ELF Image Totals (compressed)
     30276       1482      17008        760          0          0   ROM Totals

==============================================================================

    Total RO  Size (Code + RO Data)                47284 (  46.18kB)
    Total RW  Size (RW Data + ZI Data)              5872 (   5.73kB)
    Total ROM Size (Code + RO Data + RW Data)      48044 (  46.92kB)

==============================================================================

